# BNB 24H Clock Comparability / Normalization Audit — B27FL

- Raw loader coverage: 100.0000%
- Original B27FA–B27FK state machine reproduced exactly before normalization: YES
- Derived common local-date universe: 2022-01-02 through 2024-12-31 inclusive
- Common sessions per anchor: 1095
- Preregistered boundary expectation match: YES
- No entry, TP, SL, PnL, weekday filter, or holdout data used

## 1. Session-universe diagnosis

| Anchor | Original sessions | First local date | Last local date | Extra vs common | Extra dates |
|---|---:|---|---|---:|---|
| 00:00 | 1095 | 2022-01-02 | 2024-12-31 | 0 | - |
| 01:00 | 1095 | 2022-01-02 | 2024-12-31 | 0 | - |
| 02:00 | 1095 | 2022-01-02 | 2024-12-31 | 0 | - |
| 03:00 | 1095 | 2022-01-02 | 2024-12-31 | 0 | - |
| 04:00 | 1095 | 2022-01-02 | 2024-12-31 | 0 | - |
| 05:00 | 1095 | 2022-01-02 | 2024-12-31 | 0 | - |
| 06:00 | 1095 | 2022-01-02 | 2024-12-31 | 0 | - |
| 07:00 | 1096 | 2022-01-01 | 2024-12-31 | 1 | 2022-01-01 |
| 08:00 | 1096 | 2022-01-01 | 2024-12-31 | 1 | 2022-01-01 |
| 09:00 | 1096 | 2022-01-01 | 2024-12-31 | 1 | 2022-01-01 |
| 10:00 | 1096 | 2022-01-01 | 2024-12-31 | 1 | 2022-01-01 |
| 11:00 | 1096 | 2022-01-01 | 2024-12-31 | 1 | 2022-01-01 |
| 12:00 | 1096 | 2022-01-01 | 2024-12-31 | 1 | 2022-01-01 |
| 13:00 | 1096 | 2022-01-01 | 2024-12-31 | 1 | 2022-01-01 |
| 14:00 | 1096 | 2022-01-01 | 2024-12-31 | 1 | 2022-01-01 |
| 15:00 | 1096 | 2022-01-01 | 2024-12-31 | 1 | 2022-01-01 |
| 16:00 | 1096 | 2022-01-01 | 2024-12-31 | 1 | 2022-01-01 |
| 17:00 | 1096 | 2022-01-01 | 2024-12-31 | 1 | 2022-01-01 |
| 18:00 | 1096 | 2022-01-01 | 2024-12-31 | 1 | 2022-01-01 |
| 19:00 | 1096 | 2022-01-01 | 2024-12-31 | 1 | 2022-01-01 |
| 20:00 | 1096 | 2022-01-01 | 2024-12-31 | 1 | 2022-01-01 |
| 21:00 | 1096 | 2022-01-01 | 2024-12-31 | 1 | 2022-01-01 |
| 22:00 | 1096 | 2022-01-01 | 2024-12-31 | 1 | 2022-01-01 |
| 23:00 | 1096 | 2022-01-01 | 2024-12-31 | 1 | 2022-01-01 |

## 2. Original vs normalized structural outcomes

| Anchor | Sessions old→norm | Leaves old→norm | H2 old→norm | Rate old→norm | Δ rate | Rank old→norm |
|---|---:|---:|---:|---:|---:|---:|
| 00:00 | 1095→1095 | 137→137 | 105→105 | 76.64%→76.64% | +0.000pp | 7→7 |
| 01:00 | 1095→1095 | 162→162 | 132→132 | 81.48%→81.48% | +0.000pp | 1→1 |
| 02:00 | 1095→1095 | 162→162 | 126→126 | 77.78%→77.78% | +0.000pp | 3→3 |
| 03:00 | 1095→1095 | 142→142 | 96→96 | 67.61%→67.61% | +0.000pp | 22→22 |
| 04:00 | 1095→1095 | 142→142 | 108→108 | 76.06%→76.06% | +0.000pp | 9→9 |
| 05:00 | 1095→1095 | 141→141 | 94→94 | 66.67%→66.67% | +0.000pp | 23→23 |
| 06:00 | 1095→1095 | 148→148 | 104→104 | 70.27%→70.27% | +0.000pp | 17→17 |
| 07:00 | 1096→1095 | 149→149 | 114→114 | 76.51%→76.51% | +0.000pp | 8→8 |
| 08:00 | 1096→1095 | 143→143 | 113→113 | 79.02%→79.02% | +0.000pp | 2→2 |
| 09:00 | 1096→1095 | 161→161 | 118→118 | 73.29%→73.29% | +0.000pp | 15→15 |
| 10:00 | 1096→1095 | 175→175 | 136→136 | 77.71%→77.71% | +0.000pp | 5→5 |
| 11:00 | 1096→1095 | 159→159 | 120→120 | 75.47%→75.47% | +0.000pp | 11→11 |
| 12:00 | 1096→1095 | 161→161 | 117→117 | 72.67%→72.67% | +0.000pp | 16→16 |
| 13:00 | 1096→1095 | 183→183 | 139→139 | 75.96%→75.96% | +0.000pp | 10→10 |
| 14:00 | 1096→1095 | 162→162 | 126→126 | 77.78%→77.78% | +0.000pp | 4→4 |
| 15:00 | 1096→1095 | 178→178 | 132→132 | 74.16%→74.16% | +0.000pp | 13→13 |
| 16:00 | 1096→1095 | 157→156 | 107→106 | 68.15%→67.95% | -0.204pp | 21→21 |
| 17:00 | 1096→1095 | 142→141 | 94→93 | 66.20%→65.96% | -0.240pp | 24→24 |
| 18:00 | 1096→1095 | 127→127 | 89→89 | 70.08%→70.08% | +0.000pp | 18→18 |
| 19:00 | 1096→1095 | 133→133 | 91→91 | 68.42%→68.42% | +0.000pp | 20→20 |
| 20:00 | 1096→1095 | 129→128 | 89→88 | 68.99%→68.75% | -0.242pp | 19→19 |
| 21:00 | 1096→1095 | 145→145 | 107→107 | 73.79%→73.79% | +0.000pp | 14→14 |
| 22:00 | 1096→1095 | 147→147 | 114→114 | 77.55%→77.55% | +0.000pp | 6→6 |
| 23:00 | 1096→1095 | 145→145 | 109→109 | 75.17%→75.17% | +0.000pp | 12→12 |

## 3. Normalized 24-hour ranking

| Rank | Anchor | Sessions | Leaves | H2 | H2/leave |
|---:|---|---:|---:|---:|---:|
| 1 | 01:00 WIB **LEADER** | 1095 | 162 | 132 | 81.48% |
| 2 | 08:00 WIB | 1095 | 143 | 113 | 79.02% |
| 3 | 02:00 WIB | 1095 | 162 | 126 | 77.78% |
| 4 | 14:00 WIB | 1095 | 162 | 126 | 77.78% |
| 5 | 10:00 WIB | 1095 | 175 | 136 | 77.71% |
| 6 | 22:00 WIB | 1095 | 147 | 114 | 77.55% |
| 7 | 00:00 WIB | 1095 | 137 | 105 | 76.64% |
| 8 | 07:00 WIB | 1095 | 149 | 114 | 76.51% |
| 9 | 04:00 WIB | 1095 | 142 | 108 | 76.06% |
| 10 | 13:00 WIB | 1095 | 183 | 139 | 75.96% |
| 11 | 11:00 WIB | 1095 | 159 | 120 | 75.47% |
| 12 | 23:00 WIB | 1095 | 145 | 109 | 75.17% |
| 13 | 15:00 WIB | 1095 | 178 | 132 | 74.16% |
| 14 | 21:00 WIB | 1095 | 145 | 107 | 73.79% |
| 15 | 09:00 WIB | 1095 | 161 | 118 | 73.29% |
| 16 | 12:00 WIB | 1095 | 161 | 117 | 72.67% |
| 17 | 06:00 WIB | 1095 | 148 | 104 | 70.27% |
| 18 | 18:00 WIB | 1095 | 127 | 89 | 70.08% |
| 19 | 20:00 WIB | 1095 | 128 | 88 | 68.75% |
| 20 | 19:00 WIB | 1095 | 133 | 91 | 68.42% |
| 21 | 16:00 WIB | 1095 | 156 | 106 | 67.95% |
| 22 | 03:00 WIB | 1095 | 142 | 96 | 67.61% |
| 23 | 05:00 WIB | 1095 | 141 | 94 | 66.67% |
| 24 | 17:00 WIB | 1095 | 141 | 93 | 65.96% |

## 4. Frozen materiality flags

- Original leader: 01:00 WIB
- Normalized leader: 01:00 WIB
- Leader changed: NO
- Original top-six set: [1, 2, 8, 10, 14, 22]
- Normalized top-six set: [1, 2, 8, 10, 14, 22]
- Top-six composition changed: NO
- Maximum absolute H2/leave rate shift: 0.242pp at 20:00 WIB
- Any >=1.0pp material rate shift: NO
- Audit classification: **COMPARABILITY_STABLE**

## Interpretation boundary

B27FL audits cross-clock comparability only. A stable normalized ranking supports treating the temporal ranking as not being an artifact of unequal boundary-session counts. It does not establish an executable or profitable trading edge.

**Status: B27FL_BNB_CLOCK_NORMALIZATION_AUDIT_COMPLETE**

STOP: do not define an entry, select weekdays, or reveal holdout data inside B27FL.
