2024-12-06 SHORT p=0.5436 LOSS pnl=-7.250
2024-12-13 LONG p=0.3711 LOSS pnl=-7.250
2024-12-20 LONG p=0.5579 LOSS pnl=-7.250
2024-12-27 SHORT p=0.4533 LOSS pnl=-7.250
2025-01-03 LONG p=0.4107 LOSS pnl=-7.250
2025-01-10 SHORT p=0.5467 LOSS pnl=-7.250
2025-01-17 LONG p=0.3814 LOSS pnl=-7.250
2025-01-24 LONG p=0.6013 WIN pnl=5.750
2025-01-31 LONG p=0.4354 LOSS pnl=-7.250
2025-02-07 LONG p=0.5040 LOSS pnl=-7.250
2025-02-14 LONG p=0.4085 LOSS pnl=-7.250
2025-02-21 LONG p=0.5940 LOSS pnl=-7.250
2025-02-28 LONG p=0.6214 LOSS pnl=-7.250
2025-03-07 SHORT p=0.5550 LOSS pnl=-7.250
2025-03-14 SHORT p=0.4899 LOSS pnl=-7.250
2025-03-21 LONG p=0.4545 LOSS pnl=-7.250
2025-03-28 SHORT p=0.4330 LOSS pnl=-7.250
2025-04-04 LONG p=0.6018 WIN pnl=5.750
2025-04-11 LONG p=0.5008 LOSS pnl=-7.250
2025-04-18 LONG p=0.4007 LOSS pnl=-7.250
2025-04-25 LONG p=0.3647 LOSS pnl=-7.250
2025-05-02 LONG p=0.3217 LOSS pnl=-7.250
2025-05-09 LONG p=0.3319 LOSS pnl=-7.250
2025-05-16 LONG p=0.3789 LOSS pnl=-7.250
2025-05-23 LONG p=0.4705 LOSS pnl=-7.250
2025-05-30 LONG p=0.5136 WIN pnl=5.750
2025-06-06 LONG p=0.4641 LOSS pnl=-7.250
2025-06-13 SHORT p=0.5073 LOSS pnl=-7.250
2025-06-20 SHORT p=0.4381 WIN pnl=5.750
2025-06-27 LONG p=0.3172 LOSS pnl=-7.250
2025-07-04 SHORT p=0.3665 LOSS pnl=-7.250
2025-07-11 SHORT p=0.3860 LOSS pnl=-7.250
2025-07-18 LONG p=0.3186 LOSS pnl=-7.250
2025-07-25 LONG p=0.3754 LOSS pnl=-7.250
2025-08-01 LONG p=0.4415 LOSS pnl=-7.250
2025-08-08 LONG p=0.3137 LOSS pnl=-7.250
2025-08-15 SHORT p=0.3289 LOSS pnl=-7.250
2025-08-22 LONG p=0.5424 WIN pnl=5.750
2025-08-29 SHORT p=0.4679 LOSS pnl=-7.250
2025-09-05 SHORT p=0.4900 LOSS pnl=-7.250
2025-09-12 LONG p=0.2694 LOSS pnl=-7.250
2025-09-19 LONG p=0.2471 LOSS pnl=-7.250
2025-09-26 LONG p=0.4450 LOSS pnl=-7.250
2025-10-03 SHORT p=0.4565 LOSS pnl=-7.250
2025-10-10 SHORT p=0.4460 WIN pnl=5.750
2025-10-17 SHORT p=0.5770 WIN pnl=5.750
2025-10-24 LONG p=0.4156 LOSS pnl=-7.250
2025-10-31 SHORT p=0.5634 LOSS pnl=-7.250
2025-11-07 LONG p=0.4473 WIN pnl=5.750
2025-11-14 LONG p=0.5111 LOSS pnl=-7.250
2025-11-21 LONG p=0.6359 WIN pnl=5.750
2025-11-28 SHORT p=0.4279 LOSS pnl=-7.250
2025-12-05 SHORT p=0.4589 LOSS pnl=-7.250
2025-12-12 LONG p=0.5353 WIN pnl=5.750
2025-12-19 SHORT p=0.5541 WIN pnl=5.750
2025-12-26 SHORT p=0.5505 LOSS pnl=-7.250
2026-01-02 SHORT p=0.4696 LOSS pnl=-7.250
2026-01-09 LONG p=0.4322 LOSS pnl=-7.250
2026-01-16 SHORT p=0.3966 LOSS pnl=-7.250
2026-01-23 SHORT p=0.4607 LOSS pnl=-7.250
2026-01-30 SHORT p=0.5174 LOSS pnl=-7.250
2026-02-06 LONG p=0.6327 WIN pnl=5.750
2026-02-13 LONG p=0.4655 LOSS pnl=-7.250
2026-02-20 SHORT p=0.4875 LOSS pnl=-7.250
2026-02-27 SHORT p=0.4734 WIN pnl=5.750
2026-03-06 LONG p=0.4818 LOSS pnl=-7.250
2026-03-13 LONG p=0.4700 LOSS pnl=-7.250
2026-03-20 LONG p=0.4755 WIN pnl=5.750
2026-03-27 SHORT p=0.5612 LOSS pnl=-7.250
2026-04-03 SHORT p=0.5746 LOSS pnl=-7.250
2026-04-10 LONG p=0.4246 LOSS pnl=-7.250
2026-04-17 LONG p=0.4721 LOSS pnl=-7.250
2026-04-24 LONG p=0.4383 LOSS pnl=-7.250
2026-05-01 LONG p=0.3793 LOSS pnl=-7.250
2026-05-08 LONG p=0.3507 LOSS pnl=-7.250
2026-05-15 SHORT p=0.4627 LOSS pnl=-7.250
2026-05-22 LONG p=0.4256 LOSS pnl=-7.250
2026-05-29 LONG p=0.4147 LOSS pnl=-7.250
2026-06-05 SHORT p=0.5428 WIN pnl=5.750
2026-06-12 LONG p=0.3993 LOSS pnl=-7.250
2026-06-19 SHORT p=0.4638 LOSS pnl=-7.250
2026-06-26 SHORT p=0.5314 LOSS pnl=-7.250
2026-07-03 LONG p=0.4696 LOSS pnl=-7.250
2026-07-10 LONG p=0.4254 LOSS pnl=-7.250
2026-07-17 SHORT p=0.4063 LOSS pnl=-7.250
2026-07-24 SHORT p=0.3589 LOSS pnl=-7.250
{
  "protocol": "C6",
  "source_join_rows": 13189,
  "friday_dates_total": 138,
  "warmup_fridays": 52,
  "oos_fridays_scored": 86,
  "threshold": 0.8,
  "selected_trades": {
    "n": 0,
    "wins": 0,
    "wr": null,
    "pnl": 0.0,
    "exp": null,
    "pf": null
  },
  "trade_coverage_pct": 0.0,
  "side": {
    "LONG": {
      "n": 0,
      "wins": 0,
      "wr": null,
      "pnl": 0.0,
      "exp": null,
      "pf": null
    },
    "SHORT": {
      "n": 0,
      "wins": 0,
      "wr": null,
      "pnl": 0.0,
      "exp": null,
      "pf": null
    }
  },
  "blocks": {
    "B1": {
      "scored_fridays": 22,
      "n": 0,
      "wins": 0,
      "wr": null,
      "pnl": 0.0,
      "exp": null,
      "pf": null
    },
    "B2": {
      "scored_fridays": 22,
      "n": 0,
      "wins": 0,
      "wr": null,
      "pnl": 0.0,
      "exp": null,
      "pf": null
    },
    "B3": {
      "scored_fridays": 21,
      "n": 0,
      "wins": 0,
      "wr": null,
      "pnl": 0.0,
      "exp": null,
      "pf": null
    },
    "B4": {
      "scored_fridays": 21,
      "n": 0,
      "wins": 0,
      "wr": null,
      "pnl": 0.0,
      "exp": null,
      "pf": null
    }
  },
  "qualifying_blocks": 0,
  "calibration": {
    "<0.50": {
      "n": 60,
      "wins": 5,
      "wr": 0.08333333333333333,
      "mean_confidence": 0.4155331335694523,
      "pnl": -369.99999999999994
    },
    "0.50-0.60": {
      "n": 21,
      "wins": 6,
      "wr": 0.2857142857142857,
      "mean_confidence": 0.5421038856169919,
      "pnl": -74.24999999999999
    },
    "0.60-0.70": {
      "n": 5,
      "wins": 4,
      "wr": 0.8,
      "mean_confidence": 0.6186054758389582,
      "pnl": 15.75
    },
    "0.70-0.80": {
      "n": 0,
      "wins": 0,
      "wr": null,
      "mean_confidence": null,
      "pnl": 0.0
    },
    ">=0.80": {
      "n": 0,
      "wins": 0,
      "wr": null,
      "mean_confidence": null,
      "pnl": 0.0
    }
  },
  "integrity": {
    "source_outcome_mismatches": 0,
    "training_current_friday_leaks": 0,
    "total": 0
  },
  "model": {
    "type": "HistGradientBoostingClassifier",
    "learning_rate": 0.05,
    "max_iter": 100,
    "max_depth": 3,
    "min_samples_leaf": 30,
    "l2_regularization": 1.0,
    "random_state": 20260819
  },
  "features": [
    "signal_ret",
    "body_ratio",
    "upper_ratio",
    "lower_ratio",
    "close_pos",
    "range_open",
    "prior1h_ret",
    "taker_imbalance",
    "taker_delta_vs_prior3",
    "rel_quote_volume_24h",
    "rel_range_prior12",
    "top_vs_global",
    "top_pos_chg15",
    "global_chg15",
    "taker_log",
    "oi_chg15",
    "oi_chg60"
  ],
  "verdict": "REJECT_C6_SELECTIVE_AI_IDENTIFIER",
  "guardrail": "One top candidate per pseudo-OOS Friday; fixed p>=0.80; no post-result threshold/model/feature rescue."
}
