Traceback (most recent call last):
  File "/home/runner/work/bababot-discovery/bababot-discovery/research/tuesday_a511_true_oos_august.py", line 256, in <module>
    if __name__=='__main__':main()
                            ^^^^^^
  File "/home/runner/work/bababot-discovery/bababot-discovery/research/tuesday_a511_true_oos_august.py", line 198, in main
    k=load_extended()
      ^^^^^^^^^^^^^^^
  File "/home/runner/work/bababot-discovery/bababot-discovery/research/tuesday_a511_true_oos_august.py", line 66, in load_extended
    daily=[h57.parse_kline_zip(d) for d in h57.days(DAILY_START,DAILY_END)]
          ^^^^^^^^^^^^^^^^^^^^^^^^^^^^^^^^^^^^^^^^^^^^^^^^^^^^^^^^^^^^^^^^^
  File "/home/runner/work/bababot-discovery/bababot-discovery/research/tuesday_a511_true_oos_august.py", line 66, in <listcomp>
    daily=[h57.parse_kline_zip(d) for d in h57.days(DAILY_START,DAILY_END)]
           ^^^^^^^^^^^^^^^^^^^^^^
  File "/home/runner/work/bababot-discovery/bababot-discovery/research/s57h_true_oos_extension.py", line 86, in parse_kline_zip
    df = read_zip(url, f"{SYMBOL}-5m-{ds}.zip")
         ^^^^^^^^^^^^^^^^^^^^^^^^^^^^^^^^^^^^^^
  File "/home/runner/work/bababot-discovery/bababot-discovery/research/s57h_true_oos_extension.py", line 74, in read_zip
    data = get_bytes(url, name)
           ^^^^^^^^^^^^^^^^^^^^
  File "/home/runner/work/bababot-discovery/bababot-discovery/research/s57h_true_oos_extension.py", line 68, in get_bytes
    r.raise_for_status()
  File "/opt/hostedtoolcache/Python/3.11.15/x64/lib/python3.11/site-packages/requests/models.py", line 1167, in raise_for_status
    raise HTTPError(http_error_msg, response=self)
requests.exceptions.HTTPError: 404 Client Error: Not Found for url: https://data.binance.vision/data/futures/um/daily/klines/BTCUSDT/5m/BTCUSDT-5m-2026-08-18.zip
