{
  "protocol": "C9A",
  "aligned_rows": 95232,
  "friday_dates": 141,
  "events": 181,
  "discovery": {
    "n": 105,
    "wins": 27,
    "wr": 0.2571428571428571,
    "pnl": -410.24999999999994,
    "exp": -3.9071428571428566,
    "pf": 0.27453580901856767
  },
  "validation": {
    "n": 76,
    "wins": 28,
    "wr": 0.3684210526315789,
    "pnl": -186.99999999999997,
    "exp": -2.4605263157894735,
    "pf": 0.4626436781609196
  },
  "full": {
    "n": 181,
    "wins": 55,
    "wr": 0.30386740331491713,
    "pnl": -597.2499999999999,
    "exp": -3.2997237569060767,
    "pf": 0.34619594964422556
  },
  "direction_descriptive": {
    "LONG": {
      "n": 87,
      "wins": 21,
      "wr": 0.2413793103448276,
      "pnl": -357.74999999999994,
      "exp": -4.112068965517241,
      "pf": 0.2523510971786834
    },
    "SHORT": {
      "n": 94,
      "wins": 34,
      "wr": 0.3617021276595745,
      "pnl": -239.49999999999997,
      "exp": -2.5478723404255317,
      "pf": 0.4494252873563219
    }
  },
  "blocks": {
    "B1": {
      "n": 39,
      "wins": 10,
      "wr": 0.2564102564102564,
      "pnl": -152.74999999999997,
      "exp": -3.916666666666666,
      "pf": 0.2734839476813318
    },
    "B2": {
      "n": 41,
      "wins": 12,
      "wr": 0.2926829268292683,
      "pnl": -141.24999999999997,
      "exp": -3.4451219512195115,
      "pf": 0.32818073721759816
    },
    "B3": {
      "n": 52,
      "wins": 15,
      "wr": 0.28846153846153844,
      "pnl": -181.99999999999997,
      "exp": -3.4999999999999996,
      "pf": 0.3215284249767009
    },
    "B4": {
      "n": 49,
      "wins": 18,
      "wr": 0.3673469387755102,
      "pnl": -121.24999999999999,
      "exp": -2.474489795918367,
      "pf": 0.460511679644049
    }
  },
  "promotion_quality_blocks": 0,
  "integrity_violations": 0,
  "verdict": "REJECT_C9A_SPOT_LEAD_IDENTIFIER"
}
