{
  "protocol": "BTC_ORB_B4_TOP2_WEEK",
  "opportunities": 3284,
  "results": [
    {
      "ranking": "ext_score",
      "rr": "R100",
      "trades_per_week": 2.0,
      "disc": {
        "n": 267,
        "wins": 133,
        "wr": 0.49812734082397003,
        "exp": -0.001071175381380802,
        "pf": 0.7685514155118013
      },
      "val": {
        "n": 115,
        "wins": 59,
        "wr": 0.5130434782608696,
        "exp": -0.000767895547410172,
        "pf": 0.7910873859106291
      },
      "pooled": {
        "n": 382,
        "wins": 192,
        "wr": 0.5026178010471204,
        "exp": -0.0009798738606828375,
        "pf": 0.774295467151824
      },
      "blocks": [
        {
          "n": 95,
          "wins": 44,
          "wr": 0.4631578947368421,
          "exp": -0.0007978909156904428,
          "pf": 0.8127639310452509
        },
        {
          "n": 96,
          "wins": 56,
          "wr": 0.5833333333333334,
          "exp": -0.0002553817700796204,
          "pf": 0.9428090895815641
        },
        {
          "n": 95,
          "wins": 42,
          "wr": 0.4421052631578947,
          "exp": -0.0023797003924620635,
          "pf": 0.5249685341580246
        },
        {
          "n": 96,
          "wins": 50,
          "wr": 0.5208333333333334,
          "exp": -0.0004992082351949198,
          "pf": 0.862678480636327
        }
      ]
    },
    {
      "ranking": "ext_score",
      "rr": "R125",
      "trades_per_week": 2.0,
      "disc": {
        "n": 267,
        "wins": 124,
        "wr": 0.46441947565543074,
        "exp": -0.0007571439839850989,
        "pf": 0.8428332795490011
      },
      "val": {
        "n": 115,
        "wins": 55,
        "wr": 0.4782608695652174,
        "exp": -0.0006274776712693273,
        "pf": 0.8386111171054037
      },
      "pooled": {
        "n": 382,
        "wins": 179,
        "wr": 0.468586387434555,
        "exp": -0.000718108313926686,
        "pf": 0.8417441895097241
      },
      "blocks": [
        {
          "n": 95,
          "wins": 39,
          "wr": 0.4105263157894737,
          "exp": -0.0007505690223762236,
          "pf": 0.8320186477680388
        },
        {
          "n": 96,
          "wins": 54,
          "wr": 0.5625,
          "exp": 0.0005294347199951291,
          "pf": 1.1167963406317791
        },
        {
          "n": 95,
          "wins": 37,
          "wr": 0.3894736842105263,
          "exp": -0.0026492956766557842,
          "pf": 0.5145337712834023
        },
        {
          "n": 96,
          "wins": 49,
          "wr": 0.5104166666666666,
          "exp": -2.2457944077976418e-05,
          "pf": 0.9939320307552016
        }
      ]
    },
    {
      "ranking": "ext_body_score",
      "rr": "R100",
      "trades_per_week": 2.0,
      "disc": {
        "n": 267,
        "wins": 125,
        "wr": 0.4681647940074906,
        "exp": -0.0014211134514613612,
        "pf": 0.7135571918168593
      },
      "val": {
        "n": 115,
        "wins": 55,
        "wr": 0.4782608695652174,
        "exp": -0.001353339577692067,
        "pf": 0.6817517644737059
      },
      "pooled": {
        "n": 382,
        "wins": 180,
        "wr": 0.4712041884816754,
        "exp": -0.0014007103219234845,
        "pf": 0.7049813322760444
      },
      "blocks": [
        {
          "n": 95,
          "wins": 42,
          "wr": 0.4421052631578947,
          "exp": -0.0009592594753581467,
          "pf": 0.7925141296775747
        },
        {
          "n": 96,
          "wins": 52,
          "wr": 0.5416666666666666,
          "exp": -0.0009241748425443582,
          "pf": 0.8137210287101059
        },
        {
          "n": 95,
          "wins": 37,
          "wr": 0.3894736842105263,
          "exp": -0.0031286309644615777,
          "pf": 0.438802492755904
        },
        {
          "n": 96,
          "wins": 49,
          "wr": 0.5104166666666666,
          "exp": -0.0006041767323712387,
          "pf": 0.8426371092479201
        }
      ]
    },
    {
      "ranking": "ext_body_score",
      "rr": "R125",
      "trades_per_week": 2.0,
      "disc": {
        "n": 267,
        "wins": 117,
        "wr": 0.43820224719101125,
        "exp": -0.0010333423823607071,
        "pf": 0.7985307398787169
      },
      "val": {
        "n": 115,
        "wins": 51,
        "wr": 0.4434782608695652,
        "exp": -0.0011022761257451867,
        "pf": 0.7542820536589626
      },
      "pooled": {
        "n": 382,
        "wins": 168,
        "wr": 0.4397905759162304,
        "exp": -0.0010540946873062965,
        "pf": 0.7864229953395696
      },
      "blocks": [
        {
          "n": 95,
          "wins": 37,
          "wr": 0.3894736842105263,
          "exp": -0.0007517688076992126,
          "pf": 0.8443544142572961
        },
        {
          "n": 96,
          "wins": 50,
          "wr": 0.5208333333333334,
          "exp": -0.000206792748656827,
          "pf": 0.9588782173541893
        },
        {
          "n": 95,
          "wins": 34,
          "wr": 0.35789473684210527,
          "exp": -0.0032105530868086125,
          "pf": 0.4597758989768866
        },
        {
          "n": 96,
          "wins": 47,
          "wr": 0.4895833333333333,
          "exp": -6.657798647610937e-05,
          "pf": 0.9831419482958782
        }
      ]
    },
    {
      "ranking": "ext_score",
      "rr": "R150",
      "trades_per_week": 2.0,
      "disc": {
        "n": 267,
        "wins": 116,
        "wr": 0.4344569288389513,
        "exp": -0.0006435943805673027,
        "pf": 0.8722700774520522
      },
      "val": {
        "n": 115,
        "wins": 50,
        "wr": 0.43478260869565216,
        "exp": -0.0007879689742623963,
        "pf": 0.8106466889244762
      },
      "pooled": {
        "n": 382,
        "wins": 166,
        "wr": 0.43455497382198954,
        "exp": -0.0006870579362608518,
        "pf": 0.8561011912203305
      },
      "blocks": [
        {
          "n": 95,
          "wins": 36,
          "wr": 0.37894736842105264,
          "exp": -0.0007014808716444516,
          "pf": 0.8495864563592456
        },
        {
          "n": 96,
          "wins": 52,
          "wr": 0.5416666666666666,
          "exp": 0.0009226166114438177,
          "pf": 1.1951480042734925
        },
        {
          "n": 95,
          "wins": 33,
          "wr": 0.3473684210526316,
          "exp": -0.0028624337333384886,
          "pf": 0.5030630897250669
        },
        {
          "n": 96,
          "wins": 45,
          "wr": 0.46875,
          "exp": -0.000129744154967423,
          "pf": 0.9672020253631978
        }
      ]
    },
    {
      "ranking": "ext_body_score",
      "rr": "R150",
      "trades_per_week": 2.0,
      "disc": {
        "n": 267,
        "wins": 110,
        "wr": 0.41198501872659177,
        "exp": -0.0008812790273832242,
        "pf": 0.8347378625675805
      },
      "val": {
        "n": 115,
        "wins": 46,
        "wr": 0.4,
        "exp": -0.0013076612492460772,
        "pf": 0.7252422191387858
      },
      "pooled": {
        "n": 382,
        "wins": 156,
        "wr": 0.4083769633507853,
        "exp": -0.0010096401674728264,
        "pf": 0.8043342853416919
      },
      "blocks": [
        {
          "n": 95,
          "wins": 35,
          "wr": 0.3684210526315789,
          "exp": -0.0005558225501764254,
          "pf": 0.8882957711568557
        },
        {
          "n": 96,
          "wins": 48,
          "wr": 0.5,
          "exp": 0.00015491719308853203,
          "pf": 1.0296572047805777
        },
        {
          "n": 95,
          "wins": 30,
          "wr": 0.3157894736842105,
          "exp": -0.0034482597068897954,
          "pf": 0.44791965875019757
        },
        {
          "n": 96,
          "wins": 43,
          "wr": 0.4479166666666667,
          "exp": -0.0002100706259357068,
          "pf": 0.9500322376362995
        }
      ]
    }
  ]
}
