{
  "protocol": "C0",
  "dates": {
    "n": 142,
    "discovery_n": 99,
    "validation_n": 43,
    "first": "2023-12-01",
    "last": "2026-08-14"
  },
  "rows": 3407,
  "features": [
    "signal_ret",
    "body_ratio",
    "upper_ratio",
    "lower_ratio",
    "close_pos",
    "range_open",
    "direction",
    "range_ratio_prev3median",
    "body_delta_prev3median",
    "upper_delta_prev3median",
    "lower_delta_prev3median",
    "prior3h_ret",
    "signal_minus_prior3avg"
  ],
  "discovery_medians": {
    "signal_ret": 0.00012561060265281476,
    "body_ratio": 0.438268506262077,
    "upper_ratio": 0.23192128511632426,
    "lower_ratio": 0.24383967965407632,
    "close_pos": 0.5136962057550429,
    "range_open": 0.006247305056700654,
    "direction": 1.0,
    "range_ratio_prev3median": 0.9621173719337172,
    "body_delta_prev3median": -0.0021505980141088843,
    "upper_delta_prev3median": -0.00039062893873447954,
    "lower_delta_prev3median": -0.0036543399867165205,
    "prior3h_ret": 0.0004681886626621834,
    "signal_minus_prior3avg": -7.830925211677053e-05
  },
  "leaf_reports": {
    "cont": [
      {
        "mode": "cont",
        "leaf": 2,
        "predicted_class": 0,
        "rule": "close_pos <= 0.36064751 AND range_open <= 0.014041745",
        "path": [
          [
            "close_pos",
            "<=",
            0.360647514462471
          ],
          [
            "range_open",
            "<=",
            0.014041745103895664
          ]
        ],
        "n": 752,
        "wins": 260,
        "wr": 0.34574468085106386,
        "pnl": -1189.2645501367667,
        "exp": -1.5814688166712323,
        "pf": 0.4523285197553166
      },
      {
        "mode": "cont",
        "leaf": 3,
        "predicted_class": 1,
        "rule": "close_pos <= 0.36064751 AND range_open > 0.014041745",
        "path": [
          [
            "close_pos",
            "<=",
            0.360647514462471
          ],
          [
            "range_open",
            ">",
            0.014041745103895664
          ]
        ],
        "n": 100,
        "wins": 55,
        "wr": 0.55,
        "pnl": 11.605587448714406,
        "exp": 0.11605587448714406,
        "pf": 1.0425103211742928
      },
      {
        "mode": "cont",
        "leaf": 5,
        "predicted_class": 0,
        "rule": "close_pos > 0.36064751 AND body_ratio <= 0.80671072",
        "path": [
          [
            "close_pos",
            ">",
            0.360647514462471
          ],
          [
            "body_ratio",
            "<=",
            0.8067107200622559
          ]
        ],
        "n": 1407,
        "wins": 633,
        "wr": 0.44989339019189767,
        "pnl": -880.1988806992343,
        "exp": -0.6255855584216307,
        "pf": 0.7377096445786602
      },
      {
        "mode": "cont",
        "leaf": 6,
        "predicted_class": 1,
        "rule": "close_pos > 0.36064751 AND body_ratio > 0.80671072",
        "path": [
          [
            "close_pos",
            ">",
            0.360647514462471
          ],
          [
            "body_ratio",
            ">",
            0.8067107200622559
          ]
        ],
        "n": 117,
        "wins": 70,
        "wr": 0.5982905982905983,
        "pnl": 103.66450308573364,
        "exp": 0.8860213938951593,
        "pf": 1.575932879067751
      }
    ],
    "rev": [
      {
        "mode": "rev",
        "leaf": 2,
        "predicted_class": 0,
        "rule": "close_pos <= 0.36064751 AND signal_ret <= -0.0088109463",
        "path": [
          [
            "close_pos",
            "<=",
            0.360647514462471
          ],
          [
            "signal_ret",
            "<=",
            -0.008810946252197027
          ]
        ],
        "n": 102,
        "wins": 39,
        "wr": 0.38235294117647056,
        "pnl": -176.02709464498847,
        "exp": -1.7257558298528282,
        "pf": 0.53187646753853
      },
      {
        "mode": "rev",
        "leaf": 3,
        "predicted_class": 1,
        "rule": "close_pos <= 0.36064751 AND signal_ret > -0.0088109463",
        "path": [
          [
            "close_pos",
            "<=",
            0.360647514462471
          ],
          [
            "signal_ret",
            ">",
            -0.008810946252197027
          ]
        ],
        "n": 750,
        "wins": 409,
        "wr": 0.5453333333333333,
        "pnl": 36.68605733304157,
        "exp": 0.04891474311072209,
        "pf": 1.0252560061480385
      },
      {
        "mode": "rev",
        "leaf": 5,
        "predicted_class": 1,
        "rule": "close_pos > 0.36064751 AND body_ratio <= 0.066112891",
        "path": [
          [
            "close_pos",
            ">",
            0.360647514462471
          ],
          [
            "body_ratio",
            "<=",
            0.06611289083957672
          ]
        ],
        "n": 108,
        "wins": 60,
        "wr": 0.5555555555555556,
        "pnl": 21.092680988548285,
        "exp": 0.19530260174581746,
        "pf": 1.097933552964786
      },
      {
        "mode": "rev",
        "leaf": 6,
        "predicted_class": 0,
        "rule": "close_pos > 0.36064751 AND body_ratio > 0.066112891",
        "path": [
          [
            "close_pos",
            ">",
            0.360647514462471
          ],
          [
            "body_ratio",
            ">",
            0.06611289083957672
          ]
        ],
        "n": 1416,
        "wins": 578,
        "wr": 0.4081920903954802,
        "pnl": -1556.558303375046,
        "exp": -1.0992643385416991,
        "pf": 0.5850513867655666
      }
    ]
  },
  "baseline": {
    "cont": {
      "discovery": {
        "n": 2376,
        "wins": 1018,
        "wr": 0.42845117845117847,
        "pnl": -1954.1933403015553,
        "exp": -0.8224719445713616,
        "pf": 0.6732288480216959
      },
      "validation": {
        "n": 1031,
        "wins": 423,
        "wr": 0.41028128031037825,
        "pnl": -896.917139497359,
        "exp": -0.8699487289014152,
        "pf": 0.6444203360596555
      },
      "full": {
        "n": 3407,
        "wins": 1441,
        "wr": 0.4229527443498679,
        "pnl": -2851.110479798913,
        "exp": -0.8368390019955717,
        "pf": 0.664682543749161
      }
    },
    "rev": {
      "discovery": {
        "n": 2376,
        "wins": 1086,
        "wr": 0.45707070707070707,
        "pnl": -1674.8066596984454,
        "exp": -0.7048849577855409,
        "pf": 0.7110000381013779
      },
      "validation": {
        "n": 1031,
        "wins": 467,
        "wr": 0.45295829291949563,
        "pnl": -766.5828605026411,
        "exp": -0.7435333273546471,
        "pf": 0.6834892889629096
      },
      "full": {
        "n": 3407,
        "wins": 1553,
        "wr": 0.45582624009392425,
        "pnl": -2441.3895202010863,
        "exp": -0.7165804285885196,
        "pf": 0.7028913359037106
      }
    }
  },
  "selected": null,
  "verdict": "REJECT_C0_80_CANDLE_IDENTIFIER",
  "reason": "No continuation/reversal discovery leaf met N>=100 and WR>=80%."
}
