B27DC run start
commit=51bde7ecb3d93a324cbd63c265c1c54df6ecbcd0
compile_exit_code=0
Traceback (most recent call last):
  File "/opt/hostedtoolcache/Python/3.11.16/x64/lib/python3.11/site-packages/pandas/core/frame.py", line 4913, in _set_value
    self._mgr.column_setitem(icol, iindex, value, inplace_only=True)
  File "/opt/hostedtoolcache/Python/3.11.16/x64/lib/python3.11/site-packages/pandas/core/internals/managers.py", line 1539, in column_setitem
    col_mgr.setitem_inplace(idx, value)
  File "/opt/hostedtoolcache/Python/3.11.16/x64/lib/python3.11/site-packages/pandas/core/internals/managers.py", line 2247, in setitem_inplace
    arr[indexer] = value
    ~~~^^^^^^^^^
  File "/opt/hostedtoolcache/Python/3.11.16/x64/lib/python3.11/site-packages/pandas/core/arrays/datetimelike.py", line 449, in __setitem__
    super().__setitem__(key, value)
  File "/opt/hostedtoolcache/Python/3.11.16/x64/lib/python3.11/site-packages/pandas/core/arrays/_mixins.py", line 272, in __setitem__
    value = self._validate_setitem_value(value)
            ^^^^^^^^^^^^^^^^^^^^^^^^^^^^^^^^^^^
  File "/opt/hostedtoolcache/Python/3.11.16/x64/lib/python3.11/site-packages/pandas/core/arrays/datetimelike.py", line 741, in _validate_setitem_value
    return self._validate_scalar(value, allow_listlike=True)
           ^^^^^^^^^^^^^^^^^^^^^^^^^^^^^^^^^^^^^^^^^^^^^^^^^
  File "/opt/hostedtoolcache/Python/3.11.16/x64/lib/python3.11/site-packages/pandas/core/arrays/datetimelike.py", line 638, in _validate_scalar
    return self._unbox_scalar(value)
           ^^^^^^^^^^^^^^^^^^^^^^^^^
  File "/opt/hostedtoolcache/Python/3.11.16/x64/lib/python3.11/site-packages/pandas/core/arrays/datetimes.py", line 545, in _unbox_scalar
    self._check_compatible_with(value)
  File "/opt/hostedtoolcache/Python/3.11.16/x64/lib/python3.11/site-packages/pandas/core/arrays/datetimes.py", line 557, in _check_compatible_with
    self._assert_tzawareness_compat(other)
  File "/opt/hostedtoolcache/Python/3.11.16/x64/lib/python3.11/site-packages/pandas/core/arrays/datetimes.py", line 796, in _assert_tzawareness_compat
    raise TypeError(
TypeError: Cannot compare tz-naive and tz-aware datetime-like objects.

During handling of the above exception, another exception occurred:

Traceback (most recent call last):
  File "/opt/hostedtoolcache/Python/3.11.16/x64/lib/python3.11/site-packages/pandas/core/internals/blocks.py", line 1669, in setitem
    values[indexer] = value
    ~~~~~~^^^^^^^^^
  File "/opt/hostedtoolcache/Python/3.11.16/x64/lib/python3.11/site-packages/pandas/core/arrays/datetimelike.py", line 449, in __setitem__
    super().__setitem__(key, value)
  File "/opt/hostedtoolcache/Python/3.11.16/x64/lib/python3.11/site-packages/pandas/core/arrays/_mixins.py", line 272, in __setitem__
    value = self._validate_setitem_value(value)
            ^^^^^^^^^^^^^^^^^^^^^^^^^^^^^^^^^^^
  File "/opt/hostedtoolcache/Python/3.11.16/x64/lib/python3.11/site-packages/pandas/core/arrays/datetimelike.py", line 741, in _validate_setitem_value
    return self._validate_scalar(value, allow_listlike=True)
           ^^^^^^^^^^^^^^^^^^^^^^^^^^^^^^^^^^^^^^^^^^^^^^^^^
  File "/opt/hostedtoolcache/Python/3.11.16/x64/lib/python3.11/site-packages/pandas/core/arrays/datetimelike.py", line 638, in _validate_scalar
    return self._unbox_scalar(value)
           ^^^^^^^^^^^^^^^^^^^^^^^^^
  File "/opt/hostedtoolcache/Python/3.11.16/x64/lib/python3.11/site-packages/pandas/core/arrays/datetimes.py", line 545, in _unbox_scalar
    self._check_compatible_with(value)
  File "/opt/hostedtoolcache/Python/3.11.16/x64/lib/python3.11/site-packages/pandas/core/arrays/datetimes.py", line 557, in _check_compatible_with
    self._assert_tzawareness_compat(other)
  File "/opt/hostedtoolcache/Python/3.11.16/x64/lib/python3.11/site-packages/pandas/core/arrays/datetimes.py", line 796, in _assert_tzawareness_compat
    raise TypeError(
TypeError: Cannot compare tz-naive and tz-aware datetime-like objects.

During handling of the above exception, another exception occurred:

Traceback (most recent call last):
  File "/home/runner/work/bababot-discovery/bababot-discovery/research/btc_24h_causal_abort_econ_b27dc.py", line 206, in <module>
    if __name__=='__main__':main()
                            ^^^^^^
  File "/home/runner/work/bababot-discovery/bababot-discovery/research/btc_24h_causal_abort_econ_b27dc.py", line 158, in main
    for rule in RULES: allrows.append(apply_rule(x5,z,scores,rule))
                                      ^^^^^^^^^^^^^^^^^^^^^^^^^^^^
  File "/home/runner/work/bababot-discovery/bababot-discovery/research/btc_24h_causal_abort_econ_b27dc.py", line 112, in apply_rule
    d.at[i,'abort_ts']=t; d.at[i,'abort_px']=float(x5.loc[t,'open'])
    ~~~~^^^^^^^^^^^^^^
  File "/opt/hostedtoolcache/Python/3.11.16/x64/lib/python3.11/site-packages/pandas/core/indexing.py", line 2592, in __setitem__
    return super().__setitem__(key, value)
           ^^^^^^^^^^^^^^^^^^^^^^^^^^^^^^^
  File "/opt/hostedtoolcache/Python/3.11.16/x64/lib/python3.11/site-packages/pandas/core/indexing.py", line 2542, in __setitem__
    self.obj._set_value(*key, value=value, takeable=self._takeable)
  File "/opt/hostedtoolcache/Python/3.11.16/x64/lib/python3.11/site-packages/pandas/core/frame.py", line 4924, in _set_value
    self.loc[index, col] = value
    ~~~~~~~~^^^^^^^^^^^^
  File "/opt/hostedtoolcache/Python/3.11.16/x64/lib/python3.11/site-packages/pandas/core/indexing.py", line 938, in __setitem__
    iloc._setitem_with_indexer(indexer, value, self.name)
  File "/opt/hostedtoolcache/Python/3.11.16/x64/lib/python3.11/site-packages/pandas/core/indexing.py", line 1953, in _setitem_with_indexer
    self._setitem_with_indexer_split_path(indexer, value, name)
  File "/opt/hostedtoolcache/Python/3.11.16/x64/lib/python3.11/site-packages/pandas/core/indexing.py", line 2044, in _setitem_with_indexer_split_path
    self._setitem_single_column(loc, value, pi)
  File "/opt/hostedtoolcache/Python/3.11.16/x64/lib/python3.11/site-packages/pandas/core/indexing.py", line 2181, in _setitem_single_column
    self.obj._mgr.column_setitem(loc, plane_indexer, value)
  File "/opt/hostedtoolcache/Python/3.11.16/x64/lib/python3.11/site-packages/pandas/core/internals/managers.py", line 1541, in column_setitem
    new_mgr = col_mgr.setitem((idx,), value)
              ^^^^^^^^^^^^^^^^^^^^^^^^^^^^^^
  File "/opt/hostedtoolcache/Python/3.11.16/x64/lib/python3.11/site-packages/pandas/core/internals/managers.py", line 620, in setitem
    return self.apply("setitem", indexer=indexer, value=value)
           ^^^^^^^^^^^^^^^^^^^^^^^^^^^^^^^^^^^^^^^^^^^^^^^^^^^
  File "/opt/hostedtoolcache/Python/3.11.16/x64/lib/python3.11/site-packages/pandas/core/internals/managers.py", line 445, in apply
    applied = getattr(b, f)(**kwargs)
              ^^^^^^^^^^^^^^^^^^^^^^^
  File "/opt/hostedtoolcache/Python/3.11.16/x64/lib/python3.11/site-packages/pandas/core/internals/blocks.py", line 1677, in setitem
    nb = self.coerce_to_target_dtype(orig_value, raise_on_upcast=True)
         ^^^^^^^^^^^^^^^^^^^^^^^^^^^^^^^^^^^^^^^^^^^^^^^^^^^^^^^^^^^^^
  File "/opt/hostedtoolcache/Python/3.11.16/x64/lib/python3.11/site-packages/pandas/core/internals/blocks.py", line 468, in coerce_to_target_dtype
    raise TypeError(f"Invalid value '{other}' for dtype '{self.values.dtype}'")
TypeError: Invalid value '2020-01-08 08:35:00+00:00' for dtype 'datetime64[ns]'
run_exit_code=1
