B27DN run start
commit=e7011a2240cb7e60c2d0d21010ce320271624a13
compile_exit_code=0
# B27DN — E20 Touch + E10 Breathing Floor Runner — Result

5m rows: **698,112**; coverage: **100.0000%**.

**Audit status: PASS.** Fixed-E20 B27DK parity was reproduced before B27DN interpretation.

**Evidence status: exploratory.** E10 was hypothesis-generated from previously inspected B27DM wick-reject anatomy; this is not pristine OOS confirmation.

Frozen rule: first E20 high-touch arms the runner; starting next 5m bar the hard floor is E10. Completed-close E30 -> E20 floor, E40 -> E30, E50 -> E40, etc. Floor never decreases.

## Exact portfolio comparison after global one-position re-lock

| Partition | Variant | Candidates | Accepted | Blocked | WR | PF | Exp | Net | Max loss streak |
|---|---|---:|---:|---:|---:|---:|---:|---:|---:|
| external | FIXED_E20 | 81 | 74 | 7 | 77.0% | 2.91 | $+1.89 | $+139.72 | 3 |
| external | E20_TOUCH_E10_BREATHING_STEP10_RUNNER | 81 | 74 | 7 | 71.6% | 2.53 | $+1.58 | $+117.07 | 3 |
| development | FIXED_E20 | 113 | 107 | 6 | 72.0% | 1.52 | $+0.60 | $+63.83 | 3 |
| development | E20_TOUCH_E10_BREATHING_STEP10_RUNNER | 113 | 106 | 7 | 65.1% | 1.68 | $+0.81 | $+85.59 | 5 |
| reference_validation | FIXED_E20 | 48 | 47 | 1 | 80.9% | 2.26 | $+0.84 | $+39.30 | 2 |
| reference_validation | E20_TOUCH_E10_BREATHING_STEP10_RUNNER | 48 | 47 | 1 | 80.9% | 3.19 | $+1.46 | $+68.41 | 2 |
| august | FIXED_E20 | 2 | 1 | 1 | 100.0% | inf | $+2.65 | $+2.65 | 0 |
| august | E20_TOUCH_E10_BREATHING_STEP10_RUNNER | 2 | 1 | 1 | 100.0% | inf | $+2.65 | $+2.65 | 0 |
| POOLED_MAJOR | FIXED_E20 | 242 | 228 | 14 | 75.4% | 2.07 | $+1.07 | $+242.84 | 3 |
| POOLED_MAJOR | E20_TOUCH_E10_BREATHING_STEP10_RUNNER | 242 | 227 | 15 | 70.5% | 2.16 | $+1.19 | $+271.07 | 5 |

## Pooled-major contribution by zone

| Zone | Variant | N | WR | PF | Exp | Net | Armed | Floor exits | Armed time exits |
|---|---|---:|---:|---:|---:|---:|---:|---:|---:|
| ALT_0330 | FIXED_E20 | 61 | 77.0% | 2.44 | $+1.35 | $+82.44 | - | - | - |
| ALT_0330 | E20_TOUCH_E10_BREATHING_STEP10_RUNNER | 61 | 70.5% | 1.87 | $+0.88 | $+53.62 | 47 | 46 | 1 |
| RAW_0530 | FIXED_E20 | 55 | 76.4% | 1.90 | $+0.86 | $+47.28 | - | - | - |
| RAW_0530 | E20_TOUCH_E10_BREATHING_STEP10_RUNNER | 54 | 70.4% | 2.11 | $+1.09 | $+59.07 | 40 | 40 | 0 |
| LONDON | FIXED_E20 | 67 | 74.6% | 1.73 | $+0.94 | $+63.05 | - | - | - |
| LONDON | E20_TOUCH_E10_BREATHING_STEP10_RUNNER | 67 | 70.1% | 1.87 | $+1.14 | $+76.18 | 48 | 46 | 2 |
| RAW_2330 | FIXED_E20 | 45 | 73.3% | 2.66 | $+1.11 | $+50.07 | - | - | - |
| RAW_2330 | E20_TOUCH_E10_BREATHING_STEP10_RUNNER | 45 | 71.1% | 3.62 | $+1.83 | $+82.20 | 26 | 25 | 1 |

## Direct scorecard

- Fixed E20: **N 228 / WR 75.4% / PF 2.07 / Exp $+1.07 / Net $+242.84**.
- Prior B27DL E20-floor runner: **N 227 / WR 70.9% / PF 2.13 / Exp $+1.16 / Net $+263.59**.
- B27DN E10 breathing runner: **N 227 / WR 70.5% / PF 2.16 / Exp $+1.19 / Net $+271.07**.
- B27DN net delta vs fixed: **$+28.23**; WR delta: **-5.0 pp**.
- B27DN net delta vs B27DL: **$+7.48**; WR delta: **-0.4 pp**.
- Armed accepted trades: **161**; mean candidate delta vs fixed E20 on armed: **$+0.21**; median: **$-0.52**.

## Decision

**Status: B27DN_E10_BREATHING_PROMISING_EXPLORATORY**

Research/operating exit experiment only; live BBC unchanged.
run_exit_code=0
