B27DX causal LONG correction; renderer-only engineering patch; no exchange writes
event=push
commit=cdbe559a519d23b2b8075bf8a7981cf4f804c918
# B27DX — F85 LONG Future-Ambiguous-Terminal Causality Correction — Result

5m rows: **698,112**; coverage: **100.0000%**; raw causal sessions replayed: **8,646**.

No strategy parameter was changed. The only correction is removal of the future-dependent session veto after a causally completed F85 signal.

## Causal identity repair

- Prior canonical LONG candidates: **244**.
- Raw causal LONG candidates: **245**.
- Missing prior canonical candidates in raw replay: **0**.
- Exact future-dependent omission added: **reference_validation|LONG|RAW_0530|2025-09-11 12:30:00+00:00**.
- Corrected raw-signal geometry mismatches: **0**.

## Corrected pooled-major LONG

| N | WR | PF | Expectancy | Net | Max loss streak |
|---:|---:|---:|---:|---:|---:|
| 228 | 71.9% | 2.22 | $+1.26 | $+286.58 | 3 |

## Exact added trade

- Entry: **2025-09-11 12:30:00+00:00 @ 114343.90**.
- Fixed bookkeeping exit: **CLOSE_INVALIDATION_F35 @ 113709.20**, net **$-3.18**.
- Frozen B27DQ live-executable exit: **CLOSE_INVALIDATION_F35 @ 113709.20**, net **$-3.18**.
- Accepted by corrected global LONG lock: **True**.

## Stop-slippage sensitivity

| Stop slippage | N | WR | PF | Net | Max LS |
|---:|---:|---:|---:|---:|---:|
| 0 bps | 228 | 71.9% | 2.22 | $+286.58 | 3 |
| 2 bps | 228 | 71.5% | 2.17 | $+275.41 | 3 |
| 5 bps | 228 | 68.9% | 2.09 | $+258.65 | 6 |
| 10 bps | 228 | 65.4% | 1.96 | $+230.71 | 6 |

## Corrected portfolio

| Scenario | N | WR | PF | Net | LONG N | SHORT N | Delta vs LONG | Displaced LONG |
|---|---:|---:|---:|---:|---:|---:|---:|---:|
| CORRECTED_LONG_ONLY | 228 | 71.9% | 2.22 | $+286.58 | 228 | 0 | $+0.00 | 0 |
| CORRECTED_LONG_PLUS_SHORT20 | 284 | 72.9% | 2.31 | $+364.31 | 228 | 56 | $+77.73 | 0 |

## Preregistered gates

- exact_one_future_dependent_omission: **PASS** — missing=0 extra=['reference_validation|LONG|RAW_0530|2025-09-11 12:30:00+00:00']
- corrected_candidate_universe_244_plus_1: **PASS** — 245
- corrected_raw_signal_geometry_parity: **PASS** — generated=245 mismatches=0
- corrected_long_wr_pf_net_streak: **PASS** — N=228 WR=0.719298 PF=2.223193 net=286.584314 maxLS=3
- five_bps_stop_slippage: **PASS** — WR=0.688596 PF=2.093450 net=258.646517
- corrected_long_plus_short20_incremental_positive: **PASS** — long=286.584314 combined=364.310636 delta=77.726322

**Status: B27DX_CAUSAL_LONG_CORRECTION_SUPPORTED**

Research/shadow engineering only. No exchange writes; legacy `bbc_live.py` unchanged.

