B27DO fixed run start
commit=c69b2b7db6d206ff8fd348df6431ed31c73aab4c
compile_exit_code=0
Traceback (most recent call last):
  File "/opt/hostedtoolcache/Python/3.11.16/x64/lib/python3.11/site-packages/pandas/core/internals/blocks.py", line 1115, in setitem
    casted = np_can_hold_element(values.dtype, value)
             ^^^^^^^^^^^^^^^^^^^^^^^^^^^^^^^^^^^^^^^^
  File "/opt/hostedtoolcache/Python/3.11.16/x64/lib/python3.11/site-packages/pandas/core/dtypes/cast.py", line 1775, in np_can_hold_element
    raise LossySetitemError
pandas.errors.LossySetitemError

During handling of the above exception, another exception occurred:

Traceback (most recent call last):
  File "/home/runner/work/bababot-discovery/bababot-discovery/research/btc_f85_long_hybrid_exit_b27do_fix.py", line 40, in <module>
    core.main()
  File "/home/runner/work/bababot-discovery/bababot-discovery/research/btc_f85_long_hybrid_exit_b27do.py", line 80, in main
    hybrid = build_hybrid(stream, breathing)
             ^^^^^^^^^^^^^^^^^^^^^^^^^^^^^^^
  File "/home/runner/work/bababot-discovery/bababot-discovery/research/btc_f85_long_hybrid_exit_b27do_fix.py", line 33, in build_hybrid_tzsafe
    q.loc[mask, c] = vals.to_numpy() if c != 'runner_exit_reason' else vals.astype(object).to_numpy()
    ~~~~~^^^^^^^^^
  File "/opt/hostedtoolcache/Python/3.11.16/x64/lib/python3.11/site-packages/pandas/core/indexing.py", line 938, in __setitem__
    iloc._setitem_with_indexer(indexer, value, self.name)
  File "/opt/hostedtoolcache/Python/3.11.16/x64/lib/python3.11/site-packages/pandas/core/indexing.py", line 1953, in _setitem_with_indexer
    self._setitem_with_indexer_split_path(indexer, value, name)
  File "/opt/hostedtoolcache/Python/3.11.16/x64/lib/python3.11/site-packages/pandas/core/indexing.py", line 1997, in _setitem_with_indexer_split_path
    self._setitem_single_column(ilocs[0], value, pi)
  File "/opt/hostedtoolcache/Python/3.11.16/x64/lib/python3.11/site-packages/pandas/core/indexing.py", line 2181, in _setitem_single_column
    self.obj._mgr.column_setitem(loc, plane_indexer, value)
  File "/opt/hostedtoolcache/Python/3.11.16/x64/lib/python3.11/site-packages/pandas/core/internals/managers.py", line 1541, in column_setitem
    new_mgr = col_mgr.setitem((idx,), value)
              ^^^^^^^^^^^^^^^^^^^^^^^^^^^^^^
  File "/opt/hostedtoolcache/Python/3.11.16/x64/lib/python3.11/site-packages/pandas/core/internals/managers.py", line 620, in setitem
    return self.apply("setitem", indexer=indexer, value=value)
           ^^^^^^^^^^^^^^^^^^^^^^^^^^^^^^^^^^^^^^^^^^^^^^^^^^^
  File "/opt/hostedtoolcache/Python/3.11.16/x64/lib/python3.11/site-packages/pandas/core/internals/managers.py", line 445, in apply
    applied = getattr(b, f)(**kwargs)
              ^^^^^^^^^^^^^^^^^^^^^^^
  File "/opt/hostedtoolcache/Python/3.11.16/x64/lib/python3.11/site-packages/pandas/core/internals/blocks.py", line 1118, in setitem
    nb = self.coerce_to_target_dtype(value, raise_on_upcast=True)
         ^^^^^^^^^^^^^^^^^^^^^^^^^^^^^^^^^^^^^^^^^^^^^^^^^^^^^^^^
  File "/opt/hostedtoolcache/Python/3.11.16/x64/lib/python3.11/site-packages/pandas/core/internals/blocks.py", line 468, in coerce_to_target_dtype
    raise TypeError(f"Invalid value '{other}' for dtype '{self.values.dtype}'")
TypeError: Invalid value '[ True  True  True  True  True  True  True  True False False  True  True
 False  True  True  True False False  True False False  True  True  True
 False False  True  True False  True  True  True  True False  True False
 False  True  True False  True  True  True  True  True False  True False
  True False  True False  True  True  True  True False  True  True  True
  True False  True  True  True  True  True  True False False False False
  True  True  True  True False  True False  True  True  True  True  True
  True  True  True  True False  True  True False False  True  True  True
 False False  True False False  True  True  True  True False  True False
  True  True  True  True False  True False False False False  True  True
 False False  True  True False  True  True  True  True  True False False
  True  True  True False False  True  True  True  True  True  True False
  True False  True  True  True  True  True  True  True  True  True False
  True False  True  True  True  True  True False  True  True  True  True
 False  True  True False  True False  True False  True False False  True
 False False]' for dtype 'float64'
run_exit_code=1
