downloaded 10/98 archives
downloaded 20/98 archives
downloaded 30/98 archives
downloaded 40/98 archives
downloaded 50/98 archives
downloaded 60/98 archives
downloaded 70/98 archives
downloaded 80/98 archives
downloaded 90/98 archives
# BTC H4 AMD + FVG Path Map H4P1 — Result

Descriptive only. Session-anchored synthetic 4H bars preserve exact Asia/London/New York opens. Frozen event = 3xH4 accumulation -> first H4 manipulation -> exact opposite 3-bar H4 FVG. Post-confirmation path horizon = 6xH4 / 24H.

Source coverage **2020-01-01 00:00:00+00:00 -> 2026-08-19 23:00:00+00:00**, official 1H rows **58,152**.

## Aggregate

| Partition | Manip | Exact FVG | FVG rate | NEAR | FAR | NEAR→FAR | Manip extreme | Opp boundary | BOTH far+opp | Failure close | Failure→retest |
|---|---:|---:|---:|---:|---:|---:|---:|---:|---:|---:|---:|
| development | 915 | 100 | 10.93% | 70/70.00% | 51/51.00% | 72.86% | 25/25.00% | 82/82.00% | 35/35.00% | 39/39.00% | 32/39=82.05% |
| reference_validation | 417 | 43 | 10.31% | 30/69.77% | 26/60.47% | 86.67% | 12/27.91% | 38/88.37% | 22/51.16% | 21/48.84% | 15/21=71.43% |
| external | 586 | 48 | 8.19% | 30/62.50% | 22/45.83% | 73.33% | 10/20.83% | 45/93.75% | 20/41.67% | 13/27.08% | 8/13=61.54% |
| august | 6 | 2 | 33.33% | 2/100.00% | 1/50.00% | 50.00% | 1/50.00% | 2/100.00% | 1/50.00% | 1/50.00% | 1/1=100.00% |

## BOTH(FAR + opposite boundary) order

- **reference_validation**: {'OPP_FIRST': 12, 'SAME_BAR': 10}
- **external**: {'OPP_FIRST': 15, 'FAR_FIRST': 3, 'SAME_BAR': 2}

## Reference validation by fixed side/session

| Original side | Session | Manip | FVG | NEAR | FAR | Opp | BOTH | Failure | Failure→retest |
|---|---|---:|---:|---:|---:|---:|---:|---:|---:|
| LONG | ASIA_OPEN | 61 | 4 | 75.00% | 75.00% | 100.00% | 75.00% | 75.00% | 3/3=100.00% |
| LONG | LONDON_OPEN | 62 | 6 | 33.33% | 33.33% | 100.00% | 33.33% | 16.67% | 1/1=100.00% |
| LONG | NEW_YORK_OPEN | 76 | 6 | 50.00% | 50.00% | 100.00% | 50.00% | 33.33% | 1/2=50.00% |
| SHORT | ASIA_OPEN | 62 | 6 | 66.67% | 66.67% | 50.00% | 16.67% | 66.67% | 2/4=50.00% |
| SHORT | LONDON_OPEN | 79 | 15 | 93.33% | 66.67% | 86.67% | 60.00% | 53.33% | 5/8=62.50% |
| SHORT | NEW_YORK_OPEN | 77 | 6 | 66.67% | 66.67% | 100.00% | 66.67% | 50.00% | 3/3=100.00% |

## External 2020-2021 by fixed side/session

| Original side | Session | Manip | FVG | NEAR | FAR | Opp | BOTH | Failure | Failure→retest |
|---|---|---:|---:|---:|---:|---:|---:|---:|---:|
| LONG | ASIA_OPEN | 87 | 10 | 50.00% | 50.00% | 90.00% | 40.00% | 40.00% | 1/4=25.00% |
| LONG | LONDON_OPEN | 104 | 13 | 69.23% | 53.85% | 100.00% | 53.85% | 15.38% | 2/2=100.00% |
| LONG | NEW_YORK_OPEN | 108 | 7 | 85.71% | 57.14% | 100.00% | 57.14% | 28.57% | 2/2=100.00% |
| SHORT | ASIA_OPEN | 109 | 3 | 66.67% | 33.33% | 100.00% | 33.33% | 33.33% | 1/1=100.00% |
| SHORT | LONDON_OPEN | 88 | 9 | 66.67% | 33.33% | 88.89% | 22.22% | 33.33% | 2/3=66.67% |
| SHORT | NEW_YORK_OPEN | 90 | 6 | 33.33% | 33.33% | 83.33% | 33.33% | 16.67% | 0/1=0.00% |

## Top first-touch paths — reference_validation

- 10 (23.26%) — `+3:OPP_BOUNDARY`
- 7 (16.28%) — `+3:SAME_BAR{FAR,NEAR,OPP_BOUNDARY}`
- 2 (4.65%) — `+3:OPP_BOUNDARY -> +8:SAME_BAR{FAR,NEAR}`
- 2 (4.65%) — `+4:OPP_BOUNDARY`
- 1 (2.33%) — `+3:OPP_BOUNDARY -> +5:NEAR -> +6:FAR`
- 1 (2.33%) — `+3:OPP_BOUNDARY -> +6:NEAR -> +8:FAR`
- 1 (2.33%) — `+4:SAME_BAR{FAR,MANIP_EXTREME,NEAR}`
- 1 (2.33%) — `+5:SAME_BAR{FAR,NEAR}`

## Top first-touch paths — external

- 15 (31.25%) — `+3:OPP_BOUNDARY`
- 3 (6.25%) — `+3:SAME_BAR{NEAR,OPP_BOUNDARY}`
- 2 (4.17%) — `+3:OPP_BOUNDARY -> +7:SAME_BAR{FAR,NEAR}`
- 2 (4.17%) — `+3:OPP_BOUNDARY -> +4:NEAR`
- 2 (4.17%) — `+3:SAME_BAR{FAR,NEAR,OPP_BOUNDARY} -> +4:MANIP_EXTREME`
- 1 (2.08%) — `+3:OPP_BOUNDARY -> +6:SAME_BAR{FAR,NEAR}`
- 1 (2.08%) — `+3:SAME_BAR{NEAR,OPP_BOUNDARY} -> +8:SAME_BAR{FAR,MANIP_EXTREME}`
- 1 (2.08%) — `+3:SAME_BAR{NEAR,OPP_BOUNDARY} -> +5:FAR -> +6:MANIP_EXTREME`

## Predeclared 80% transition check

- **FVG_TO_NEAR**: validation 43 @ 69.77%; external 48 @ 62.50%.
- **NEAR_TO_FAR**: validation 30 @ 86.67%; external 30 @ 73.33%.
- **FAILURE_TO_RETEST**: validation 21 @ 71.43%; external 13 @ 61.54%.

**H4P1_80_TRANSITION_FOUND: NO**
Candidates: none

No trading rule, TP/SL, session/side selection, horizon retuning, or threshold optimization is authorized by this descriptive map.

