Traceback (most recent call last):
  File "/opt/hostedtoolcache/Python/3.11.16/x64/lib/python3.11/site-packages/pandas/core/internals/blocks.py", line 1115, in setitem
    casted = np_can_hold_element(values.dtype, value)
             ^^^^^^^^^^^^^^^^^^^^^^^^^^^^^^^^^^^^^^^^
  File "/opt/hostedtoolcache/Python/3.11.16/x64/lib/python3.11/site-packages/pandas/core/dtypes/cast.py", line 1792, in np_can_hold_element
    raise LossySetitemError
pandas.errors.LossySetitemError

During handling of the above exception, another exception occurred:

Traceback (most recent call last):
  File "/home/runner/work/bababot-discovery/bababot-discovery/research/tuesday_a511_forward_shadow.py", line 481, in <module>
    main()
  File "/home/runner/work/bababot-discovery/bababot-discovery/research/tuesday_a511_forward_shadow.py", line 477, in main
    mode_settle(args, state)
  File "/home/runner/work/bababot-discovery/bababot-discovery/research/tuesday_a511_forward_shadow.py", line 382, in mode_settle
    df.loc[i, key] = val
    ~~~~~~^^^^^^^^
  File "/opt/hostedtoolcache/Python/3.11.16/x64/lib/python3.11/site-packages/pandas/core/indexing.py", line 938, in __setitem__
    iloc._setitem_with_indexer(indexer, value, self.name)
  File "/opt/hostedtoolcache/Python/3.11.16/x64/lib/python3.11/site-packages/pandas/core/indexing.py", line 1953, in _setitem_with_indexer
    self._setitem_with_indexer_split_path(indexer, value, name)
  File "/opt/hostedtoolcache/Python/3.11.16/x64/lib/python3.11/site-packages/pandas/core/indexing.py", line 2044, in _setitem_with_indexer_split_path
    self._setitem_single_column(loc, value, pi)
  File "/opt/hostedtoolcache/Python/3.11.16/x64/lib/python3.11/site-packages/pandas/core/indexing.py", line 2181, in _setitem_single_column
    self.obj._mgr.column_setitem(loc, plane_indexer, value)
  File "/opt/hostedtoolcache/Python/3.11.16/x64/lib/python3.11/site-packages/pandas/core/internals/managers.py", line 1541, in column_setitem
    new_mgr = col_mgr.setitem((idx,), value)
              ^^^^^^^^^^^^^^^^^^^^^^^^^^^^^^
  File "/opt/hostedtoolcache/Python/3.11.16/x64/lib/python3.11/site-packages/pandas/core/internals/managers.py", line 620, in setitem
    return self.apply("setitem", indexer=indexer, value=value)
           ^^^^^^^^^^^^^^^^^^^^^^^^^^^^^^^^^^^^^^^^^^^^^^^^^^^
  File "/opt/hostedtoolcache/Python/3.11.16/x64/lib/python3.11/site-packages/pandas/core/internals/managers.py", line 445, in apply
    applied = getattr(b, f)(**kwargs)
              ^^^^^^^^^^^^^^^^^^^^^^^
  File "/opt/hostedtoolcache/Python/3.11.16/x64/lib/python3.11/site-packages/pandas/core/internals/blocks.py", line 1118, in setitem
    nb = self.coerce_to_target_dtype(value, raise_on_upcast=True)
         ^^^^^^^^^^^^^^^^^^^^^^^^^^^^^^^^^^^^^^^^^^^^^^^^^^^^^^^^
  File "/opt/hostedtoolcache/Python/3.11.16/x64/lib/python3.11/site-packages/pandas/core/internals/blocks.py", line 468, in coerce_to_target_dtype
    raise TypeError(f"Invalid value '{other}' for dtype '{self.values.dtype}'")
TypeError: Invalid value '2026-09-22 09:54:52.863942+00:00' for dtype 'float64'
