/opt/hostedtoolcache/Python/3.11.16/x64/lib/python3.11/site-packages/sklearn/linear_model/_logistic.py:1403: FutureWarning: 'penalty' was deprecated in version 1.8 and will be removed in 1.10. To avoid this warning, leave 'penalty' set to its default value and use 'l1_ratio' or 'C' instead. Use l1_ratio=0 instead of penalty='l2', l1_ratio=1 instead of penalty='l1', l1_ratio set to a float between 0 and 1 instead of penalty='elasticnet', and C=np.inf instead of penalty=None.
  warnings.warn(
/opt/hostedtoolcache/Python/3.11.16/x64/lib/python3.11/site-packages/sklearn/linear_model/_logistic.py:1403: FutureWarning: 'penalty' was deprecated in version 1.8 and will be removed in 1.10. To avoid this warning, leave 'penalty' set to its default value and use 'l1_ratio' or 'C' instead. Use l1_ratio=0 instead of penalty='l2', l1_ratio=1 instead of penalty='l1', l1_ratio set to a float between 0 and 1 instead of penalty='elasticnet', and C=np.inf instead of penalty=None.
  warnings.warn(
downloaded 10/98 archives
downloaded 20/98 archives
downloaded 30/98 archives
downloaded 40/98 archives
downloaded 50/98 archives
downloaded 60/98 archives
downloaded 70/98 archives
downloaded 80/98 archives
downloaded 90/98 archives
# BTC Weekly Entry Map B9 — Result

**Verdict: B9_NO_ROBUST_WEEKLY_100**

Implementation revision **B9_TZFIX1**.

Coverage **2020-01-01 00:00:00+00:00 -> 2026-08-19 23:00:00+00:00**, official H1 rows **58,152**.

Development-only structural probability model; chronological first threshold crossing; forced Friday fallback; next-open execution; fee 0.15%; modeled net RR 1:1; adverse-first.

| TF | Threshold | Partition | Weeks/N/Coverage | Trigger/Fallback | TP/SL/TIME | WR | Decisive WR | Exp | PF | Max LS |
|---|---:|---|---:|---:|---:|---:|---:|---:|---:|---:|
| H1 | 0.4855 | development | 156 / 156 / 100.0% | 28 / 128 | 53/93/10 | 37.18% | 36.30% | -0.23% | 0.597 | 8 |
| H1 | 0.4855 | reference_validation | 81 / 81 / 100.0% | 14 / 67 | 42/36/3 | 53.09% | 53.85% | 0.09% | 1.268 | 7 |
| H1 | 0.4855 | external | 103 / 103 / 100.0% | 11 / 92 | 50/48/5 | 52.43% | 51.02% | 0.08% | 1.131 | 7 |
| H1 | 0.4855 | august | 2 / 2 / 100.0% | 0 / 2 | 0/2/0 | 0.00% | 0.00% | -0.50% | 0.000 | 2 |

## H1 calibration

- Training rows: **34,008**
- Training positive rate: **40.53%**
- Structurally eligible development bars: **7,711**
- Threshold quantile: **0.979769**
- Frozen probability threshold: **0.485496**

## H1 losing weeks
- reference_validation: **38** losing weeks — 2025-W04, 2025-W05, 2025-W06, 2025-W07, 2025-W08, 2025-W11, 2025-W13, 2025-W14, 2025-W16, 2025-W18, 2025-W19, 2025-W20, 2025-W21, 2025-W25, 2025-W26, 2025-W35, 2025-W36, 2025-W40, 2025-W42, 2025-W44, 2025-W46, 2025-W47, 2025-W51, 2025-W52, 2026-W01, 2026-W02, 2026-W03, 2026-W04, 2026-W05, 2026-W12, 2026-W17, 2026-W19, 2026-W21, 2026-W24, 2026-W25, 2026-W26, 2026-W27, 2026-W28
- external: **49** losing weeks — 2020-W03, 2020-W04, 2020-W05, 2020-W06, 2020-W07, 2020-W08, 2020-W09, 2020-W12, 2020-W13, 2020-W16, 2020-W18, 2020-W19, 2020-W21, 2020-W22, 2020-W25, 2020-W26, 2020-W27, 2020-W29, 2020-W30, 2020-W31, 2020-W33, 2020-W37, 2020-W40, 2020-W41, 2020-W45, 2020-W46, 2020-W47, 2020-W48, 2020-W52, 2021-W01, 2021-W04, 2021-W05, 2021-W09, 2021-W10, 2021-W11, 2021-W15, 2021-W16, 2021-W18, 2021-W20, 2021-W22
| H4 | 0.5047 | development | 156 / 156 / 100.0% | 93 / 63 | 59/53/44 | 48.72% | 52.68% | 0.11% | 1.158 | 8 |
| H4 | 0.5047 | reference_validation | 81 / 81 / 100.0% | 56 / 25 | 31/34/16 | 43.21% | 47.69% | -0.12% | 0.833 | 8 |
| H4 | 0.5047 | external | 103 / 103 / 100.0% | 67 / 36 | 29/40/34 | 44.66% | 42.03% | -0.22% | 0.801 | 9 |
| H4 | 0.5047 | august | 2 / 2 / 100.0% | 2 / 0 | 0/0/2 | 50.00% | - | -0.31% | 0.137 | 1 |

## H4 calibration

- Training rows: **8,736**
- Training positive rate: **44.13%**
- Structurally eligible development bars: **2,512**
- Threshold quantile: **0.937898**
- Frozen probability threshold: **0.504676**

## H4 losing weeks
- reference_validation: **46** losing weeks — 2025-W03, 2025-W06, 2025-W07, 2025-W10, 2025-W12, 2025-W13, 2025-W14, 2025-W15, 2025-W17, 2025-W21, 2025-W26, 2025-W28, 2025-W29, 2025-W30, 2025-W34, 2025-W36, 2025-W39, 2025-W40, 2025-W42, 2025-W44, 2025-W45, 2025-W46, 2025-W47, 2025-W48, 2025-W49, 2025-W51, 2026-W01, 2026-W02, 2026-W03, 2026-W05, 2026-W06, 2026-W08, 2026-W12, 2026-W14, 2026-W16, 2026-W18, 2026-W19, 2026-W20, 2026-W21, 2026-W22
- external: **57** losing weeks — 2020-W03, 2020-W04, 2020-W06, 2020-W09, 2020-W10, 2020-W11, 2020-W15, 2020-W16, 2020-W17, 2020-W19, 2020-W23, 2020-W24, 2020-W25, 2020-W26, 2020-W27, 2020-W28, 2020-W31, 2020-W33, 2020-W35, 2020-W36, 2020-W42, 2020-W43, 2020-W44, 2020-W45, 2020-W47, 2020-W49, 2020-W50, 2020-W51, 2021-W01, 2021-W03, 2021-W04, 2021-W05, 2021-W06, 2021-W07, 2021-W08, 2021-W09, 2021-W10, 2021-W11, 2021-W15, 2021-W16

## Gates

- `B9_ROBUST_WEEKLY_100`: **FAIL**
- `B9_HIGH_PRECISION_WEEKLY`: **FAIL**
- Robust 100% timeframes: **none**
- High-precision timeframes: **none**

Frozen preregistration honored. No post-result model/threshold/feature/RR/hold/fallback rescue. Live BBC untouched.

