B27CP run start
commit=be67bc3371609371702f1d9fc5632b7d5cc19daf
compile_exit_code=0
# B27CP — BTC 24H Clock-Specific SHORT Entry Anatomy — Result

5m rows: **698,112**; coverage **100.0000%**.

**Audit status: PASS.** Structural/anatomy only: trading WR/PF/expectancy/PnL are **N/A**. External/reference_validation are reused-data confirmation, not untouched OOS.

Frozen candidates: F05/F10/F15/F25/F50. Structural objective: causal T10 before completed High failure, with the frozen +4h unresolved horizon.

## Six clocks — development first

| UTC / WIB | Entry | Source | Fills | Fill | Rebreak/fill | T10/fill | T10 yield/source | High fail/fill | Unresolved/fill | Reclaim→fill | Fill→T10 | Selected |
|---|---|---:|---:|---:|---:|---:|---:|---:|---:|---:|---:|---|
| 00-04 / 07-11 | F05 | 47 | 42 | 89.4% | 73.8% | 64.3% | **57.4%** | 16.7% | 19.0% | 0.0m | 30.0m | **YES** |
| 00-04 / 07-11 | F10 | 47 | 32 | 68.1% | 65.6% | 62.5% | **42.6%** | 21.9% | 15.6% | 0.0m | 30.0m |  |
| 00-04 / 07-11 | F15 | 47 | 26 | 55.3% | 57.7% | 53.8% | **29.8%** | 26.9% | 19.2% | 0.0m | 57.5m |  |
| 00-04 / 07-11 | F25 | 47 | 21 | 44.7% | 47.6% | 42.9% | **19.1%** | 33.3% | 23.8% | 10.0m | 50.0m |  |
| 00-04 / 07-11 | F50 | 47 | 12 | 25.5% | 33.3% | 25.0% | **6.4%** | 50.0% | 25.0% | 30.0m | 65.0m |  |
| 04-08 / 11-15 | F05 | 43 | 38 | 88.4% | 84.2% | 84.2% | **74.4%** | 2.6% | 13.2% | 0.0m | 50.0m | **YES** |
| 04-08 / 11-15 | F10 | 43 | 35 | 81.4% | 82.9% | 82.9% | **67.4%** | 2.9% | 14.3% | 0.0m | 55.0m |  |
| 04-08 / 11-15 | F15 | 43 | 30 | 69.8% | 80.0% | 80.0% | **55.8%** | 3.3% | 16.7% | 0.0m | 52.5m |  |
| 04-08 / 11-15 | F25 | 43 | 17 | 39.5% | 70.6% | 70.6% | **27.9%** | 5.9% | 23.5% | 10.0m | 140.0m |  |
| 04-08 / 11-15 | F50 | 43 | 6 | 14.0% | 33.3% | 33.3% | **4.7%** | 16.7% | 50.0% | 42.5m | 122.5m |  |
| 08-12 / 15-19 | F05 | 58 | 50 | 86.2% | 80.0% | 78.0% | **67.2%** | 16.0% | 6.0% | 0.0m | 25.0m | **YES** |
| 08-12 / 15-19 | F10 | 58 | 42 | 72.4% | 76.2% | 76.2% | **55.2%** | 19.0% | 4.8% | 0.0m | 27.5m |  |
| 08-12 / 15-19 | F15 | 58 | 33 | 56.9% | 69.7% | 69.7% | **39.7%** | 24.2% | 6.1% | 0.0m | 45.0m |  |
| 08-12 / 15-19 | F25 | 58 | 29 | 50.0% | 65.5% | 65.5% | **32.8%** | 27.6% | 6.9% | 5.0m | 50.0m |  |
| 08-12 / 15-19 | F50 | 58 | 12 | 20.7% | 41.7% | 41.7% | **8.6%** | 58.3% | 0.0% | 45.0m | 175.0m |  |
| 12-16 / 19-23 | F05 | 82 | 76 | 92.7% | 76.3% | 72.4% | **67.1%** | 23.7% | 3.9% | 0.0m | 35.0m | **YES** |
| 12-16 / 19-23 | F10 | 82 | 69 | 84.1% | 73.9% | 69.6% | **58.5%** | 26.1% | 4.3% | 0.0m | 40.0m |  |
| 12-16 / 19-23 | F15 | 82 | 60 | 73.2% | 70.0% | 66.7% | **48.8%** | 28.3% | 5.0% | 0.0m | 40.0m |  |
| 12-16 / 19-23 | F25 | 82 | 50 | 61.0% | 64.0% | 60.0% | **36.6%** | 34.0% | 6.0% | 0.0m | 42.5m |  |
| 12-16 / 19-23 | F50 | 82 | 34 | 41.5% | 52.9% | 47.1% | **19.5%** | 44.1% | 8.8% | 5.0m | 57.5m |  |
| 16-20 / 23-03 | F05 | 60 | 54 | 90.0% | 87.0% | 77.8% | **70.0%** | 3.7% | 18.5% | 0.0m | 47.5m | **YES** |
| 16-20 / 23-03 | F10 | 60 | 49 | 81.7% | 85.7% | 79.6% | **65.0%** | 4.1% | 16.3% | 0.0m | 50.0m |  |
| 16-20 / 23-03 | F15 | 60 | 41 | 68.3% | 82.9% | 78.0% | **53.3%** | 4.9% | 17.1% | 0.0m | 62.5m |  |
| 16-20 / 23-03 | F25 | 60 | 28 | 46.7% | 75.0% | 71.4% | **33.3%** | 7.1% | 21.4% | 10.0m | 85.0m |  |
| 16-20 / 23-03 | F50 | 60 | 10 | 16.7% | 50.0% | 50.0% | **8.3%** | 20.0% | 30.0% | 37.5m | 130.0m |  |
| 20-00 / 03-07 | F05 | 43 | 37 | 86.0% | 81.1% | 73.0% | **62.8%** | 5.4% | 21.6% | 0.0m | 60.0m | **YES** |
| 20-00 / 03-07 | F10 | 43 | 33 | 76.7% | 78.8% | 78.8% | **60.5%** | 6.1% | 15.2% | 0.0m | 62.5m |  |
| 20-00 / 03-07 | F15 | 43 | 27 | 62.8% | 74.1% | 74.1% | **46.5%** | 7.4% | 18.5% | 0.0m | 67.5m |  |
| 20-00 / 03-07 | F25 | 43 | 17 | 39.5% | 70.6% | 70.6% | **27.9%** | 5.9% | 23.5% | 5.0m | 85.0m |  |
| 20-00 / 03-07 | F50 | 43 | 10 | 23.3% | 50.0% | 50.0% | **11.6%** | 10.0% | 40.0% | 42.5m | 85.0m |  |

## Frozen clock map + reused-data confirmation

| UTC / WIB | Selected | Dev F05→selected T10 yield | External F05→selected | Validation F05→selected | Reused confirmed |
|---|---|---:|---:|---:|---|
| 00-04 / 07-11 | **F05** | 57.4% → **57.4%** | 79.3% → **79.3%** | 63.9% → **63.9%** | NO |
| 04-08 / 11-15 | **F05** | 74.4% → **74.4%** | 76.7% → **76.7%** | 65.4% → **65.4%** | NO |
| 08-12 / 15-19 | **F05** | 67.2% → **67.2%** | 72.5% → **72.5%** | 72.4% → **72.4%** | NO |
| 12-16 / 19-23 | **F05** | 67.1% → **67.1%** | 71.9% → **71.9%** | 74.4% → **74.4%** | NO |
| 16-20 / 23-03 | **F05** | 70.0% → **70.0%** | 51.6% → **51.6%** | 51.6% → **51.6%** | NO |
| 20-00 / 03-07 | **F05** | 62.8% → **62.8%** | 55.6% → **55.6%** | 79.3% → **79.3%** | NO |

## Selected clock map vs universal F05

| Scope | Source | F05 fills | Map fills | F05 T10/fill | Map T10/fill | F05 T10 yield/source | Map T10 yield/source | Map High fail/fill | Map unresolved/fill |
|---|---:|---:|---:|---:|---:|---:|---:|---:|---:|
| external | 202 | 183 | 183 | 76.0% | 76.0% | 68.8% | **68.8%** | 13.7% | 10.4% |
| development | 333 | 297 | 297 | 74.7% | 74.7% | 66.7% | **66.7%** | 12.8% | 12.5% |
| reference_validation | 194 | 173 | 173 | 76.3% | 76.3% | 68.0% | **68.0%** | 11.0% | 12.7% |
| POOLED_MAJOR | 729 | 653 | 653 | 75.5% | 75.5% | 67.6% | **67.6%** | 12.6% | 11.9% |

Alternate entry selected in **0/6** clocks; reused-confirmed alternates **0/0**.

**Frozen verdict: `B27CP_CLOCK_ENTRY_NOT_SUPPORTED`.**

This is not a trading-WR result. No SL economics were optimized here. Any economic follow-up must be separately preregistered with nominal RR >=1:1; live BBC unchanged.
run_exit_code=0
