B27DQ fixed run start
commit=6827c6570781b2f153ab5d4c005975374b7fd5f5
compile_exit_code=0
run_attempt=1
Traceback (most recent call last):
  File "/home/runner/work/bababot-discovery/bababot-discovery/research/btc_f85_long_b27do_live_executable_exit_b27dq_fix.py", line 77, in <module>
    main()
  File "/home/runner/work/bababot-discovery/bababot-discovery/research/btc_f85_long_b27do_live_executable_exit_b27dq_fix.py", line 73, in main
    dq.main()
  File "/home/runner/work/bababot-discovery/bababot-discovery/research/btc_f85_long_b27do_live_executable_exit_b27dq.py", line 278, in main
    'expected':getattr(r,'expected',np.nan),'pass':bool(getattr(r,'pass'))})
                                                        ^^^^^^^^^^^^^^^^^
AttributeError: 'Pandas' object has no attribute 'pass'
run_attempt=2
Traceback (most recent call last):
  File "/home/runner/work/bababot-discovery/bababot-discovery/research/btc_f85_long_b27do_live_executable_exit_b27dq_fix.py", line 77, in <module>
    main()
  File "/home/runner/work/bababot-discovery/bababot-discovery/research/btc_f85_long_b27do_live_executable_exit_b27dq_fix.py", line 73, in main
    dq.main()
  File "/home/runner/work/bababot-discovery/bababot-discovery/research/btc_f85_long_b27do_live_executable_exit_b27dq.py", line 278, in main
    'expected':getattr(r,'expected',np.nan),'pass':bool(getattr(r,'pass'))})
                                                        ^^^^^^^^^^^^^^^^^
AttributeError: 'Pandas' object has no attribute 'pass'
run_attempt=3
Traceback (most recent call last):
  File "/home/runner/work/bababot-discovery/bababot-discovery/research/btc_f85_long_b27do_live_executable_exit_b27dq_fix.py", line 77, in <module>
    main()
  File "/home/runner/work/bababot-discovery/bababot-discovery/research/btc_f85_long_b27do_live_executable_exit_b27dq_fix.py", line 73, in main
    dq.main()
  File "/home/runner/work/bababot-discovery/bababot-discovery/research/btc_f85_long_b27do_live_executable_exit_b27dq.py", line 278, in main
    'expected':getattr(r,'expected',np.nan),'pass':bool(getattr(r,'pass'))})
                                                        ^^^^^^^^^^^^^^^^^
AttributeError: 'Pandas' object has no attribute 'pass'
run_exit_code=1
