downloaded 10/99 archives
downloaded 20/99 archives
downloaded 30/99 archives
downloaded 40/99 archives
downloaded 50/99 archives
downloaded 60/99 archives
downloaded 70/99 archives
downloaded 80/99 archives
downloaded 90/99 archives
{
  "events": 1133,
  "profiles": 2422,
  "labels": {
    "LONG": {
      "poc_supported": false,
      "candidate80": false,
      "execution_supported": false
    },
    "SHORT": {
      "poc_supported": false,
      "candidate80": false,
      "execution_supported": false
    }
  }
}
