metrics 250/973
metrics 500/973
metrics 750/973
{
  "protocol": "C5",
  "friday_dates": 139,
  "aligned_rows": 13253,
  "discovery_dates": 97,
  "validation_dates": 42,
  "metrics_rows": 280054,
  "features": [
    "signal_ret",
    "body_ratio",
    "upper_ratio",
    "lower_ratio",
    "close_pos",
    "range_open",
    "prior1h_ret",
    "top_vs_global",
    "top_pos_chg15",
    "global_chg15",
    "taker_log",
    "oi_chg15",
    "oi_chg60"
  ],
  "baseline": {
    "cont": {
      "discovery": {
        "n": 9223,
        "wins": 2217,
        "wr": 0.24037731757562616,
        "pnl": -38045.74999999999,
        "exp": -4.125094871516859,
        "pf": 0.25097207319834236
      },
      "validation": {
        "n": 4030,
        "wins": 929,
        "wr": 0.2305210918114144,
        "pnl": -17140.499999999996,
        "exp": -4.253225806451612,
        "pf": 0.23759854996719637
      },
      "full": {
        "n": 13253,
        "wins": 3146,
        "wr": 0.2373802158001962,
        "pnl": -55186.24999999999,
        "exp": -4.164057194597449,
        "pf": 0.24686884815235605
      }
    },
    "rev": {
      "discovery": {
        "n": 9223,
        "wins": 2184,
        "wr": 0.23679930608261954,
        "pnl": -38474.74999999999,
        "exp": -4.1716090209259455,
        "pf": 0.24607727390744183
      },
      "validation": {
        "n": 4030,
        "wins": 906,
        "wr": 0.2248138957816377,
        "pnl": -17439.499999999996,
        "exp": -4.3274193548387085,
        "pf": 0.23001015497372956
      },
      "full": {
        "n": 13253,
        "wins": 3090,
        "wr": 0.23315475741341582,
        "pnl": -55914.24999999999,
        "exp": -4.2189881536255935,
        "pf": 0.24113840944331538
      }
    }
  },
  "discovery_leaves": {
    "cont": [
      {
        "mode": "cont",
        "leaf": 2,
        "predicted_class": 0,
        "rule": "range_open <= 0.0059455675 AND top_vs_global <= 0.58402112",
        "path": [
          [
            "range_open",
            "<=",
            0.005945567507296801
          ],
          [
            "top_vs_global",
            "<=",
            0.584021121263504
          ]
        ],
        "n": 5842,
        "wins": 1406,
        "wr": 0.2406710030811366,
        "pnl": -24076.499999999996,
        "exp": -4.121276959945224,
        "pf": 0.25137589005317
      },
      {
        "mode": "cont",
        "leaf": 3,
        "predicted_class": 0,
        "rule": "range_open <= 0.0059455675 AND top_vs_global > 0.58402112",
        "path": [
          [
            "range_open",
            "<=",
            0.005945567507296801
          ],
          [
            "top_vs_global",
            ">",
            0.584021121263504
          ]
        ],
        "n": 2016,
        "wins": 276,
        "wr": 0.13690476190476192,
        "pnl": -11027.999999999998,
        "exp": -5.470238095238094,
        "pf": 0.12580261593341263
      },
      {
        "mode": "cont",
        "leaf": 5,
        "predicted_class": 0,
        "rule": "range_open > 0.0059455675 AND top_vs_global <= 0.69571707",
        "path": [
          [
            "range_open",
            ">",
            0.005945567507296801
          ],
          [
            "top_vs_global",
            "<=",
            0.695717066526413
          ]
        ],
        "n": 1269,
        "wins": 518,
        "wr": 0.4081954294720252,
        "pnl": -2466.2499999999995,
        "exp": -1.9434594168636719,
        "pf": 0.5470407273061206
      },
      {
        "mode": "cont",
        "leaf": 6,
        "predicted_class": 0,
        "rule": "range_open > 0.0059455675 AND top_vs_global > 0.69571707",
        "path": [
          [
            "range_open",
            ">",
            0.005945567507296801
          ],
          [
            "top_vs_global",
            ">",
            0.695717066526413
          ]
        ],
        "n": 96,
        "wins": 17,
        "wr": 0.17708333333333334,
        "pnl": -474.99999999999994,
        "exp": -4.947916666666666,
        "pf": 0.17066783064164123
      }
    ],
    "rev": [
      {
        "mode": "rev",
        "leaf": 2,
        "predicted_class": 0,
        "rule": "range_open <= 0.004473092 AND top_vs_global <= 0.64138645",
        "path": [
          [
            "range_open",
            "<=",
            0.004473092034459114
          ],
          [
            "top_vs_global",
            "<=",
            0.6413864493370056
          ]
        ],
        "n": 5282,
        "wins": 1202,
        "wr": 0.22756531616811815,
        "pnl": -22668.499999999996,
        "exp": -4.291650889814464,
        "pf": 0.23365449628127116
      },
      {
        "mode": "rev",
        "leaf": 3,
        "predicted_class": 0,
        "rule": "range_open <= 0.004473092 AND top_vs_global > 0.64138645",
        "path": [
          [
            "range_open",
            "<=",
            0.004473092034459114
          ],
          [
            "top_vs_global",
            ">",
            0.6413864493370056
          ]
        ],
        "n": 1497,
        "wins": 191,
        "wr": 0.12758851035404142,
        "pnl": -8370.249999999998,
        "exp": -5.59134936539746,
        "pf": 0.11598986111844539
      },
      {
        "mode": "rev",
        "leaf": 5,
        "predicted_class": 0,
        "rule": "range_open > 0.004473092 AND top_vs_global <= 0.72769466",
        "path": [
          [
            "range_open",
            ">",
            0.004473092034459114
          ],
          [
            "top_vs_global",
            "<=",
            0.7276946604251862
          ]
        ],
        "n": 2258,
        "wins": 762,
        "wr": 0.337466784765279,
        "pnl": -6464.499999999999,
        "exp": -2.8629317980513727,
        "pf": 0.4039738152314218
      },
      {
        "mode": "rev",
        "leaf": 6,
        "predicted_class": 0,
        "rule": "range_open > 0.004473092 AND top_vs_global > 0.72769466",
        "path": [
          [
            "range_open",
            ">",
            0.004473092034459114
          ],
          [
            "top_vs_global",
            ">",
            0.7276946604251862
          ]
        ],
        "n": 186,
        "wins": 29,
        "wr": 0.15591397849462366,
        "pnl": -971.4999999999999,
        "exp": -5.223118279569892,
        "pf": 0.14649681528662423
      }
    ]
  },
  "eligible_80_leaves": 0,
  "integrity_violations": 0,
  "selected": null,
  "verdict": "REJECT_C5_DERIVATIVES_IDENTIFIER",
  "reason": "No positive discovery derivatives leaf achieved N>=80 and WR>=80%."
}
