/home/runner/work/bababot-discovery/bababot-discovery/research/btc_friday_15m_candle_taker_c4.py:53: RuntimeWarning: invalid value encountered in divide
  imb=np.where(QV>0,2*TB/QV-1,np.nan);x['taker_imbalance']=imb;x['taker_delta_vs_prior3']=imb-pd.Series(imb).shift(1).rolling(3,min_periods=3).median().to_numpy()
{
  "protocol": "C4",
  "friday_dates": 141,
  "signal_rows": 13531,
  "discovery_dates": 98,
  "validation_dates": 43,
  "features": [
    "signal_ret",
    "body_ratio",
    "upper_ratio",
    "lower_ratio",
    "close_pos",
    "range_open",
    "prior1h_ret",
    "taker_imbalance",
    "taker_delta_vs_prior3",
    "rel_quote_volume_24h",
    "rel_range_prior12"
  ],
  "discovery_medians": {
    "signal_ret": 4.775941481405255e-06,
    "body_ratio": 0.47934336525307003,
    "upper_ratio": 0.2187314759928992,
    "lower_ratio": 0.22297297297297297,
    "close_pos": 0.5060690943044025,
    "range_open": 0.0030263292142046487,
    "prior1h_ret": 4.878956698362025e-05,
    "taker_imbalance": -0.010608640690800253,
    "taker_delta_vs_prior3": 0.0027918855787364416,
    "rel_quote_volume_24h": 0.9927877498562437,
    "rel_range_prior12": 0.9767541181560163
  },
  "baseline": {
    "cont": {
      "discovery": {
        "n": 9405,
        "wins": 2262,
        "wr": 0.2405103668261563,
        "pnl": -38780.24999999999,
        "exp": -4.123365231259967,
        "pf": 0.251154976900462
      },
      "validation": {
        "n": 4126,
        "wins": 898,
        "wr": 0.217644207464857,
        "pnl": -18239.499999999996,
        "exp": -4.420625302956858,
        "pf": 0.22063410673845238
      },
      "full": {
        "n": 13531,
        "wins": 3160,
        "wr": 0.23353780208410316,
        "pnl": -57019.74999999999,
        "exp": -4.214008572906658,
        "pf": 0.2416552788112742
      }
    },
    "rev": {
      "discovery": {
        "n": 9405,
        "wins": 2225,
        "wr": 0.23657628920786816,
        "pnl": -39261.24999999999,
        "exp": -4.174508240297714,
        "pf": 0.24577370089328598
      },
      "validation": {
        "n": 4126,
        "wins": 884,
        "wr": 0.2142510906446922,
        "pnl": -18421.499999999996,
        "exp": -4.4647358216190005,
        "pf": 0.21625646152864347
      },
      "full": {
        "n": 13531,
        "wins": 3109,
        "wr": 0.22976867932894834,
        "pnl": -57682.74999999999,
        "exp": -4.2630071687236715,
        "pf": 0.23659169263957547
      }
    }
  },
  "discovery_leaves": {
    "cont": [
      {
        "mode": "cont",
        "leaf": 2,
        "predicted_class": 0,
        "rule": "range_open <= 0.0050253326 AND range_open <= 0.0023152942",
        "path": [
          [
            "range_open",
            "<=",
            0.005025332560762763
          ],
          [
            "range_open",
            "<=",
            0.0023152942303568125
          ]
        ],
        "n": 3093,
        "wins": 496,
        "wr": 0.16036210798577433,
        "pnl": -15976.249999999998,
        "exp": -5.165292596184933,
        "pf": 0.15147451303227866
      },
      {
        "mode": "cont",
        "leaf": 3,
        "predicted_class": 0,
        "rule": "range_open <= 0.0050253326 AND range_open > 0.0023152942",
        "path": [
          [
            "range_open",
            "<=",
            0.005025332560762763
          ],
          [
            "range_open",
            ">",
            0.0023152942303568125
          ]
        ],
        "n": 4286,
        "wins": 1029,
        "wr": 0.2400839944003733,
        "pnl": -17696.499999999996,
        "exp": -4.128908072795146,
        "pf": 0.2505690660963654
      },
      {
        "mode": "cont",
        "leaf": 5,
        "predicted_class": 0,
        "rule": "range_open > 0.0050253326 AND range_open <= 0.0068899249",
        "path": [
          [
            "range_open",
            ">",
            0.005025332560762763
          ],
          [
            "range_open",
            "<=",
            0.006889924872666597
          ]
        ],
        "n": 1013,
        "wins": 316,
        "wr": 0.3119447186574531,
        "pnl": -3236.2499999999995,
        "exp": -3.1947186574531092,
        "pf": 0.3595705733933608
      },
      {
        "mode": "cont",
        "leaf": 6,
        "predicted_class": 0,
        "rule": "range_open > 0.0050253326 AND range_open > 0.0068899249",
        "path": [
          [
            "range_open",
            ">",
            0.005025332560762763
          ],
          [
            "range_open",
            ">",
            0.006889924872666597
          ]
        ],
        "n": 1013,
        "wins": 421,
        "wr": 0.4155972359328727,
        "pnl": -1871.2499999999998,
        "exp": -1.8472359328726553,
        "pf": 0.5640144454799628
      }
    ],
    "rev": [
      {
        "mode": "rev",
        "leaf": 2,
        "predicted_class": 0,
        "rule": "range_open <= 0.004473092 AND range_open <= 0.0020884473",
        "path": [
          [
            "range_open",
            "<=",
            0.004473092034459114
          ],
          [
            "range_open",
            "<=",
            0.0020884473342448473
          ]
        ],
        "n": 2510,
        "wins": 420,
        "wr": 0.16733067729083664,
        "pnl": -12737.499999999998,
        "exp": -5.074701195219123,
        "pf": 0.159379640323379
      },
      {
        "mode": "rev",
        "leaf": 3,
        "predicted_class": 0,
        "rule": "range_open <= 0.004473092 AND range_open > 0.0020884473",
        "path": [
          [
            "range_open",
            "<=",
            0.004473092034459114
          ],
          [
            "range_open",
            ">",
            0.0020884473342448473
          ]
        ],
        "n": 4374,
        "wins": 992,
        "wr": 0.2267946959304984,
        "pnl": -18815.499999999996,
        "exp": -4.30166895290352,
        "pf": 0.23263117110870943
      },
      {
        "mode": "rev",
        "leaf": 5,
        "predicted_class": 0,
        "rule": "range_open > 0.004473092 AND range_open <= 0.0081240186",
        "path": [
          [
            "range_open",
            ">",
            0.004473092034459114
          ],
          [
            "range_open",
            "<=",
            0.008124018553644419
          ]
        ],
        "n": 1868,
        "wins": 551,
        "wr": 0.2949678800856531,
        "pnl": -6379.999999999999,
        "exp": -3.415417558886509,
        "pf": 0.3318147304479879
      },
      {
        "mode": "rev",
        "leaf": 6,
        "predicted_class": 0,
        "rule": "range_open > 0.004473092 AND range_open > 0.0081240186",
        "path": [
          [
            "range_open",
            ">",
            0.004473092034459114
          ],
          [
            "range_open",
            ">",
            0.008124018553644419
          ]
        ],
        "n": 653,
        "wins": 262,
        "wr": 0.4012251148545176,
        "pnl": -1328.2499999999998,
        "exp": -2.0340735068912705,
        "pf": 0.5314401622718053
      }
    ]
  },
  "eligible_80_leaves": 0,
  "selected": null,
  "verdict": "REJECT_C4_TAKER_IDENTIFIER",
  "reason": "No positive discovery leaf achieved N>=100 and WR>=80%."
}
