B27CQ run start
commit=2b57b2ce4211e56eab4c9eae17fa88baa82fd492
compile_exit_code=0
# B27CQ — BTC 24H Clock-Specific F05 Confirmation Anatomy — Result

5m rows: **698,112**; coverage **100.0000%**.

**Audit status: PASS.** Exact B27CP F05 baseline reproduced: external 183 / development 297 / validation 173 / major 653 fills.

**Anatomy only:** trading WR/PF/expectancy/PnL are **N/A**. External/reference_validation are reused-data confirmation, not untouched OOS.

Frozen F05 confirmation candidates: BASE / WEAK_C05 / WEAK_C10 / NOT_STRONG_BODY / QUICK_RECLAIM / TIME_LEFT_120. Structural objective remains causal T10 with the frozen +4h horizon.

## Six clocks — development selection first

| UTC / WIB | Gate | Source | Pass | Fills | Retain | T10/fill | T10 yield/source | High fail/fill | Unresolved/fill | Fill→T10 | Selected |
|---|---|---:|---:|---:|---:|---:|---:|---:|---:|---:|---|
| 00-04 / 07-11 | BASE | 47 | 47 | 42 | 100.0% | **64.3%** | 57.4% | 16.7% | 19.0% | 30.0m |  |
| 00-04 / 07-11 | WEAK_C05 | 47 | 30 | 25 | 59.5% | **72.0%** | 38.3% | 16.0% | 12.0% | 35.0m | **YES** |
| 00-04 / 07-11 | WEAK_C10 | 47 | 40 | 35 | 83.3% | **68.6%** | 51.1% | 14.3% | 17.1% | 30.0m |  |
| 00-04 / 07-11 | NOT_STRONG_BODY | 47 | 22 | 20 | 47.6% | **70.0%** | 29.8% | 20.0% | 10.0% | 35.0m |  |
| 00-04 / 07-11 | QUICK_RECLAIM | 47 | 41 | 38 | 90.5% | **65.8%** | 53.2% | 15.8% | 18.4% | 30.0m |  |
| 00-04 / 07-11 | TIME_LEFT_120 | 47 | 35 | 32 | 76.2% | **65.6%** | 44.7% | 21.9% | 12.5% | 30.0m |  |
| 04-08 / 11-15 | BASE | 43 | 43 | 38 | 100.0% | **84.2%** | 74.4% | 2.6% | 13.2% | 50.0m | **YES** |
| 04-08 / 11-15 | WEAK_C05 | 43 | 18 | 13 | 34.2% | **76.9%** | 23.3% | 0.0% | 23.1% | 40.0m |  |
| 04-08 / 11-15 | WEAK_C10 | 43 | 32 | 27 | 71.1% | **81.5%** | 51.2% | 3.7% | 14.8% | 57.5m |  |
| 04-08 / 11-15 | NOT_STRONG_BODY | 43 | 12 | 10 | 26.3% | **90.0%** | 20.9% | 0.0% | 10.0% | 40.0m |  |
| 04-08 / 11-15 | QUICK_RECLAIM | 43 | 33 | 30 | 78.9% | **80.0%** | 55.8% | 3.3% | 16.7% | 42.5m |  |
| 04-08 / 11-15 | TIME_LEFT_120 | 43 | 24 | 24 | 63.2% | **83.3%** | 46.5% | 4.2% | 12.5% | 42.5m |  |
| 08-12 / 15-19 | BASE | 58 | 58 | 50 | 100.0% | **78.0%** | 67.2% | 16.0% | 6.0% | 25.0m | **YES** |
| 08-12 / 15-19 | WEAK_C05 | 58 | 29 | 21 | 42.0% | **71.4%** | 25.9% | 14.3% | 14.3% | 20.0m |  |
| 08-12 / 15-19 | WEAK_C10 | 58 | 43 | 35 | 70.0% | **80.0%** | 48.3% | 11.4% | 8.6% | 22.5m |  |
| 08-12 / 15-19 | NOT_STRONG_BODY | 58 | 29 | 23 | 46.0% | **69.6%** | 27.6% | 17.4% | 13.0% | 20.0m |  |
| 08-12 / 15-19 | QUICK_RECLAIM | 58 | 47 | 42 | 84.0% | **78.6%** | 56.9% | 14.3% | 7.1% | 25.0m |  |
| 08-12 / 15-19 | TIME_LEFT_120 | 58 | 35 | 33 | 66.0% | **78.8%** | 44.8% | 18.2% | 3.0% | 25.0m |  |
| 12-16 / 19-23 | BASE | 82 | 82 | 76 | 100.0% | **72.4%** | 67.1% | 23.7% | 3.9% | 35.0m |  |
| 12-16 / 19-23 | WEAK_C05 | 82 | 26 | 20 | 26.3% | **80.0%** | 19.5% | 20.0% | 0.0% | 25.0m |  |
| 12-16 / 19-23 | WEAK_C10 | 82 | 48 | 42 | 55.3% | **83.3%** | 42.7% | 14.3% | 2.4% | 30.0m | **YES** |
| 12-16 / 19-23 | NOT_STRONG_BODY | 82 | 35 | 30 | 39.5% | **86.7%** | 31.7% | 6.7% | 6.7% | 17.5m |  |
| 12-16 / 19-23 | QUICK_RECLAIM | 82 | 71 | 66 | 86.8% | **74.2%** | 59.8% | 21.2% | 4.5% | 35.0m |  |
| 12-16 / 19-23 | TIME_LEFT_120 | 82 | 53 | 48 | 63.2% | **77.1%** | 45.1% | 20.8% | 2.1% | 35.0m |  |
| 16-20 / 23-03 | BASE | 60 | 60 | 54 | 100.0% | **77.8%** | 70.0% | 3.7% | 18.5% | 47.5m | **YES** |
| 16-20 / 23-03 | WEAK_C05 | 60 | 33 | 27 | 50.0% | **70.4%** | 31.7% | 0.0% | 29.6% | 70.0m |  |
| 16-20 / 23-03 | WEAK_C10 | 60 | 43 | 37 | 68.5% | **73.0%** | 45.0% | 0.0% | 27.0% | 60.0m |  |
| 16-20 / 23-03 | NOT_STRONG_BODY | 60 | 22 | 19 | 35.2% | **78.9%** | 25.0% | 5.3% | 15.8% | 65.0m |  |
| 16-20 / 23-03 | QUICK_RECLAIM | 60 | 49 | 44 | 81.5% | **75.0%** | 55.0% | 4.5% | 20.5% | 50.0m |  |
| 16-20 / 23-03 | TIME_LEFT_120 | 60 | 43 | 40 | 74.1% | **80.0%** | 53.3% | 5.0% | 15.0% | 55.0m |  |
| 20-00 / 03-07 | BASE | 43 | 43 | 37 | 100.0% | **73.0%** | 62.8% | 5.4% | 21.6% | 60.0m | **YES** |
| 20-00 / 03-07 | WEAK_C05 | 43 | 16 | 10 | 27.0% | **70.0%** | 16.3% | 10.0% | 20.0% | 55.0m |  |
| 20-00 / 03-07 | WEAK_C10 | 43 | 33 | 27 | 73.0% | **63.0%** | 39.5% | 7.4% | 29.6% | 30.0m |  |
| 20-00 / 03-07 | NOT_STRONG_BODY | 43 | 16 | 14 | 37.8% | **78.6%** | 25.6% | 0.0% | 21.4% | 60.0m |  |
| 20-00 / 03-07 | QUICK_RECLAIM | 43 | 38 | 33 | 89.2% | **69.7%** | 53.5% | 6.1% | 24.2% | 60.0m |  |
| 20-00 / 03-07 | TIME_LEFT_120 | 43 | 28 | 24 | 64.9% | **70.8%** | 39.5% | 4.2% | 25.0% | 65.0m |  |

## Frozen clock-confirmation map + reused confirmation

| UTC / WIB | Selected gate | Dev fills | Dev BASE→selected T10/fill | Dev High fail BASE→selected | External BASE→selected T10/fill | Validation BASE→selected T10/fill | Reused confirmed |
|---|---|---:|---:|---:|---:|---:|---|
| 00-04 / 07-11 | **WEAK_C05** | 25/42 | 64.3% → **72.0%** | 16.7% → 16.0% | 85.2% → **88.9%** | 71.9% → **45.5%** | NO |
| 04-08 / 11-15 | **BASE** | 38/38 | 84.2% → **84.2%** | 2.6% → 2.6% | 86.8% → **86.8%** | 85.0% → **85.0%** | NO |
| 08-12 / 15-19 | **BASE** | 50/50 | 78.0% → **78.0%** | 16.0% → 16.0% | 72.5% → **72.5%** | 87.5% → **87.5%** | NO |
| 12-16 / 19-23 | **WEAK_C10** | 42/76 | 72.4% → **83.3%** | 23.7% → 14.3% | 74.2% → **72.0%** | 78.0% → **84.2%** | NO |
| 16-20 / 23-03 | **BASE** | 54/54 | 77.8% → **77.8%** | 3.7% → 3.7% | 64.0% → **64.0%** | 59.3% → **59.3%** | NO |
| 20-00 / 03-07 | **BASE** | 37/37 | 73.0% → **73.0%** | 5.4% → 5.4% | 68.2% → **68.2%** | 79.3% → **79.3%** | NO |

## Selected map vs universal BASE F05

| Scope | Source | BASE fills | Map fills | Retain | BASE T10/fill | Map T10/fill | BASE T10 yield/source | Map T10 yield/source | BASE High fail/fill | Map High fail/fill |
|---|---:|---:|---:|---:|---:|---:|---:|---:|---:|---:|
| external | 202 | 183 | 159 | 86.9% | 76.0% | **74.8%** | 68.8% | 58.9% | 13.7% | 14.5% |
| development | 333 | 297 | 246 | 82.8% | 74.7% | **78.5%** | 66.7% | 58.0% | 12.8% | 9.3% |
| reference_validation | 194 | 173 | 130 | 75.1% | 76.3% | **75.4%** | 68.0% | 50.5% | 11.0% | 10.0% |
| POOLED_MAJOR | 729 | 653 | 535 | 81.9% | 75.5% | **76.6%** | 67.6% | 56.2% | 12.6% | 11.0% |

Non-BASE gates selected in **2/6** clocks; reused-confirmed **0/2**.

**Frozen verdict: `B27CQ_CLOCK_CONFIRM_NOT_SUPPORTED`.**

This is not a trading-WR result. No SL economics were optimized. Any economic follow-up must be separately preregistered with RR >=1:1; live BBC unchanged.
run_exit_code=0
