downloaded 10/98 archives
downloaded 20/98 archives
downloaded 30/98 archives
downloaded 40/98 archives
downloaded 50/98 archives
downloaded 60/98 archives
downloaded 70/98 archives
downloaded 80/98 archives
downloaded 90/98 archives
{
  "protocol": "BTC_H1_LOW_REJECT_STRUCTURE_LR1",
  "coverage": {
    "first": "2020-01-01 00:00:00+00:00",
    "last": "2026-08-18 23:00:00+00:00",
    "rows1h": 58128
  },
  "counts": {
    "external": 412,
    "reference": 810,
    "development": 567,
    "reference_validation": 243,
    "august": 11
  },
  "selected_leaf": {
    "leaf": 4,
    "n": 297,
    "pos3h": 0.6902356902356902,
    "avg3h": 0.002087757783150678,
    "path": "reclaim_depth_range <= 0.27562825 AND body_ratio > 0.10717489"
  },
  "all_development_leafs": [
    {
      "leaf": 3,
      "n": 79,
      "pos3h": 0.5443037974683544,
      "avg3h": -0.00016076128586758428,
      "path": "reclaim_depth_range <= 0.27562825 AND body_ratio <= 0.10717489"
    },
    {
      "leaf": 4,
      "n": 297,
      "pos3h": 0.6902356902356902,
      "avg3h": 0.002087757783150678,
      "path": "reclaim_depth_range <= 0.27562825 AND body_ratio > 0.10717489"
    },
    {
      "leaf": 5,
      "n": 70,
      "pos3h": 0.42857142857142855,
      "avg3h": -0.00044376986786055984,
      "path": "reclaim_depth_range > 0.27562825 AND range_expansion <= 1.05777115"
    },
    {
      "leaf": 6,
      "n": 121,
      "pos3h": 0.5950413223140496,
      "avg3h": -0.0004447817143605456,
      "path": "reclaim_depth_range > 0.27562825 AND range_expansion > 1.05777115"
    }
  ],
  "directional": {
    "development_selected": {
      "n": 297,
      "pos1h": 0.6397306397306397,
      "pos3h": 0.6902356902356902,
      "avg3h": 0.002087757783150678,
      "median3h": 0.0017437667514630384
    },
    "reference_validation_selected": {
      "n": 148,
      "pos1h": 0.5878378378378378,
      "pos3h": 0.6081081081081081,
      "avg3h": 0.0009944140366734404,
      "median3h": 0.001474497770130312
    },
    "external_selected": {
      "n": 192,
      "pos1h": 0.5729166666666666,
      "pos3h": 0.5989583333333334,
      "avg3h": 0.0019208761419215903,
      "median3h": 0.001551202708815147
    },
    "august_selected": {
      "n": 7,
      "pos1h": 0.7142857142857143,
      "pos3h": 0.42857142857142855,
      "avg3h": -0.0011386612113980826,
      "median3h": -0.0003922153708434406
    },
    "development_control": {
      "n": 567,
      "pos1h": 0.564373897707231,
      "pos3h": 0.6172839506172839,
      "avg3h": 0.0009214840243815643,
      "median3h": 0.0009701022735482123
    },
    "reference_validation_control": {
      "n": 243,
      "pos1h": 0.5637860082304527,
      "pos3h": 0.588477366255144,
      "avg3h": 0.0005612883603400723,
      "median3h": 0.0010966157616802974
    },
    "external_control": {
      "n": 412,
      "pos1h": 0.5364077669902912,
      "pos3h": 0.5631067961165048,
      "avg3h": 0.0008572983053105702,
      "median3h": 0.0008597558591381116
    },
    "august_control": {
      "n": 11,
      "pos1h": 0.6363636363636364,
      "pos3h": 0.45454545454545453,
      "avg3h": -0.0007265970448070223,
      "median3h": -0.0003922153708434406
    }
  },
  "execution_net_rr1": {
    "development_selected": {
      "n": 297,
      "tp": 97,
      "sl": 200,
      "time": 0,
      "decisive_wr": 0.3265993265993266,
      "net_positive_rate": 0.3265993265993266,
      "pnl": -175.4485384233304,
      "expectancy": -0.590735819607173,
      "median_risk": 0.003092438928690842,
      "avg_target": 0.006921248279789031
    },
    "reference_validation_selected": {
      "n": 148,
      "tp": 38,
      "sl": 110,
      "time": 0,
      "decisive_wr": 0.25675675675675674,
      "net_positive_rate": 0.25675675675675674,
      "pnl": -148.92752403000424,
      "expectancy": -1.0062670542567853,
      "median_risk": 0.0024424832573384926,
      "avg_target": 0.006301258661459662
    },
    "external_selected": {
      "n": 192,
      "tp": 57,
      "sl": 135,
      "time": 0,
      "decisive_wr": 0.296875,
      "net_positive_rate": 0.296875,
      "pnl": -217.28371255565827,
      "expectancy": -1.1316860028940534,
      "median_risk": 0.00407256857045575,
      "avg_target": 0.008298074645550366
    },
    "august_selected": {
      "n": 7,
      "tp": 2,
      "sl": 5,
      "time": 0,
      "decisive_wr": 0.2857142857142857,
      "net_positive_rate": 0.2857142857142857,
      "pnl": -4.647252164555476,
      "expectancy": -0.663893166365068,
      "median_risk": 0.0015180815186420409,
      "avg_target": 0.004468952106023278
    },
    "development_control": {
      "n": 567,
      "tp": 164,
      "sl": 403,
      "time": 0,
      "decisive_wr": 0.2892416225749559,
      "net_positive_rate": 0.2892416225749559,
      "pnl": -678.7519818643409,
      "expectancy": -1.1970934424415183,
      "median_risk": 0.003783831978463934,
      "avg_target": 0.00788122211901713
    },
    "reference_validation_control": {
      "n": 243,
      "tp": 67,
      "sl": 176,
      "time": 0,
      "decisive_wr": 0.2757201646090535,
      "net_positive_rate": 0.2757201646090535,
      "pnl": -283.76187175997524,
      "expectancy": -1.1677443282303508,
      "median_risk": 0.0031623533887452336,
      "avg_target": 0.007048059370320732
    },
    "external_control": {
      "n": 412,
      "tp": 123,
      "sl": 289,
      "time": 0,
      "decisive_wr": 0.29854368932038833,
      "net_positive_rate": 0.29854368932038833,
      "pnl": -756.4492178034636,
      "expectancy": -1.8360417907851059,
      "median_risk": 0.005771704222722179,
      "avg_target": 0.010779311674242195
    },
    "august_control": {
      "n": 11,
      "tp": 2,
      "sl": 9,
      "time": 0,
      "decisive_wr": 0.18181818181818182,
      "net_positive_rate": 0.18181818181818182,
      "pnl": -14.015011073607056,
      "expectancy": -1.2740919157824597,
      "median_risk": 0.0016858721389108589,
      "avg_target": 0.005092562050933282
    }
  },
  "external_blocks": [
    {
      "block": "B1",
      "n": 48,
      "pos1h": 0.5625,
      "pos3h": 0.5416666666666666,
      "avg3h": 0.0021752940966200027,
      "median3h": 0.0003403692506968037
    },
    {
      "block": "B2",
      "n": 48,
      "pos1h": 0.6041666666666666,
      "pos3h": 0.6458333333333334,
      "avg3h": 0.0030902052930475107,
      "median3h": 0.0016693401866915147
    },
    {
      "block": "B3",
      "n": 48,
      "pos1h": 0.5,
      "pos3h": 0.5208333333333334,
      "avg3h": 0.0009356851516361837,
      "median3h": 0.0007815449243914196
    },
    {
      "block": "B4",
      "n": 48,
      "pos1h": 0.625,
      "pos3h": 0.6875,
      "avg3h": 0.0014823200263826646,
      "median3h": 0.003065611687466663
    }
  ],
  "per_hour": {
    "validation_selected": [
      {
        "hour_utc": 4,
        "hour_wib": 11,
        "n": 35,
        "pos1h": 0.42857142857142855,
        "pos3h": 0.5428571428571428,
        "avg3h": 0.0012590359688829775,
        "median3h": 0.0010966157616802974
      },
      {
        "hour_utc": 8,
        "hour_wib": 15,
        "n": 36,
        "pos1h": 0.5833333333333334,
        "pos3h": 0.5555555555555556,
        "avg3h": -0.0006382235855450009,
        "median3h": 0.0004850171478260057
      },
      {
        "hour_utc": 18,
        "hour_wib": 1,
        "n": 43,
        "pos1h": 0.7674418604651163,
        "pos3h": 0.7441860465116279,
        "avg3h": 0.0014151497473120474,
        "median3h": 0.00239360393603949
      },
      {
        "hour_utc": 19,
        "hour_wib": 2,
        "n": 34,
        "pos1h": 0.5294117647058824,
        "pos3h": 0.5588235294117647,
        "avg3h": 0.0019185773077049102,
        "median3h": 0.0017320073803457348
      }
    ],
    "external_selected": [
      {
        "hour_utc": 4,
        "hour_wib": 11,
        "n": 64,
        "pos1h": 0.640625,
        "pos3h": 0.515625,
        "avg3h": 0.00036926210404827735,
        "median3h": 0.0002968952357239596
      },
      {
        "hour_utc": 8,
        "hour_wib": 15,
        "n": 44,
        "pos1h": 0.4772727272727273,
        "pos3h": 0.5681818181818182,
        "avg3h": 0.0011234195539174792,
        "median3h": 0.0009758874014645924
      },
      {
        "hour_utc": 18,
        "hour_wib": 1,
        "n": 49,
        "pos1h": 0.5306122448979592,
        "pos3h": 0.673469387755102,
        "avg3h": 0.004094918422363561,
        "median3h": 0.0018817969158635428
      },
      {
        "hour_utc": 19,
        "hour_wib": 2,
        "n": 35,
        "pos1h": 0.6285714285714286,
        "pos3h": 0.6857142857142857,
        "avg3h": 0.002716970900619201,
        "median3h": 0.0029744344059785544
      }
    ],
    "august_selected": [
      {
        "hour_utc": 4,
        "hour_wib": 11,
        "n": 2,
        "pos1h": 1.0,
        "pos3h": 0.5,
        "avg3h": -0.003154383964430685,
        "median3h": -0.003154383964430685
      },
      {
        "hour_utc": 8,
        "hour_wib": 15,
        "n": 0,
        "pos1h": null,
        "pos3h": null,
        "avg3h": null,
        "median3h": null
      },
      {
        "hour_utc": 18,
        "hour_wib": 1,
        "n": 2,
        "pos1h": 1.0,
        "pos3h": 0.5,
        "avg3h": 0.00045133862037644024,
        "median3h": 0.00045133862037644024
      },
      {
        "hour_utc": 19,
        "hour_wib": 2,
        "n": 3,
        "pos1h": 0.3333333333333333,
        "pos3h": 0.3333333333333333,
        "avg3h": -0.0008548459305593633,
        "median3h": -0.001264768877787703
      }
    ]
  },
  "LR1_STRUCTURE_SUPPORTED": false,
  "LR1_80_CANDIDATE": false,
  "guardrails": {
    "one_hour_only": true,
    "event_hours_utc": [
      4,
      8,
      18,
      19
    ],
    "prior_range_hours": 3,
    "august_used_for_selection": false,
    "external_used_for_selection": false
  }
}
