B27DR run start
commit=a80f1491d858956f5a0d9e3420e52050f316df00
compile_exit_code=0
run_attempt=1
# B27DR — Generic F15 SHORT Clock-Rotation Scan — Result

5m rows: **698,112**; coverage: **100.0000%**.

**London SHORT parity: PASS.** Generic 08:00 UTC reproduced persisted B27AD SAME_BAR_REJECTION fixed-E20_DOWN control.

## Development clock leaderboard

| Ref | Exec | End | N | WR | PF | Exp | Net | K1 | F15 | H2/F15 | Same-bar | Eligible |
|---|---|---|---:|---:|---:|---:|---:|---:|---:|---:|---:|---|
| 03:00 | 08:30 | 15:00 | 37 | 83.8% | 1.67 | $0.48 | $17.92 | 179 | 88 | 78.4% | 37 | YES |
| 05:00 | 10:30 | 17:00 | 34 | 73.5% | 1.63 | $0.53 | $18.01 | 199 | 92 | 77.2% | 34 | YES |
| 03:30 | 09:00 | 15:30 | 46 | 78.3% | 1.61 | $0.61 | $28.07 | 197 | 98 | 78.6% | 46 | YES |
| 20:00 | 01:30+1d | 08:00+1d | 19 | 78.9% | 3.99 | $2.08 | $39.46 | 114 | 42 | 69.0% | 19 | NO |
| 22:00 | 03:30+1d | 10:00+1d | 24 | 58.3% | 2.50 | $1.12 | $26.78 | 154 | 64 | 67.2% | 25 | NO |
| 22:30 | 04:00+1d | 10:30+1d | 19 | 52.6% | 2.32 | $1.12 | $21.22 | 144 | 65 | 73.8% | 20 | NO |
| 21:30 | 03:00+1d | 09:30+1d | 21 | 57.1% | 1.73 | $0.88 | $18.49 | 145 | 57 | 71.9% | 21 | NO |
| 23:30 | 05:00+1d | 11:30+1d | 31 | 64.5% | 1.59 | $0.42 | $13.06 | 174 | 78 | 76.9% | 31 | NO |
| 20:30 | 02:00+1d | 08:30+1d | 28 | 60.7% | 1.47 | $0.65 | $18.21 | 133 | 55 | 65.5% | 28 | NO |
| 17:00 | 22:30 | 05:00+1d | 17 | 47.1% | 1.40 | $0.51 | $8.59 | 90 | 42 | 64.3% | 17 | NO |
| 02:00 | 07:30 | 14:00 | 26 | 69.2% | 1.40 | $0.38 | $9.85 | 178 | 86 | 74.4% | 26 | NO |
| 17:30 | 23:00 | 05:30+1d | 16 | 50.0% | 1.30 | $0.29 | $4.66 | 94 | 42 | 50.0% | 16 | NO |
| 21:00 | 02:30+1d | 09:00+1d | 28 | 57.1% | 1.21 | $0.31 | $8.58 | 141 | 59 | 62.7% | 28 | NO |
| 11:00 | 16:30 | 23:00 | 26 | 61.5% | 1.17 | $0.26 | $6.77 | 134 | 60 | 58.3% | 26 | NO |
| 00:00 | 05:30 | 12:00 | 32 | 62.5% | 1.17 | $0.17 | $5.42 | 171 | 78 | 76.9% | 32 | NO |
| 04:30 | 10:00 | 16:30 | 39 | 74.4% | 1.16 | $0.18 | $7.01 | 202 | 99 | 80.8% | 39 | NO |
| 02:30 | 08:00 | 14:30 | 35 | 71.4% | 1.13 | $0.15 | $5.34 | 184 | 99 | 77.8% | 36 | NO |
| 18:00 | 23:30 | 06:00+1d | 34 | 50.0% | 1.13 | $0.17 | $5.62 | 105 | 49 | 57.1% | 34 | NO |
| 05:30 | 11:00 | 17:30 | 37 | 67.6% | 1.05 | $0.06 | $2.15 | 197 | 91 | 80.2% | 37 | NO |
| 10:30 | 16:00 | 22:30 | 37 | 62.2% | 1.03 | $0.06 | $2.10 | 169 | 83 | 71.1% | 37 | NO |

## London baseline

| Partition | N | WR | PF | Exp | Net | H2/F15 | TP |
|---|---:|---:|---:|---:|---:|---:|---:|
| external | 25 | 64.0% | 1.11 | $0.16 | $3.93 | 74.5% | 60.0% |
| development | 25 | 60.0% | 0.77 | $-0.33 | $-8.26 | 75.0% | 60.0% |
| reference_validation | 12 | 41.7% | 0.21 | $-1.93 | $-23.15 | 70.6% | 41.7% |
| august | 1 | 0.0% | 0.00 | $-2.73 | $-2.73 | 100.0% | 0.0% |

## New SHORT clock selection

Selected development clock: **reference 03:00 -> execution 08:30-15:00 UTC**.
Development N=37, WR=83.8%, PF=1.67, exp=$0.48, net=$17.92, H2/F15=78.4%.
Historical external + reference-validation replication: **NOT SUPPORTED**.

| Partition | N | WR | PF | Exp | Net | H2/F15 | TP |
|---|---:|---:|---:|---:|---:|---:|---:|
| external | 19 | 73.7% | 1.33 | $0.71 | $13.51 | 87.8% | 68.4% |
| development | 37 | 83.8% | 1.67 | $0.48 | $17.92 | 78.4% | 81.1% |
| reference_validation | 11 | 54.5% | 0.73 | $-0.38 | $-4.15 | 83.8% | 54.5% |
| august | 1 | 100.0% | inf | $1.74 | $1.74 | 100.0% | 100.0% |

**Status: B27DR_NEW_SHORT_CLOCK_DEV_CANDIDATE_NOT_REPLICATED**

Guardrail: 48-clock historical discovery with frozen SHORT structure; reused historical partitions are not pristine unseen OOS.

Research only; live BBC unchanged.
run_exit_code=0
