downloaded 10/98 archives
downloaded 20/98 archives
downloaded 30/98 archives
downloaded 40/98 archives
downloaded 50/98 archives
downloaded 60/98 archives
downloaded 70/98 archives
downloaded 80/98 archives
downloaded 90/98 archives
{
  "protocol": "BTC_H1_STATBAND_RECLAIM_SD2",
  "coverage": {
    "first": "2020-01-01 00:00:00+00:00",
    "last": "2026-08-18 23:00:00+00:00",
    "rows1h": 58128
  },
  "reference_cut": "2025-03-15 16:48:00+00:00",
  "event_rows": 1616,
  "candidates": [
    {
      "key": "LONG_K1.0",
      "k": 1.0,
      "side": "LONG",
      "direction": {
        "development": {
          "n": 109,
          "wins1h": 62,
          "wins3h": 65,
          "pos1h": 0.5688073394495413,
          "pos3h": 0.5963302752293578,
          "wilson3h": 0.5024644394796234,
          "avg3h": 0.0006490552247772256,
          "median3h": 0.001273187034712242
        },
        "reference_validation": {
          "n": 35,
          "wins1h": 17,
          "wins3h": 18,
          "pos1h": 0.4857142857142857,
          "pos3h": 0.5142857142857142,
          "wilson3h": 0.35568539626711626,
          "avg3h": -0.0001301724242034024,
          "median3h": 0.0004563794587755243
        },
        "external": {
          "n": 76,
          "wins1h": 43,
          "wins3h": 39,
          "pos1h": 0.5657894736842105,
          "pos3h": 0.5131578947368421,
          "wilson3h": 0.4028849903549509,
          "avg3h": 0.001102723933247412,
          "median3h": 9.792545498310545e-05
        },
        "august": {
          "n": 2,
          "wins1h": 1,
          "wins3h": 0,
          "pos1h": 0.5,
          "pos3h": 0.0,
          "wilson3h": 0.0,
          "avg3h": -0.00427800401269024,
          "median3h": -0.00427800401269024
        }
      },
      "execution": {
        "development": {
          "n": 109,
          "tp": 35,
          "sl": 74,
          "time": 0,
          "decisive_wr": 0.3211009174311927,
          "pnl": -121.74442505043417,
          "expectancy": -1.1169213307379282,
          "median_risk": 0.004466581186011546,
          "avg_target": 0.00855479715639732
        },
        "reference_validation": {
          "n": 35,
          "tp": 7,
          "sl": 28,
          "time": 0,
          "decisive_wr": 0.2,
          "pnl": -64.856616749771,
          "expectancy": -1.8530461928506001,
          "median_risk": 0.003528612017114899,
          "avg_target": 0.006910676994705914
        },
        "external": {
          "n": 76,
          "tp": 18,
          "sl": 58,
          "time": 0,
          "decisive_wr": 0.23684210526315788,
          "pnl": -239.7733083028641,
          "expectancy": -3.154911951353475,
          "median_risk": 0.007204162355342911,
          "avg_target": 0.013352403335948525
        },
        "august": {
          "n": 2,
          "tp": 0,
          "sl": 2,
          "time": 0,
          "decisive_wr": 0.0,
          "pnl": -3.5743379291105732,
          "expectancy": -1.7871689645552866,
          "median_risk": 0.0020743379291105735,
          "avg_target": 0.005074337929110573
        }
      },
      "external_blocks": [
        {
          "block": "B1",
          "n": 19,
          "wins1h": 11,
          "wins3h": 11,
          "pos1h": 0.5789473684210527,
          "pos3h": 0.5789473684210527,
          "wilson3h": 0.3627555146516011,
          "avg3h": 0.004934137955204751,
          "median3h": 0.0009752570107994796
        },
        {
          "block": "B2",
          "n": 19,
          "wins1h": 13,
          "wins3h": 11,
          "pos1h": 0.6842105263157895,
          "pos3h": 0.5789473684210527,
          "wilson3h": 0.3627555146516011,
          "avg3h": 0.0026309381020991284,
          "median3h": 0.00031240949073985114
        },
        {
          "block": "B3",
          "n": 19,
          "wins1h": 10,
          "wins3h": 9,
          "pos1h": 0.5263157894736842,
          "pos3h": 0.47368421052631576,
          "wilson3h": 0.2732950548744854,
          "avg3h": -0.0015451883749063179,
          "median3h": -0.0007446238160481178
        },
        {
          "block": "B4",
          "n": 19,
          "wins1h": 9,
          "wins3h": 8,
          "pos1h": 0.47368421052631576,
          "pos3h": 0.42105263157894735,
          "wilson3h": 0.2314162039203038,
          "avg3h": -0.0016089919494079131,
          "median3h": -0.0034512206123739064
        }
      ],
      "validation_by_hour": [
        {
          "hour_utc": 4,
          "hour_wib": 11,
          "n": 10,
          "wins1h": 6,
          "wins3h": 6,
          "pos1h": 0.6,
          "pos3h": 0.6,
          "wilson3h": 0.3126695474501863,
          "avg3h": 0.0007308642267816023,
          "median3h": 0.0010337196833047901
        },
        {
          "hour_utc": 8,
          "hour_wib": 15,
          "n": 10,
          "wins1h": 6,
          "wins3h": 4,
          "pos1h": 0.6,
          "pos3h": 0.4,
          "wilson3h": 0.16817758120350967,
          "avg3h": -0.0009379498831778799,
          "median3h": -0.00113542680492551
        },
        {
          "hour_utc": 18,
          "hour_wib": 1,
          "n": 7,
          "wins1h": 1,
          "wins3h": 3,
          "pos1h": 0.14285714285714285,
          "pos3h": 0.42857142857142855,
          "wilson3h": 0.15821692226262685,
          "avg3h": -0.0033113976872110357,
          "median3h": -0.0009419668887044041
        },
        {
          "hour_utc": 19,
          "hour_wib": 2,
          "n": 8,
          "wins1h": 4,
          "wins3h": 5,
          "pos1h": 0.5,
          "pos3h": 0.625,
          "wilson3h": 0.3057378545838018,
          "avg3h": 0.0025868256909151177,
          "median3h": 0.0026637416293076033
        }
      ],
      "external_by_hour": [
        {
          "hour_utc": 4,
          "hour_wib": 11,
          "n": 23,
          "wins1h": 17,
          "wins3h": 13,
          "pos1h": 0.7391304347826086,
          "pos3h": 0.5652173913043478,
          "wilson3h": 0.36811049305016963,
          "avg3h": 0.0015640305873012331,
          "median3h": 0.0016818265869484872
        },
        {
          "hour_utc": 8,
          "hour_wib": 15,
          "n": 28,
          "wins1h": 18,
          "wins3h": 13,
          "pos1h": 0.6428571428571429,
          "pos3h": 0.4642857142857143,
          "wilson3h": 0.2953130373965958,
          "avg3h": -0.00021969040171729688,
          "median3h": -0.0005308325072369002
        },
        {
          "hour_utc": 18,
          "hour_wib": 1,
          "n": 11,
          "wins1h": 3,
          "wins3h": 5,
          "pos1h": 0.2727272727272727,
          "pos3h": 0.45454545454545453,
          "wilson3h": 0.21270957543988048,
          "avg3h": 0.0033296899227454047,
          "median3h": -0.0007446238160481178
        },
        {
          "hour_utc": 19,
          "hour_wib": 2,
          "n": 14,
          "wins1h": 5,
          "wins3h": 8,
          "pos1h": 0.35714285714285715,
          "pos3h": 0.5714285714285714,
          "wilson3h": 0.3259026690286936,
          "avg3h": 0.001239932679768558,
          "median3h": 0.0004402488807530025
        }
      ],
      "august_by_hour": [
        {
          "hour_utc": 4,
          "hour_wib": 11,
          "n": 1,
          "wins1h": 1,
          "wins3h": 0,
          "pos1h": 1.0,
          "pos3h": 0.0,
          "wilson3h": 0.0,
          "avg3h": -0.007291239147592776,
          "median3h": -0.007291239147592776
        },
        {
          "hour_utc": 8,
          "hour_wib": 15,
          "n": 0,
          "wins1h": 0,
          "wins3h": 0,
          "pos1h": null,
          "pos3h": null,
          "wilson3h": null,
          "avg3h": null,
          "median3h": null
        },
        {
          "hour_utc": 18,
          "hour_wib": 1,
          "n": 0,
          "wins1h": 0,
          "wins3h": 0,
          "pos1h": null,
          "pos3h": null,
          "wilson3h": null,
          "avg3h": null,
          "median3h": null
        },
        {
          "hour_utc": 19,
          "hour_wib": 2,
          "n": 1,
          "wins1h": 0,
          "wins3h": 0,
          "pos1h": 0.0,
          "pos3h": 0.0,
          "wilson3h": 0.0,
          "avg3h": -0.001264768877787703,
          "median3h": -0.001264768877787703
        }
      ],
      "SD2_DIRECTION_SUPPORTED": false,
      "SD2_80_CANDIDATE": false,
      "SD2_EXECUTION_SUPPORTED": false
    },
    {
      "key": "SHORT_K1.0",
      "k": 1.0,
      "side": "SHORT",
      "direction": {
        "development": {
          "n": 104,
          "wins1h": 42,
          "wins3h": 48,
          "pos1h": 0.40384615384615385,
          "pos3h": 0.46153846153846156,
          "wilson3h": 0.3688084282037568,
          "avg3h": -0.0011620427132188044,
          "median3h": -0.00039662202955670356
        },
        "reference_validation": {
          "n": 49,
          "wins1h": 27,
          "wins3h": 27,
          "pos1h": 0.5510204081632653,
          "pos3h": 0.5510204081632653,
          "wilson3h": 0.4131486679967811,
          "avg3h": 0.00015486143858295048,
          "median3h": 0.0005928800975670834
        },
        "external": {
          "n": 73,
          "wins1h": 38,
          "wins3h": 37,
          "pos1h": 0.5205479452054794,
          "pos3h": 0.5068493150684932,
          "wilson3h": 0.39472044284713675,
          "avg3h": -0.0001037378097586698,
          "median3h": 0.00044332882659747774
        },
        "august": {
          "n": 0,
          "wins1h": 0,
          "wins3h": 0,
          "pos1h": null,
          "pos3h": null,
          "wilson3h": null,
          "avg3h": null,
          "median3h": null
        }
      },
      "execution": {
        "development": {
          "n": 104,
          "tp": 25,
          "sl": 79,
          "time": 0,
          "decisive_wr": 0.2403846153846154,
          "pnl": -194.82520117768135,
          "expectancy": -1.87331924209309,
          "median_risk": 0.0030513846096328805,
          "avg_target": 0.007916226136807326
        },
        "reference_validation": {
          "n": 49,
          "tp": 14,
          "sl": 35,
          "time": 0,
          "decisive_wr": 0.2857142857142857,
          "pnl": -64.40783265872523,
          "expectancy": -1.31444556446378,
          "median_risk": 0.003575884979595236,
          "avg_target": 0.006822649965846306
        },
        "external": {
          "n": 73,
          "tp": 24,
          "sl": 49,
          "time": 0,
          "decisive_wr": 0.3287671232876712,
          "pnl": -117.76881295087578,
          "expectancy": -1.6132714102859695,
          "median_risk": 0.005403211521644197,
          "avg_target": 0.009500535263435373
        },
        "august": {
          "n": 0,
          "tp": 0,
          "sl": 0,
          "time": 0,
          "decisive_wr": null,
          "pnl": 0.0,
          "expectancy": null,
          "median_risk": null,
          "avg_target": null
        }
      },
      "external_blocks": [
        {
          "block": "B1",
          "n": 18,
          "wins1h": 12,
          "wins3h": 9,
          "pos1h": 0.6666666666666666,
          "pos3h": 0.5,
          "wilson3h": 0.2903070395897999,
          "avg3h": 0.0022893468503564773,
          "median3h": 5.763578743323006e-05
        },
        {
          "block": "B2",
          "n": 18,
          "wins1h": 7,
          "wins3h": 10,
          "pos1h": 0.3888888888888889,
          "pos3h": 0.5555555555555556,
          "wilson3h": 0.33716069428251627,
          "avg3h": -0.002189525577417775,
          "median3h": 0.0005502965721823072
        },
        {
          "block": "B3",
          "n": 18,
          "wins1h": 10,
          "wins3h": 10,
          "pos1h": 0.5555555555555556,
          "pos3h": 0.5555555555555556,
          "wilson3h": 0.33716069428251627,
          "avg3h": 0.002048448375818431,
          "median3h": 0.002122307251448352
        },
        {
          "block": "B4",
          "n": 19,
          "wins1h": 9,
          "wins3h": 8,
          "pos1h": 0.47368421052631576,
          "pos3h": 0.42105263157894735,
          "wilson3h": 0.2314162039203038,
          "avg3h": -0.0024337744100005943,
          "median3h": -0.0024139814950800975
        }
      ],
      "validation_by_hour": [
        {
          "hour_utc": 4,
          "hour_wib": 11,
          "n": 12,
          "wins1h": 7,
          "wins3h": 7,
          "pos1h": 0.5833333333333334,
          "pos3h": 0.5833333333333334,
          "wilson3h": 0.3195073356553728,
          "avg3h": 0.0009161185899727217,
          "median3h": 0.002394328390323719
        },
        {
          "hour_utc": 8,
          "hour_wib": 15,
          "n": 19,
          "wins1h": 10,
          "wins3h": 12,
          "pos1h": 0.5263157894736842,
          "pos3h": 0.631578947368421,
          "wilson3h": 0.41039157498156714,
          "avg3h": 0.0013815146975046464,
          "median3h": 0.0010135373650660418
        },
        {
          "hour_utc": 18,
          "hour_wib": 1,
          "n": 10,
          "wins1h": 5,
          "wins3h": 3,
          "pos1h": 0.5,
          "pos3h": 0.3,
          "wilson3h": 0.10778928748621182,
          "avg3h": -0.0035889021939704445,
          "median3h": -0.003469972700718249
        },
        {
          "hour_utc": 19,
          "hour_wib": 2,
          "n": 8,
          "wins1h": 5,
          "wins3h": 5,
          "pos1h": 0.625,
          "pos3h": 0.625,
          "wilson3h": 0.3057378545838018,
          "avg3h": 0.0007793787622510095,
          "median3h": 0.002480367928211047
        }
      ],
      "external_by_hour": [
        {
          "hour_utc": 4,
          "hour_wib": 11,
          "n": 20,
          "wins1h": 10,
          "wins3h": 13,
          "pos1h": 0.5,
          "pos3h": 0.65,
          "wilson3h": 0.43285051021946475,
          "avg3h": 0.0021389978100604503,
          "median3h": 0.0025334179751431707
        },
        {
          "hour_utc": 8,
          "hour_wib": 15,
          "n": 23,
          "wins1h": 12,
          "wins3h": 11,
          "pos1h": 0.5217391304347826,
          "pos3h": 0.4782608695652174,
          "wilson3h": 0.29236869539945726,
          "avg3h": -8.094858638646693e-05,
          "median3h": -0.00023617791954699818
        },
        {
          "hour_utc": 18,
          "hour_wib": 1,
          "n": 10,
          "wins1h": 5,
          "wins3h": 4,
          "pos1h": 0.5,
          "pos3h": 0.4,
          "wilson3h": 0.16817758120350967,
          "avg3h": 0.0025284700927591165,
          "median3h": -0.0011923698625312396
        },
        {
          "hour_utc": 19,
          "hour_wib": 2,
          "n": 20,
          "wins1h": 11,
          "wins3h": 9,
          "pos1h": 0.55,
          "pos3h": 0.45,
          "wilson3h": 0.25819502085709295,
          "avg3h": -0.003688784987714716,
          "median3h": -0.0012815345562035008
        }
      ],
      "august_by_hour": [
        {
          "hour_utc": 4,
          "hour_wib": 11,
          "n": 0,
          "wins1h": 0,
          "wins3h": 0,
          "pos1h": null,
          "pos3h": null,
          "wilson3h": null,
          "avg3h": null,
          "median3h": null
        },
        {
          "hour_utc": 8,
          "hour_wib": 15,
          "n": 0,
          "wins1h": 0,
          "wins3h": 0,
          "pos1h": null,
          "pos3h": null,
          "wilson3h": null,
          "avg3h": null,
          "median3h": null
        },
        {
          "hour_utc": 18,
          "hour_wib": 1,
          "n": 0,
          "wins1h": 0,
          "wins3h": 0,
          "pos1h": null,
          "pos3h": null,
          "wilson3h": null,
          "avg3h": null,
          "median3h": null
        },
        {
          "hour_utc": 19,
          "hour_wib": 2,
          "n": 0,
          "wins1h": 0,
          "wins3h": 0,
          "pos1h": null,
          "pos3h": null,
          "wilson3h": null,
          "avg3h": null,
          "median3h": null
        }
      ],
      "SD2_DIRECTION_SUPPORTED": false,
      "SD2_80_CANDIDATE": false,
      "SD2_EXECUTION_SUPPORTED": false
    },
    {
      "key": "LONG_K1.5",
      "k": 1.5,
      "side": "LONG",
      "direction": {
        "development": {
          "n": 113,
          "wins1h": 63,
          "wins3h": 72,
          "pos1h": 0.5575221238938053,
          "pos3h": 0.6371681415929203,
          "wilson3h": 0.5453576101068518,
          "avg3h": 0.0009695344863880586,
          "median3h": 0.001273187034712242
        },
        "reference_validation": {
          "n": 35,
          "wins1h": 20,
          "wins3h": 21,
          "pos1h": 0.5714285714285714,
          "pos3h": 0.6,
          "wilson3h": 0.4357241958151947,
          "avg3h": 0.0009339704133647026,
          "median3h": 0.001981700426029187
        },
        "external": {
          "n": 68,
          "wins1h": 35,
          "wins3h": 39,
          "pos1h": 0.5147058823529411,
          "pos3h": 0.5735294117647058,
          "wilson3h": 0.455165693769645,
          "avg3h": 0.0013798986335752089,
          "median3h": 0.0006931044483502458
        },
        "august": {
          "n": 1,
          "wins1h": 1,
          "wins3h": 1,
          "pos1h": 1.0,
          "pos3h": 1.0,
          "wilson3h": 0.20654329147389294,
          "avg3h": 0.00017509322531172877,
          "median3h": 0.00017509322531172877
        }
      },
      "execution": {
        "development": {
          "n": 113,
          "tp": 37,
          "sl": 76,
          "time": 0,
          "decisive_wr": 0.3274336283185841,
          "pnl": -118.56166656191716,
          "expectancy": -1.049218288158559,
          "median_risk": 0.004506012778654583,
          "avg_target": 0.008470592659183894
        },
        "reference_validation": {
          "n": 35,
          "tp": 5,
          "sl": 30,
          "time": 0,
          "decisive_wr": 0.14285714285714285,
          "pnl": -63.33925005000201,
          "expectancy": -1.809692858571486,
          "median_risk": 0.0032629148293980012,
          "avg_target": 0.00717332800171405
        },
        "external": {
          "n": 68,
          "tp": 14,
          "sl": 54,
          "time": 0,
          "decisive_wr": 0.20588235294117646,
          "pnl": -282.087612810711,
          "expectancy": -4.148347247216338,
          "median_risk": 0.008172969842686614,
          "avg_target": 0.014313365659212238
        },
        "august": {
          "n": 1,
          "tp": 0,
          "sl": 1,
          "time": 0,
          "decisive_wr": 0.0,
          "pnl": -1.631775792336303,
          "expectancy": -1.631775792336303,
          "median_risk": 0.0017635515846726058,
          "avg_target": 0.004763551584672606
        }
      },
      "external_blocks": [
        {
          "block": "B1",
          "n": 17,
          "wins1h": 8,
          "wins3h": 9,
          "pos1h": 0.47058823529411764,
          "pos3h": 0.5294117647058824,
          "wilson3h": 0.3096289731154949,
          "avg3h": -0.0010911908421079193,
          "median3h": 0.0009752570107994796
        },
        {
          "block": "B2",
          "n": 17,
          "wins1h": 8,
          "wins3h": 11,
          "pos1h": 0.47058823529411764,
          "pos3h": 0.6470588235294118,
          "wilson3h": 0.4129996672121183,
          "avg3h": 0.003295922007832274,
          "median3h": 0.001004975887669568
        },
        {
          "block": "B3",
          "n": 17,
          "wins1h": 11,
          "wins3h": 12,
          "pos1h": 0.6470588235294118,
          "pos3h": 0.7058823529411765,
          "wilson3h": 0.468664666737861,
          "avg3h": -0.00042628752132641245,
          "median3h": 0.0027606257645891308
        },
        {
          "block": "B4",
          "n": 17,
          "wins1h": 8,
          "wins3h": 7,
          "pos1h": 0.47058823529411764,
          "pos3h": 0.4117647058823529,
          "wilson3h": 0.21610786039131383,
          "avg3h": 0.0037411508899028935,
          "median3h": -0.0019612586050221648
        }
      ],
      "validation_by_hour": [
        {
          "hour_utc": 4,
          "hour_wib": 11,
          "n": 12,
          "wins1h": 7,
          "wins3h": 8,
          "pos1h": 0.5833333333333334,
          "pos3h": 0.6666666666666666,
          "wilson3h": 0.3906175873976139,
          "avg3h": 0.0025400716536250665,
          "median3h": 0.002317792023337817
        },
        {
          "hour_utc": 8,
          "hour_wib": 15,
          "n": 9,
          "wins1h": 5,
          "wins3h": 3,
          "pos1h": 0.5555555555555556,
          "pos3h": 0.3333333333333333,
          "wilson3h": 0.12058159868274292,
          "avg3h": -1.790769954256187e-05,
          "median3h": -0.0006782388068937717
        },
        {
          "hour_utc": 18,
          "hour_wib": 1,
          "n": 7,
          "wins1h": 4,
          "wins3h": 4,
          "pos1h": 0.5714285714285714,
          "pos3h": 0.5714285714285714,
          "wilson3h": 0.2504542304090258,
          "avg3h": -0.0021622799077342264,
          "median3h": 0.001981700426029187
        },
        {
          "hour_utc": 19,
          "hour_wib": 2,
          "n": 7,
          "wins1h": 4,
          "wins3h": 6,
          "pos1h": 0.5714285714285714,
          "pos3h": 0.8571428571428571,
          "wilson3h": 0.4868654966809702,
          "avg3h": 0.002500747610612348,
          "median3h": 0.003260583050727295
        }
      ],
      "external_by_hour": [
        {
          "hour_utc": 4,
          "hour_wib": 11,
          "n": 24,
          "wins1h": 12,
          "wins3h": 14,
          "pos1h": 0.5,
          "pos3h": 0.5833333333333334,
          "wilson3h": 0.3883433764938864,
          "avg3h": 0.00019973675981888503,
          "median3h": 0.001540349655116402
        },
        {
          "hour_utc": 8,
          "hour_wib": 15,
          "n": 11,
          "wins1h": 5,
          "wins3h": 5,
          "pos1h": 0.45454545454545453,
          "pos3h": 0.45454545454545453,
          "wilson3h": 0.21270957543988048,
          "avg3h": -0.0010238245122354626,
          "median3h": -1.1543345261877391e-06
        },
        {
          "hour_utc": 18,
          "hour_wib": 1,
          "n": 17,
          "wins1h": 9,
          "wins3h": 12,
          "pos1h": 0.5294117647058824,
          "pos3h": 0.7058823529411765,
          "wilson3h": 0.468664666737861,
          "avg3h": 0.006160639407359649,
          "median3h": 0.0021561205734434985
        },
        {
          "hour_utc": 19,
          "hour_wib": 2,
          "n": 16,
          "wins1h": 9,
          "wins3h": 8,
          "pos1h": 0.5625,
          "pos3h": 0.5,
          "wilson3h": 0.2799923761135083,
          "avg3h": -0.00027683596519143677,
          "median3h": -0.0007262813529298473
        }
      ],
      "august_by_hour": [
        {
          "hour_utc": 4,
          "hour_wib": 11,
          "n": 0,
          "wins1h": 0,
          "wins3h": 0,
          "pos1h": null,
          "pos3h": null,
          "wilson3h": null,
          "avg3h": null,
          "median3h": null
        },
        {
          "hour_utc": 8,
          "hour_wib": 15,
          "n": 0,
          "wins1h": 0,
          "wins3h": 0,
          "pos1h": null,
          "pos3h": null,
          "wilson3h": null,
          "avg3h": null,
          "median3h": null
        },
        {
          "hour_utc": 18,
          "hour_wib": 1,
          "n": 0,
          "wins1h": 0,
          "wins3h": 0,
          "pos1h": null,
          "pos3h": null,
          "wilson3h": null,
          "avg3h": null,
          "median3h": null
        },
        {
          "hour_utc": 19,
          "hour_wib": 2,
          "n": 1,
          "wins1h": 1,
          "wins3h": 1,
          "pos1h": 1.0,
          "pos3h": 1.0,
          "wilson3h": 0.20654329147389294,
          "avg3h": 0.00017509322531172877,
          "median3h": 0.00017509322531172877
        }
      ],
      "SD2_DIRECTION_SUPPORTED": false,
      "SD2_80_CANDIDATE": false,
      "SD2_EXECUTION_SUPPORTED": false
    },
    {
      "key": "SHORT_K1.5",
      "k": 1.5,
      "side": "SHORT",
      "direction": {
        "development": {
          "n": 100,
          "wins1h": 53,
          "wins3h": 50,
          "pos1h": 0.53,
          "pos3h": 0.5,
          "wilson3h": 0.40382982859014716,
          "avg3h": -0.00024593666494651114,
          "median3h": 9.737053508257487e-05
        },
        "reference_validation": {
          "n": 48,
          "wins1h": 23,
          "wins3h": 21,
          "pos1h": 0.4791666666666667,
          "pos3h": 0.4375,
          "wilson3h": 0.30701054640410924,
          "avg3h": -0.0011340866888634518,
          "median3h": -0.0010700156451523002
        },
        "external": {
          "n": 78,
          "wins1h": 41,
          "wins3h": 40,
          "pos1h": 0.5256410256410257,
          "pos3h": 0.5128205128205128,
          "wilson3h": 0.40392509465379506,
          "avg3h": -0.0009493033177034458,
          "median3h": 0.00010870136942991993
        },
        "august": {
          "n": 1,
          "wins1h": 1,
          "wins3h": 1,
          "pos1h": 1.0,
          "pos3h": 1.0,
          "wilson3h": 0.20654329147389294,
          "avg3h": 0.003905264823323207,
          "median3h": 0.003905264823323207
        }
      },
      "execution": {
        "development": {
          "n": 100,
          "tp": 25,
          "sl": 75,
          "time": 0,
          "decisive_wr": 0.25,
          "pnl": -212.07741148249949,
          "expectancy": -2.120774114824995,
          "median_risk": 0.004293859236737562,
          "avg_target": 0.008588883820849673
        },
        "reference_validation": {
          "n": 48,
          "tp": 12,
          "sl": 36,
          "time": 0,
          "decisive_wr": 0.25,
          "pnl": -70.30444115807745,
          "expectancy": -1.464675857459947,
          "median_risk": 0.003423014506865719,
          "avg_target": 0.006861956721879541
        },
        "external": {
          "n": 78,
          "tp": 25,
          "sl": 53,
          "time": 0,
          "decisive_wr": 0.32051282051282054,
          "pnl": -112.6614500838474,
          "expectancy": -1.4443775651775308,
          "median_risk": 0.006100567193499495,
          "avg_target": 0.010560356119233581
        },
        "august": {
          "n": 1,
          "tp": 1,
          "sl": 0,
          "time": 0,
          "decisive_wr": 1.0,
          "pnl": 2.4880229929711613,
          "expectancy": 2.4880229929711613,
          "median_risk": 0.0034760459859423227,
          "avg_target": 0.006476045985942322
        }
      },
      "external_blocks": [
        {
          "block": "B1",
          "n": 19,
          "wins1h": 12,
          "wins3h": 9,
          "pos1h": 0.631578947368421,
          "pos3h": 0.47368421052631576,
          "wilson3h": 0.2732950548744854,
          "avg3h": -0.0025486736473903327,
          "median3h": -0.00013218696614103465
        },
        {
          "block": "B2",
          "n": 20,
          "wins1h": 7,
          "wins3h": 9,
          "pos1h": 0.35,
          "pos3h": 0.45,
          "wilson3h": 0.25819502085709295,
          "avg3h": -0.004387667501847487,
          "median3h": -0.0006997476775019162
        },
        {
          "block": "B3",
          "n": 19,
          "wins1h": 12,
          "wins3h": 12,
          "pos1h": 0.631578947368421,
          "pos3h": 0.631578947368421,
          "wilson3h": 0.41039157498156714,
          "avg3h": 0.004107149074462413,
          "median3h": 0.000596610193000946
        },
        {
          "block": "B4",
          "n": 20,
          "wins1h": 10,
          "wins3h": 10,
          "pos1h": 0.5,
          "pos3h": 0.5,
          "wilson3h": 0.2992949144298199,
          "avg3h": -0.0007951670929144284,
          "median3h": -0.00010085170211276973
        }
      ],
      "validation_by_hour": [
        {
          "hour_utc": 4,
          "hour_wib": 11,
          "n": 15,
          "wins1h": 9,
          "wins3h": 7,
          "pos1h": 0.6,
          "pos3h": 0.4666666666666667,
          "wilson3h": 0.24809225259746442,
          "avg3h": -0.0011396030765503217,
          "median3h": -0.0009697031379649612
        },
        {
          "hour_utc": 8,
          "hour_wib": 15,
          "n": 14,
          "wins1h": 8,
          "wins3h": 8,
          "pos1h": 0.5714285714285714,
          "pos3h": 0.5714285714285714,
          "wilson3h": 0.3259026690286936,
          "avg3h": 0.0015555724314425137,
          "median3h": 0.0008032087313165626
        },
        {
          "hour_utc": 18,
          "hour_wib": 1,
          "n": 8,
          "wins1h": 3,
          "wins3h": 4,
          "pos1h": 0.375,
          "pos3h": 0.5,
          "wilson3h": 0.2152125268244419,
          "avg3h": -0.0015720182066667754,
          "median3h": 0.0004927144741651013
        },
        {
          "hour_utc": 19,
          "hour_wib": 2,
          "n": 11,
          "wins1h": 3,
          "wins3h": 2,
          "pos1h": 0.2727272727272727,
          "pos3h": 0.18181818181818182,
          "wilson3h": 0.05136660067100062,
          "avg3h": -0.004231271209459259,
          "median3h": -0.0015773949344957128
        }
      ],
      "external_by_hour": [
        {
          "hour_utc": 4,
          "hour_wib": 11,
          "n": 20,
          "wins1h": 10,
          "wins3h": 14,
          "pos1h": 0.5,
          "pos3h": 0.7,
          "wilson3h": 0.4810232237710205,
          "avg3h": 0.0008138353430737211,
          "median3h": 0.0004941656857622156
        },
        {
          "hour_utc": 8,
          "hour_wib": 15,
          "n": 25,
          "wins1h": 12,
          "wins3h": 9,
          "pos1h": 0.48,
          "pos3h": 0.36,
          "wilson3h": 0.20247656431735636,
          "avg3h": -0.0038470393135010728,
          "median3h": -0.005429710482531824
        },
        {
          "hour_utc": 18,
          "hour_wib": 1,
          "n": 15,
          "wins1h": 8,
          "wins3h": 7,
          "pos1h": 0.5333333333333333,
          "pos3h": 0.4666666666666667,
          "wilson3h": 0.24809225259746442,
          "avg3h": -0.000728853735245701,
          "median3h": -0.00013218696614103465
        },
        {
          "hour_utc": 19,
          "hour_wib": 2,
          "n": 18,
          "wins1h": 11,
          "wins3h": 10,
          "pos1h": 0.6111111111111112,
          "pos3h": 0.5555555555555556,
          "wilson3h": 0.33716069428251627,
          "avg3h": 0.00093257906799273,
          "median3h": 0.0019384195222432177
        }
      ],
      "august_by_hour": [
        {
          "hour_utc": 4,
          "hour_wib": 11,
          "n": 0,
          "wins1h": 0,
          "wins3h": 0,
          "pos1h": null,
          "pos3h": null,
          "wilson3h": null,
          "avg3h": null,
          "median3h": null
        },
        {
          "hour_utc": 8,
          "hour_wib": 15,
          "n": 0,
          "wins1h": 0,
          "wins3h": 0,
          "pos1h": null,
          "pos3h": null,
          "wilson3h": null,
          "avg3h": null,
          "median3h": null
        },
        {
          "hour_utc": 18,
          "hour_wib": 1,
          "n": 0,
          "wins1h": 0,
          "wins3h": 0,
          "pos1h": null,
          "pos3h": null,
          "wilson3h": null,
          "avg3h": null,
          "median3h": null
        },
        {
          "hour_utc": 19,
          "hour_wib": 2,
          "n": 1,
          "wins1h": 1,
          "wins3h": 1,
          "pos1h": 1.0,
          "pos3h": 1.0,
          "wilson3h": 0.20654329147389294,
          "avg3h": 0.003905264823323207,
          "median3h": 0.003905264823323207
        }
      ],
      "SD2_DIRECTION_SUPPORTED": false,
      "SD2_80_CANDIDATE": false,
      "SD2_EXECUTION_SUPPORTED": false
    },
    {
      "key": "LONG_K2.0",
      "k": 2.0,
      "side": "LONG",
      "direction": {
        "development": {
          "n": 103,
          "wins1h": 64,
          "wins3h": 70,
          "pos1h": 0.6213592233009708,
          "pos3h": 0.6796116504854369,
          "wilson3h": 0.5844362166569979,
          "avg3h": 0.0014642566229090214,
          "median3h": 0.001632254298071123
        },
        "reference_validation": {
          "n": 35,
          "wins1h": 23,
          "wins3h": 21,
          "pos1h": 0.6571428571428571,
          "pos3h": 0.6,
          "wilson3h": 0.4357241958151947,
          "avg3h": 0.0005426926785675056,
          "median3h": 0.0012169993560851022
        },
        "external": {
          "n": 64,
          "wins1h": 33,
          "wins3h": 37,
          "pos1h": 0.515625,
          "pos3h": 0.578125,
          "wilson3h": 0.4560981205252726,
          "avg3h": 0.002031546188194738,
          "median3h": 0.0007757133273698091
        },
        "august": {
          "n": 3,
          "wins1h": 2,
          "wins3h": 2,
          "pos1h": 0.6666666666666666,
          "pos3h": 0.6666666666666666,
          "wilson3h": 0.20765495512648788,
          "avg3h": 0.0005344638446154552,
          "median3h": 0.0009824712187314066
        }
      },
      "execution": {
        "development": {
          "n": 103,
          "tp": 35,
          "sl": 68,
          "time": 0,
          "decisive_wr": 0.33980582524271846,
          "pnl": -124.68472808152887,
          "expectancy": -1.2105313405973677,
          "median_risk": 0.004715747633409491,
          "avg_target": 0.008819737016849703
        },
        "reference_validation": {
          "n": 35,
          "tp": 11,
          "sl": 24,
          "time": 0,
          "decisive_wr": 0.3142857142857143,
          "pnl": -40.00287086017717,
          "expectancy": -1.1429391674336333,
          "median_risk": 0.003996005707111501,
          "avg_target": 0.00832691222413746
        },
        "external": {
          "n": 64,
          "tp": 18,
          "sl": 46,
          "time": 0,
          "decisive_wr": 0.28125,
          "pnl": -205.6282202090792,
          "expectancy": -3.2129409407668623,
          "median_risk": 0.010502135607296431,
          "avg_target": 0.015516626173740937
        },
        "august": {
          "n": 3,
          "tp": 1,
          "sl": 2,
          "time": 0,
          "decisive_wr": 0.3333333333333333,
          "pnl": -3.0239555600453003,
          "expectancy": -1.0079851866817668,
          "median_risk": 0.0015180815186420409,
          "avg_target": 0.005528024719124894
        }
      },
      "external_blocks": [
        {
          "block": "B1",
          "n": 16,
          "wins1h": 7,
          "wins3h": 10,
          "pos1h": 0.4375,
          "pos3h": 0.625,
          "wilson3h": 0.38640647097934805,
          "avg3h": 0.0008141873741113678,
          "median3h": 0.0007589404459157345
        },
        {
          "block": "B2",
          "n": 16,
          "wins1h": 9,
          "wins3h": 10,
          "pos1h": 0.5625,
          "pos3h": 0.625,
          "wilson3h": 0.38640647097934805,
          "avg3h": 0.004365924472435757,
          "median3h": 0.0025112456619632573
        },
        {
          "block": "B3",
          "n": 16,
          "wins1h": 9,
          "wins3h": 10,
          "pos1h": 0.5625,
          "pos3h": 0.625,
          "wilson3h": 0.38640647097934805,
          "avg3h": 0.000388516468174227,
          "median3h": 0.003281697523988103
        },
        {
          "block": "B4",
          "n": 16,
          "wins1h": 8,
          "wins3h": 7,
          "pos1h": 0.5,
          "pos3h": 0.4375,
          "wilson3h": 0.2309836333518552,
          "avg3h": 0.0025575564380575996,
          "median3h": -0.0009543722716894854
        }
      ],
      "validation_by_hour": [
        {
          "hour_utc": 4,
          "hour_wib": 11,
          "n": 9,
          "wins1h": 5,
          "wins3h": 4,
          "pos1h": 0.5555555555555556,
          "pos3h": 0.4444444444444444,
          "wilson3h": 0.188775429471914,
          "avg3h": -0.0015776794266116518,
          "median3h": -0.0006781870085709185
        },
        {
          "hour_utc": 8,
          "hour_wib": 15,
          "n": 7,
          "wins1h": 4,
          "wins3h": 5,
          "pos1h": 0.5714285714285714,
          "pos3h": 0.7142857142857143,
          "wilson3h": 0.35892909014821267,
          "avg3h": 0.001736840046670867,
          "median3h": 0.0017564168723878115
        },
        {
          "hour_utc": 18,
          "hour_wib": 1,
          "n": 7,
          "wins1h": 5,
          "wins3h": 4,
          "pos1h": 0.7142857142857143,
          "pos3h": 0.5714285714285714,
          "wilson3h": 0.2504542304090258,
          "avg3h": 0.0008301474448469641,
          "median3h": 0.0005919603080128955
        },
        {
          "hour_utc": 19,
          "hour_wib": 2,
          "n": 12,
          "wins1h": 9,
          "wins3h": 8,
          "pos1h": 0.75,
          "pos3h": 0.6666666666666666,
          "wilson3h": 0.3906175873976139,
          "avg3h": 0.001268703845728562,
          "median3h": 0.002464597949977665
        }
      ],
      "external_by_hour": [
        {
          "hour_utc": 4,
          "hour_wib": 11,
          "n": 21,
          "wins1h": 12,
          "wins3h": 13,
          "pos1h": 0.5714285714285714,
          "pos3h": 0.6190476190476191,
          "wilson3h": 0.40878295815501514,
          "avg3h": 0.002746569499270789,
          "median3h": 0.001888748042651489
        },
        {
          "hour_utc": 8,
          "hour_wib": 15,
          "n": 14,
          "wins1h": 6,
          "wins3h": 8,
          "pos1h": 0.42857142857142855,
          "pos3h": 0.5714285714285714,
          "wilson3h": 0.3259026690286936,
          "avg3h": 0.002098546645048977,
          "median3h": 0.0017653853187189483
        },
        {
          "hour_utc": 18,
          "hour_wib": 1,
          "n": 18,
          "wins1h": 9,
          "wins3h": 12,
          "pos1h": 0.5,
          "pos3h": 0.6666666666666666,
          "wilson3h": 0.4374906934425036,
          "avg3h": 0.0045586352587668865,
          "median3h": 0.001565688792121489
        },
        {
          "hour_utc": 19,
          "hour_wib": 2,
          "n": 11,
          "wins1h": 6,
          "wins3h": 4,
          "pos1h": 0.5454545454545454,
          "pos3h": 0.36363636363636365,
          "wilson3h": 0.15166223614131386,
          "avg3h": -0.003554008284428453,
          "median3h": -0.0015230212146053468
        }
      ],
      "august_by_hour": [
        {
          "hour_utc": 4,
          "hour_wib": 11,
          "n": 1,
          "wins1h": 1,
          "wins3h": 1,
          "pos1h": 1.0,
          "pos3h": 1.0,
          "wilson3h": 0.20654329147389294,
          "avg3h": 0.0009824712187314066,
          "median3h": 0.0009824712187314066
        },
        {
          "hour_utc": 8,
          "hour_wib": 15,
          "n": 0,
          "wins1h": 0,
          "wins3h": 0,
          "pos1h": null,
          "pos3h": null,
          "wilson3h": null,
          "avg3h": null,
          "median3h": null
        },
        {
          "hour_utc": 18,
          "hour_wib": 1,
          "n": 0,
          "wins1h": 0,
          "wins3h": 0,
          "pos1h": null,
          "pos3h": null,
          "wilson3h": null,
          "avg3h": null,
          "median3h": null
        },
        {
          "hour_utc": 19,
          "hour_wib": 2,
          "n": 2,
          "wins1h": 1,
          "wins3h": 1,
          "pos1h": 0.5,
          "pos3h": 0.5,
          "wilson3h": 0.09452865480086611,
          "avg3h": 0.00031046015755747947,
          "median3h": 0.00031046015755747947
        }
      ],
      "SD2_DIRECTION_SUPPORTED": false,
      "SD2_80_CANDIDATE": false,
      "SD2_EXECUTION_SUPPORTED": false
    },
    {
      "key": "SHORT_K2.0",
      "k": 2.0,
      "side": "SHORT",
      "direction": {
        "development": {
          "n": 77,
          "wins1h": 43,
          "wins3h": 46,
          "pos1h": 0.5584415584415584,
          "pos3h": 0.5974025974025974,
          "wilson3h": 0.4857664933049152,
          "avg3h": -0.00010596528327041225,
          "median3h": 0.0008117270687104661
        },
        "reference_validation": {
          "n": 50,
          "wins1h": 25,
          "wins3h": 21,
          "pos1h": 0.5,
          "pos3h": 0.42,
          "wilson3h": 0.2937479723456693,
          "avg3h": -0.0007237872186311934,
          "median3h": -0.000778098017989115
        },
        "external": {
          "n": 64,
          "wins1h": 28,
          "wins3h": 29,
          "pos1h": 0.4375,
          "pos3h": 0.453125,
          "wilson3h": 0.33729251486034373,
          "avg3h": -0.0018488791331618612,
          "median3h": -0.0012315725037351788
        },
        "august": {
          "n": 1,
          "wins1h": 0,
          "wins3h": 0,
          "pos1h": 0.0,
          "pos3h": 0.0,
          "wilson3h": 0.0,
          "avg3h": -0.0006339830491313148,
          "median3h": -0.0006339830491313148
        }
      },
      "execution": {
        "development": {
          "n": 77,
          "tp": 17,
          "sl": 60,
          "time": 0,
          "decisive_wr": 0.22077922077922077,
          "pnl": -183.09371221458326,
          "expectancy": -2.3778404183712114,
          "median_risk": 0.00501201368665271,
          "avg_target": 0.009247258028907822
        },
        "reference_validation": {
          "n": 50,
          "tp": 10,
          "sl": 40,
          "time": 0,
          "decisive_wr": 0.2,
          "pnl": -82.28315672799948,
          "expectancy": -1.6456631345599897,
          "median_risk": 0.003903240610448668,
          "avg_target": 0.007171544804039551
        },
        "external": {
          "n": 64,
          "tp": 25,
          "sl": 39,
          "time": 0,
          "decisive_wr": 0.390625,
          "pnl": -59.21003033455764,
          "expectancy": -0.9251567239774632,
          "median_risk": 0.007128162651075235,
          "avg_target": 0.011246686675045078
        },
        "august": {
          "n": 1,
          "tp": 0,
          "sl": 1,
          "time": 0,
          "decisive_wr": 0.0,
          "pnl": -2.235264956625879,
          "expectancy": -2.235264956625879,
          "median_risk": 0.002970529913251758,
          "avg_target": 0.005970529913251758
        }
      },
      "external_blocks": [
        {
          "block": "B1",
          "n": 16,
          "wins1h": 7,
          "wins3h": 8,
          "pos1h": 0.4375,
          "pos3h": 0.5,
          "wilson3h": 0.2799923761135083,
          "avg3h": -0.0013119073401257342,
          "median3h": -0.00014267185186916942
        },
        {
          "block": "B2",
          "n": 16,
          "wins1h": 4,
          "wins3h": 7,
          "pos1h": 0.25,
          "pos3h": 0.4375,
          "wilson3h": 0.2309836333518552,
          "avg3h": -0.005834926995879508,
          "median3h": -0.0011255095922487746
        },
        {
          "block": "B3",
          "n": 16,
          "wins1h": 8,
          "wins3h": 8,
          "pos1h": 0.5,
          "pos3h": 0.5,
          "wilson3h": 0.2799923761135083,
          "avg3h": 0.0008092172346901155,
          "median3h": 0.0001470079707887595
        },
        {
          "block": "B4",
          "n": 16,
          "wins1h": 9,
          "wins3h": 6,
          "pos1h": 0.5625,
          "pos3h": 0.375,
          "wilson3h": 0.18480982554752803,
          "avg3h": -0.0010578994313323181,
          "median3h": -0.004209439320464914
        }
      ],
      "validation_by_hour": [
        {
          "hour_utc": 4,
          "hour_wib": 11,
          "n": 6,
          "wins1h": 4,
          "wins3h": 5,
          "pos1h": 0.6666666666666666,
          "pos3h": 0.8333333333333334,
          "wilson3h": 0.4364905634363539,
          "avg3h": 0.0005106660767423277,
          "median3h": 0.0016420354633329692
        },
        {
          "hour_utc": 8,
          "hour_wib": 15,
          "n": 14,
          "wins1h": 8,
          "wins3h": 7,
          "pos1h": 0.5714285714285714,
          "pos3h": 0.5,
          "wilson3h": 0.2679886791947528,
          "avg3h": 0.0020605262391675816,
          "median3h": -8.204727464106165e-05
        },
        {
          "hour_utc": 18,
          "hour_wib": 1,
          "n": 12,
          "wins1h": 4,
          "wins3h": 4,
          "pos1h": 0.3333333333333333,
          "pos3h": 0.3333333333333333,
          "wilson3h": 0.13811783989736134,
          "avg3h": -0.001571988244992199,
          "median3h": -0.0008190745189139426
        },
        {
          "hour_utc": 19,
          "hour_wib": 2,
          "n": 18,
          "wins1h": 9,
          "wins3h": 5,
          "pos1h": 0.5,
          "pos3h": 0.2777777777777778,
          "wilson3h": 0.12499569146355476,
          "avg3h": -0.0027353814333585216,
          "median3h": -0.001949530403781763
        }
      ],
      "external_by_hour": [
        {
          "hour_utc": 4,
          "hour_wib": 11,
          "n": 19,
          "wins1h": 10,
          "wins3h": 10,
          "pos1h": 0.5263157894736842,
          "pos3h": 0.5263157894736842,
          "wilson3h": 0.31707482511825114,
          "avg3h": 0.0007794059722398755,
          "median3h": 0.0003917211785234853
        },
        {
          "hour_utc": 8,
          "hour_wib": 15,
          "n": 19,
          "wins1h": 7,
          "wins3h": 7,
          "pos1h": 0.3684210526315789,
          "pos3h": 0.3684210526315789,
          "wilson3h": 0.19149272376273838,
          "avg3h": -0.006285793225374714,
          "median3h": -0.005893723109720916
        },
        {
          "hour_utc": 18,
          "hour_wib": 1,
          "n": 13,
          "wins1h": 6,
          "wins3h": 7,
          "pos1h": 0.46153846153846156,
          "pos3h": 0.5384615384615384,
          "wilson3h": 0.29143432431832045,
          "avg3h": 0.0021452573436143364,
          "median3h": 0.0010940512872027464
        },
        {
          "hour_utc": 19,
          "hour_wib": 2,
          "n": 13,
          "wins1h": 5,
          "wins3h": 5,
          "pos1h": 0.38461538461538464,
          "pos3h": 0.38461538461538464,
          "wilson3h": 0.17709446581236818,
          "avg3h": -0.003199634783060273,
          "median3h": -0.0014742468379689289
        }
      ],
      "august_by_hour": [
        {
          "hour_utc": 4,
          "hour_wib": 11,
          "n": 0,
          "wins1h": 0,
          "wins3h": 0,
          "pos1h": null,
          "pos3h": null,
          "wilson3h": null,
          "avg3h": null,
          "median3h": null
        },
        {
          "hour_utc": 8,
          "hour_wib": 15,
          "n": 0,
          "wins1h": 0,
          "wins3h": 0,
          "pos1h": null,
          "pos3h": null,
          "wilson3h": null,
          "avg3h": null,
          "median3h": null
        },
        {
          "hour_utc": 18,
          "hour_wib": 1,
          "n": 0,
          "wins1h": 0,
          "wins3h": 0,
          "pos1h": null,
          "pos3h": null,
          "wilson3h": null,
          "avg3h": null,
          "median3h": null
        },
        {
          "hour_utc": 19,
          "hour_wib": 2,
          "n": 1,
          "wins1h": 0,
          "wins3h": 0,
          "pos1h": 0.0,
          "pos3h": 0.0,
          "wilson3h": 0.0,
          "avg3h": -0.0006339830491313148,
          "median3h": -0.0006339830491313148
        }
      ],
      "SD2_DIRECTION_SUPPORTED": false,
      "SD2_80_CANDIDATE": false,
      "SD2_EXECUTION_SUPPORTED": false
    },
    {
      "key": "LONG_K2.5",
      "k": 2.5,
      "side": "LONG",
      "direction": {
        "development": {
          "n": 86,
          "wins1h": 52,
          "wins3h": 60,
          "pos1h": 0.6046511627906976,
          "pos3h": 0.6976744186046512,
          "wilson3h": 0.5938776628562396,
          "avg3h": 0.0019384957914581303,
          "median3h": 0.0017762461906121185
        },
        "reference_validation": {
          "n": 38,
          "wins1h": 22,
          "wins3h": 24,
          "pos1h": 0.5789473684210527,
          "pos3h": 0.631578947368421,
          "wilson3h": 0.4728367282426011,
          "avg3h": 0.0013294951893064032,
          "median3h": 0.0029207044980391617
        },
        "external": {
          "n": 68,
          "wins1h": 33,
          "wins3h": 42,
          "pos1h": 0.4852941176470588,
          "pos3h": 0.6176470588235294,
          "wilson3h": 0.49880494200915176,
          "avg3h": 0.0015822758431805163,
          "median3h": 0.0021706916682204813
        },
        "august": {
          "n": 2,
          "wins1h": 1,
          "wins3h": 1,
          "pos1h": 0.5,
          "pos3h": 0.5,
          "wilson3h": 0.09452865480086611,
          "avg3h": 0.0005113670454175434,
          "median3h": 0.0005113670454175434
        }
      },
      "execution": {
        "development": {
          "n": 86,
          "tp": 24,
          "sl": 62,
          "time": 0,
          "decisive_wr": 0.27906976744186046,
          "pnl": -167.45985736827058,
          "expectancy": -1.9472076438170998,
          "median_risk": 0.005890712634768653,
          "avg_target": 0.009780262355937265
        },
        "reference_validation": {
          "n": 38,
          "tp": 11,
          "sl": 27,
          "time": 0,
          "decisive_wr": 0.2894736842105263,
          "pnl": -70.19050981005884,
          "expectancy": -1.8471186792120748,
          "median_risk": 0.006907405728647625,
          "avg_target": 0.010468890505869249
        },
        "external": {
          "n": 68,
          "tp": 16,
          "sl": 52,
          "time": 0,
          "decisive_wr": 0.23529411764705882,
          "pnl": -288.7783488279872,
          "expectancy": -4.246740423940988,
          "median_risk": 0.012171288567672373,
          "avg_target": 0.016041370480142376
        },
        "august": {
          "n": 2,
          "tp": 0,
          "sl": 2,
          "time": 0,
          "decisive_wr": 0.0,
          "pnl": -5.793609808343517,
          "expectancy": -2.8968049041717583,
          "median_risk": 0.004293609808343516,
          "avg_target": 0.007293609808343517
        }
      },
      "external_blocks": [
        {
          "block": "B1",
          "n": 17,
          "wins1h": 7,
          "wins3h": 9,
          "pos1h": 0.4117647058823529,
          "pos3h": 0.5294117647058824,
          "wilson3h": 0.3096289731154949,
          "avg3h": -0.0009223223501307038,
          "median3h": 0.00015875848673596593
        },
        {
          "block": "B2",
          "n": 17,
          "wins1h": 8,
          "wins3h": 10,
          "pos1h": 0.47058823529411764,
          "pos3h": 0.5882352941176471,
          "wilson3h": 0.3600507438551554,
          "avg3h": -0.0002472248520914923,
          "median3h": 0.0005761696439401387
        },
        {
          "block": "B3",
          "n": 17,
          "wins1h": 7,
          "wins3h": 10,
          "pos1h": 0.4117647058823529,
          "pos3h": 0.5882352941176471,
          "wilson3h": 0.3600507438551554,
          "avg3h": 0.0019145746162588535,
          "median3h": 0.0027606257645891308
        },
        {
          "block": "B4",
          "n": 17,
          "wins1h": 11,
          "wins3h": 13,
          "pos1h": 0.6470588235294118,
          "pos3h": 0.7647058823529411,
          "wilson3h": 0.5273775411082839,
          "avg3h": 0.005584075958685408,
          "median3h": 0.003878447649868555
        }
      ],
      "validation_by_hour": [
        {
          "hour_utc": 4,
          "hour_wib": 11,
          "n": 8,
          "wins1h": 2,
          "wins3h": 2,
          "pos1h": 0.25,
          "pos3h": 0.25,
          "wilson3h": 0.07147768885802765,
          "avg3h": -0.003063335250158325,
          "median3h": -0.004356018335792133
        },
        {
          "hour_utc": 8,
          "hour_wib": 15,
          "n": 3,
          "wins1h": 3,
          "wins3h": 2,
          "pos1h": 1.0,
          "pos3h": 0.6666666666666666,
          "wilson3h": 0.20765495512648788,
          "avg3h": 0.0020766636701185317,
          "median3h": 0.0012169993560851022
        },
        {
          "hour_utc": 18,
          "hour_wib": 1,
          "n": 13,
          "wins1h": 7,
          "wins3h": 8,
          "pos1h": 0.5384615384615384,
          "pos3h": 0.6153846153846154,
          "wilson3h": 0.3552248097226855,
          "avg3h": -0.002658080176193665,
          "median3h": 0.0012975093562370699
        },
        {
          "hour_utc": 19,
          "hour_wib": 2,
          "n": 14,
          "wins1h": 10,
          "wins3h": 12,
          "pos1h": 0.7142857142857143,
          "pos3h": 0.8571428571428571,
          "wilson3h": 0.600580922361363,
          "avg3h": 0.007382325033933712,
          "median3h": 0.007715228896328807
        }
      ],
      "external_by_hour": [
        {
          "hour_utc": 4,
          "hour_wib": 11,
          "n": 17,
          "wins1h": 9,
          "wins3h": 9,
          "pos1h": 0.5294117647058824,
          "pos3h": 0.5294117647058824,
          "wilson3h": 0.3096289731154949,
          "avg3h": 0.0033768056990573603,
          "median3h": 0.001783881056222958
        },
        {
          "hour_utc": 8,
          "hour_wib": 15,
          "n": 20,
          "wins1h": 9,
          "wins3h": 13,
          "pos1h": 0.45,
          "pos3h": 0.65,
          "wilson3h": 0.43285051021946475,
          "avg3h": 0.0015246729375245239,
          "median3h": 0.005072268480145192
        },
        {
          "hour_utc": 18,
          "hour_wib": 1,
          "n": 20,
          "wins1h": 10,
          "wins3h": 13,
          "pos1h": 0.5,
          "pos3h": 0.65,
          "wilson3h": 0.43285051021946475,
          "avg3h": 0.0021437029189802226,
          "median3h": 0.0021706916682204813
        },
        {
          "hour_utc": 19,
          "hour_wib": 2,
          "n": 11,
          "wins1h": 5,
          "wins3h": 7,
          "pos1h": 0.45454545454545453,
          "pos3h": 0.6363636363636364,
          "wilson3h": 0.35379677689163724,
          "avg3h": -0.002107132425254086,
          "median3h": 0.0021348699717962383
        }
      ],
      "august_by_hour": [
        {
          "hour_utc": 4,
          "hour_wib": 11,
          "n": 0,
          "wins1h": 0,
          "wins3h": 0,
          "pos1h": null,
          "pos3h": null,
          "wilson3h": null,
          "avg3h": null,
          "median3h": null
        },
        {
          "hour_utc": 8,
          "hour_wib": 15,
          "n": 1,
          "wins1h": 0,
          "wins3h": 0,
          "pos1h": 0.0,
          "pos3h": 0.0,
          "wilson3h": 0.0,
          "avg3h": -0.0010730483634819876,
          "median3h": -0.0010730483634819876
        },
        {
          "hour_utc": 18,
          "hour_wib": 1,
          "n": 0,
          "wins1h": 0,
          "wins3h": 0,
          "pos1h": null,
          "pos3h": null,
          "wilson3h": null,
          "avg3h": null,
          "median3h": null
        },
        {
          "hour_utc": 19,
          "hour_wib": 2,
          "n": 1,
          "wins1h": 1,
          "wins3h": 1,
          "pos1h": 1.0,
          "pos3h": 1.0,
          "wilson3h": 0.20654329147389294,
          "avg3h": 0.0020957824543170744,
          "median3h": 0.0020957824543170744
        }
      ],
      "SD2_DIRECTION_SUPPORTED": false,
      "SD2_80_CANDIDATE": false,
      "SD2_EXECUTION_SUPPORTED": false
    },
    {
      "key": "SHORT_K2.5",
      "k": 2.5,
      "side": "SHORT",
      "direction": {
        "development": {
          "n": 69,
          "wins1h": 35,
          "wins3h": 31,
          "pos1h": 0.5072463768115942,
          "pos3h": 0.4492753623188406,
          "wilson3h": 0.33768665943438886,
          "avg3h": -0.00048215332689071705,
          "median3h": -0.00033785167287780915
        },
        "reference_validation": {
          "n": 23,
          "wins1h": 17,
          "wins3h": 11,
          "pos1h": 0.7391304347826086,
          "pos3h": 0.4782608695652174,
          "wilson3h": 0.29236869539945726,
          "avg3h": 0.0003586331015714223,
          "median3h": -0.00026022453237217746
        },
        "external": {
          "n": 40,
          "wins1h": 17,
          "wins3h": 22,
          "pos1h": 0.425,
          "pos3h": 0.55,
          "wilson3h": 0.3982882988844078,
          "avg3h": -0.0014641915426542335,
          "median3h": 0.0004683465290626909
        },
        "august": {
          "n": 1,
          "wins1h": 0,
          "wins3h": 0,
          "pos1h": 0.0,
          "pos3h": 0.0,
          "wilson3h": 0.0,
          "avg3h": -0.0006339830491313148,
          "median3h": -0.0006339830491313148
        }
      },
      "execution": {
        "development": {
          "n": 69,
          "tp": 12,
          "sl": 57,
          "time": 0,
          "decisive_wr": 0.17391304347826086,
          "pnl": -182.10238716593616,
          "expectancy": -2.6391650313903794,
          "median_risk": 0.005752267521173624,
          "avg_target": 0.009514013771254676
        },
        "reference_validation": {
          "n": 23,
          "tp": 7,
          "sl": 16,
          "time": 0,
          "decisive_wr": 0.30434782608695654,
          "pnl": -22.396523750390436,
          "expectancy": -0.9737619021908885,
          "median_risk": 0.0038803023365069546,
          "avg_target": 0.00722368947692217
        },
        "external": {
          "n": 40,
          "tp": 15,
          "sl": 25,
          "time": 0,
          "decisive_wr": 0.375,
          "pnl": -34.80547570969803,
          "expectancy": -0.8701368927424508,
          "median_risk": 0.00832354664736117,
          "avg_target": 0.012152901007911443
        },
        "august": {
          "n": 1,
          "tp": 0,
          "sl": 1,
          "time": 0,
          "decisive_wr": 0.0,
          "pnl": -2.235264956625879,
          "expectancy": -2.235264956625879,
          "median_risk": 0.002970529913251758,
          "avg_target": 0.005970529913251758
        }
      },
      "external_blocks": [
        {
          "block": "B1",
          "n": 10,
          "wins1h": 4,
          "wins3h": 4,
          "pos1h": 0.4,
          "pos3h": 0.4,
          "wilson3h": 0.16817758120350967,
          "avg3h": -0.0025243663441156363,
          "median3h": -0.0006965365081241792
        },
        {
          "block": "B2",
          "n": 10,
          "wins1h": 5,
          "wins3h": 5,
          "pos1h": 0.5,
          "pos3h": 0.5,
          "wilson3h": 0.2365895936154873,
          "avg3h": -0.005996934573127022,
          "median3h": -0.0036135759722604743
        },
        {
          "block": "B3",
          "n": 10,
          "wins1h": 6,
          "wins3h": 8,
          "pos1h": 0.6,
          "pos3h": 0.8,
          "wilson3h": 0.49015684672072346,
          "avg3h": 0.0036308961736464585,
          "median3h": 0.003871323530645343
        },
        {
          "block": "B4",
          "n": 10,
          "wins1h": 2,
          "wins3h": 5,
          "pos1h": 0.2,
          "pos3h": 0.5,
          "wilson3h": 0.2365895936154873,
          "avg3h": -0.0009663614270207343,
          "median3h": -9.593819924663682e-05
        }
      ],
      "validation_by_hour": [
        {
          "hour_utc": 4,
          "hour_wib": 11,
          "n": 3,
          "wins1h": 1,
          "wins3h": 1,
          "pos1h": 0.3333333333333333,
          "pos3h": 0.3333333333333333,
          "wilson3h": 0.061490315276160515,
          "avg3h": -0.0018122876065493159,
          "median3h": -0.0013420188736454897
        },
        {
          "hour_utc": 8,
          "hour_wib": 15,
          "n": 5,
          "wins1h": 4,
          "wins3h": 3,
          "pos1h": 0.8,
          "pos3h": 0.6,
          "wilson3h": 0.23071993220883702,
          "avg3h": 0.0026394283339585822,
          "median3h": 0.001937359651502657
        },
        {
          "hour_utc": 18,
          "hour_wib": 1,
          "n": 6,
          "wins1h": 5,
          "wins3h": 4,
          "pos1h": 0.8333333333333334,
          "pos3h": 0.6666666666666666,
          "wilson3h": 0.2999883213415286,
          "avg3h": 0.001251726847247725,
          "median3h": 0.0015300225407824941
        },
        {
          "hour_utc": 19,
          "hour_wib": 2,
          "n": 9,
          "wins1h": 7,
          "wins3h": 3,
          "pos1h": 0.7777777777777778,
          "pos3h": 0.3333333333333333,
          "wilson3h": 0.12058159868274292,
          "avg3h": -0.0007802309552765112,
          "median3h": -0.0011254977154389056
        }
      ],
      "external_by_hour": [
        {
          "hour_utc": 4,
          "hour_wib": 11,
          "n": 11,
          "wins1h": 6,
          "wins3h": 7,
          "pos1h": 0.5454545454545454,
          "pos3h": 0.6363636363636364,
          "wilson3h": 0.35379677689163724,
          "avg3h": 8.6885837183556e-06,
          "median3h": 0.0010304560673450869
        },
        {
          "hour_utc": 8,
          "hour_wib": 15,
          "n": 12,
          "wins1h": 5,
          "wins3h": 7,
          "pos1h": 0.4166666666666667,
          "pos3h": 0.5833333333333334,
          "wilson3h": 0.3195073356553728,
          "avg3h": -0.004612912585222386,
          "median3h": 0.0010630411440714083
        },
        {
          "hour_utc": 18,
          "hour_wib": 1,
          "n": 9,
          "wins1h": 5,
          "wins3h": 5,
          "pos1h": 0.5555555555555556,
          "pos3h": 0.5555555555555556,
          "wilson3h": 0.26664734574402965,
          "avg3h": 0.0016590538170135278,
          "median3h": 0.00017440769314858162
        },
        {
          "hour_utc": 19,
          "hour_wib": 2,
          "n": 8,
          "wins1h": 1,
          "wins3h": 3,
          "pos1h": 0.125,
          "pos3h": 0.375,
          "wilson3h": 0.13684175946152105,
          "avg3h": -0.002279971182190546,
          "median3h": -0.0006965365081241792
        }
      ],
      "august_by_hour": [
        {
          "hour_utc": 4,
          "hour_wib": 11,
          "n": 0,
          "wins1h": 0,
          "wins3h": 0,
          "pos1h": null,
          "pos3h": null,
          "wilson3h": null,
          "avg3h": null,
          "median3h": null
        },
        {
          "hour_utc": 8,
          "hour_wib": 15,
          "n": 0,
          "wins1h": 0,
          "wins3h": 0,
          "pos1h": null,
          "pos3h": null,
          "wilson3h": null,
          "avg3h": null,
          "median3h": null
        },
        {
          "hour_utc": 18,
          "hour_wib": 1,
          "n": 0,
          "wins1h": 0,
          "wins3h": 0,
          "pos1h": null,
          "pos3h": null,
          "wilson3h": null,
          "avg3h": null,
          "median3h": null
        },
        {
          "hour_utc": 19,
          "hour_wib": 2,
          "n": 1,
          "wins1h": 0,
          "wins3h": 0,
          "pos1h": 0.0,
          "pos3h": 0.0,
          "wilson3h": 0.0,
          "avg3h": -0.0006339830491313148,
          "median3h": -0.0006339830491313148
        }
      ],
      "SD2_DIRECTION_SUPPORTED": false,
      "SD2_80_CANDIDATE": false,
      "SD2_EXECUTION_SUPPORTED": false
    }
  ]
}
