# ETH B27DX V2 — M1R Full BTC-Parity 48-Clock Rotation — Fast Parity Result

ETH raw 5m coverage: **100.0000%**.

**Fast/original scorer parity at 16:00 across all partitions and F90/F85/F80: PASS.**

The acceleration only reuses one causal window per clock/day across the three frozen entry probes. Rules and support gates are unchanged from the M1R preregistration.

## All 48 clock placements

| Ref start | Exec start | Dev + | Dev median PF | Dev median exp | External + | Validation + | Supported |
|---:|---:|---:|---:|---:|---:|---:|---|
| 18:30 | 00:00 | 0/3 | 0.47 | -1.40 | 0/3 | 0/3 | NO |
| 19:00 | 00:30 | 0/3 | 0.41 | -1.98 | 0/3 | 0/3 | NO |
| 19:30 | 01:00 | 0/3 | 0.59 | -0.93 | 0/3 | 0/3 | NO |
| 20:00 | 01:30 | 0/3 | 0.88 | -0.24 | 1/3 | 0/3 | NO |
| 20:30 | 02:00 | 0/3 | 0.86 | -0.25 | 0/3 | 1/3 | NO |
| 21:00 | 02:30 | 1/3 | 1.03 | 0.06 | 3/3 | 3/3 | NO |
| 21:30 | 03:00 | 0/3 | 0.84 | -0.29 | 3/3 | 3/3 | NO |
| 22:00 | 03:30 | 0/3 | 0.70 | -0.58 | 3/3 | 2/3 | NO |
| 22:30 | 04:00 | 1/3 | 1.08 | 0.11 | 3/3 | 1/3 | NO |
| 23:00 | 04:30 | 1/3 | 1.02 | 0.03 | 3/3 | 3/3 | NO |
| 23:30 | 05:00 | 0/3 | 0.97 | -0.05 | 2/3 | 3/3 | NO |
| 00:00 | 05:30 | 0/3 | 0.91 | -0.18 | 1/3 | 3/3 | NO |
| 00:30 | 06:00 | 0/3 | 0.70 | -0.67 | 1/3 | 1/3 | NO |
| 01:00 | 06:30 | 1/3 | 0.86 | -0.27 | 3/3 | 3/3 | NO |
| 01:30 | 07:00 | 1/3 | 1.07 | 0.12 | 0/3 | 1/3 | NO |
| 02:00 | 07:30 | 0/3 | 0.63 | -0.77 | 3/3 | 3/3 | NO |
| 02:30 | 08:00 | 0/3 | 0.74 | -0.48 | 2/3 | 1/3 | NO |
| 03:00 | 08:30 | 0/3 | 0.87 | -0.22 | 0/3 | 2/3 | NO |
| 03:30 | 09:00 | 2/3 | 1.16 | 0.26 | 0/3 | 3/3 | NO |
| 04:00 | 09:30 | 3/3 | 1.50 | 0.63 | 3/3 | 3/3 | YES |
| 04:30 | 10:00 | 2/3 | 1.18 | 0.27 | 3/3 | 1/3 | NO |
| 05:00 | 10:30 | 0/3 | 0.78 | -0.46 | 3/3 | 3/3 | NO |
| 05:30 | 11:00 | 0/3 | 0.75 | -0.52 | 1/3 | 1/3 | NO |
| 06:00 | 11:30 | 0/3 | 0.63 | -0.88 | 3/3 | 0/3 | NO |
| 06:30 | 12:00 | 0/3 | 0.53 | -1.33 | 0/3 | 0/3 | NO |
| 07:00 | 12:30 | 0/3 | 0.56 | -1.16 | 1/3 | 0/3 | NO |
| 07:30 | 13:00 | 0/3 | 0.57 | -1.19 | 3/3 | 0/3 | NO |
| 08:00 | 13:30 | 0/3 | 0.71 | -0.76 | 2/3 | 3/3 | NO |
| 08:30 | 14:00 | 0/3 | 0.80 | -0.52 | 0/3 | 0/3 | NO |
| 09:00 | 14:30 | 0/3 | 0.57 | -1.22 | 1/3 | 3/3 | NO |
| 09:30 | 15:00 | 0/3 | 0.92 | -0.18 | 2/3 | 1/3 | NO |
| 10:00 | 15:30 | 3/3 | 2.01 | 1.05 | 2/3 | 1/3 | NO |
| 10:30 | 16:00 | 2/3 | 1.30 | 0.58 | 2/3 | 3/3 | YES |
| 11:00 | 16:30 | 3/3 | 1.30 | 0.62 | 2/3 | 0/3 | NO |
| 11:30 | 17:00 | 1/3 | 0.94 | -0.13 | 2/3 | 0/3 | NO |
| 12:00 | 17:30 | 1/3 | 1.09 | 0.17 | 0/3 | 0/3 | NO |
| 12:30 | 18:00 | 1/3 | 0.95 | -0.10 | 1/3 | 0/3 | NO |
| 13:00 | 18:30 | 1/3 | 0.78 | -0.48 | 0/3 | 0/3 | NO |
| 13:30 | 19:00 | 1/3 | 0.82 | -0.40 | 0/3 | 0/3 | NO |
| 14:00 | 19:30 | 0/3 | 0.66 | -0.81 | 0/3 | 0/3 | NO |
| 14:30 | 20:00 | 0/3 | 0.47 | -1.49 | 0/3 | 0/3 | NO |
| 15:00 | 20:30 | 0/3 | 0.62 | -0.98 | 0/3 | 2/3 | NO |
| 15:30 | 21:00 | 0/3 | 0.79 | -0.42 | 0/3 | 0/3 | NO |
| 16:00 | 21:30 | 0/3 | 0.77 | -0.44 | 0/3 | 0/3 | NO |
| 16:30 | 22:00 | 0/3 | 0.55 | -0.97 | 0/3 | 0/3 | NO |
| 17:00 | 22:30 | 0/3 | 0.57 | -0.95 | 0/3 | 0/3 | NO |
| 17:30 | 23:00 | 0/3 | 0.83 | -0.30 | 0/3 | 0/3 | NO |
| 18:00 | 23:30 | 0/3 | 0.41 | -1.53 | 0/3 | 0/3 | NO |

## Supported ETH clocks

| Ref start | Exec start | Dev + | Dev PF | External + | Validation + |
|---:|---:|---:|---:|---:|---:|
| 04:00 | 09:30 | 3/3 | 1.50 | 3/3 | 3/3 |
| 10:30 | 16:00 | 2/3 | 1.30 | 2/3 | 3/3 |

## Contiguous supported 30-minute runs

- Run 1: **09:30** (1 points; first-to-last width 0 minutes).
- Run 2: **16:00** (1 points; first-to-last width 0 minutes).

## Resolution audit

- Original 16:00 anchor supported: **YES**.
- Supported half-hour (`xx:30`) placements: **1**.
- Half-hour supported clocks: **09:30**.

**Status: ETH_M1R_MULTIPLE_ISOLATED_CLOCKS_SUPPORTED**

August remains diagnostic only and did not affect support.
H/H2 remains telemetry only and is not an optimization target.
Research only. No exchange writes and no live BBC changes.

