[1] BTCUSDT ERROR 451:{
  "code": 0,
  "msg": "Service unavailable from a restricted location accordin | 202:
[2] ETHUSDT ERROR 451:{
  "code": 0,
  "msg": "Service unavailable from a restricted location accordin | 202:
[3] BNBUSDT ERROR 451:{
  "code": 0,
  "msg": "Service unavailable from a restricted location accordin | 202:
[4] SOLUSDT ERROR 451:{
  "code": 0,
  "msg": "Service unavailable from a restricted location accordin | 202:
[5] XRPUSDT ERROR 451:{
  "code": 0,
  "msg": "Service unavailable from a restricted location accordin | 202:
[6] DOGEUSDT ERROR 451:{
  "code": 0,
  "msg": "Service unavailable from a restricted location accordin | 202:
[7] ADAUSDT ERROR 451:{
  "code": 0,
  "msg": "Service unavailable from a restricted location accordin | 202:
[8] LINKUSDT ERROR 451:{
  "code": 0,
  "msg": "Service unavailable from a restricted location accordin | 202:
[9] AVAXUSDT ERROR 451:{
  "code": 0,
  "msg": "Service unavailable from a restricted location accordin | 202:
[10] DOTUSDT ERROR 451:{
  "code": 0,
  "msg": "Service unavailable from a restricted location accordin | 202:
[11] LTCUSDT ERROR 451:{
  "code": 0,
  "msg": "Service unavailable from a restricted location accordin | 202:
[12] BCHUSDT ERROR 451:{
  "code": 0,
  "msg": "Service unavailable from a restricted location accordin | 202:
[13] TRXUSDT ERROR 451:{
  "code": 0,
  "msg": "Service unavailable from a restricted location accordin | 202:
[14] ETCUSDT ERROR 451:{
  "code": 0,
  "msg": "Service unavailable from a restricted location accordin | 202:
[15] XLMUSDT ERROR 451:{
  "code": 0,
  "msg": "Service unavailable from a restricted location accordin | 202:
[16] ATOMUSDT ERROR 451:{
  "code": 0,
  "msg": "Service unavailable from a restricted location accordin | 202:
[17] UNIUSDT ERROR 451:{
  "code": 0,
  "msg": "Service unavailable from a restricted location accordin | 202:
[18] AAVEUSDT ERROR 451:{
  "code": 0,
  "msg": "Service unavailable from a restricted location accordin | 202:
[19] NEARUSDT ERROR 451:{
  "code": 0,
  "msg": "Service unavailable from a restricted location accordin | 202:
[20] FILUSDT ERROR 451:{
  "code": 0,
  "msg": "Service unavailable from a restricted location accordin | 202:
[21] APTUSDT ERROR 451:{
  "code": 0,
  "msg": "Service unavailable from a restricted location accordin | 202:
[22] INJUSDT ERROR 451:{
  "code": 0,
  "msg": "Service unavailable from a restricted location accordin | 202:
[23] SUIUSDT ERROR 451:{
  "code": 0,
  "msg": "Service unavailable from a restricted location accordin | 202:
[24] OPUSDT ERROR 451:{
  "code": 0,
  "msg": "Service unavailable from a restricted location accordin | 202:
[25] ARBUSDT ERROR 451:{
  "code": 0,
  "msg": "Service unavailable from a restricted location accordin | 202:
[26] TIAUSDT ERROR 451:{
  "code": 0,
  "msg": "Service unavailable from a restricted location accordin | 202:
[27] SEIUSDT ERROR 451:{
  "code": 0,
  "msg": "Service unavailable from a restricted location accordin | 202:
[28] WLDUSDT ERROR 451:{
  "code": 0,
  "msg": "Service unavailable from a restricted location accordin | 202:
[29] ENAUSDT ERROR 451:{
  "code": 0,
  "msg": "Service unavailable from a restricted location accordin | 202:
[30] JUPUSDT ERROR 451:{
  "code": 0,
  "msg": "Service unavailable from a restricted location accordin | 202:
[31] WIFUSDT ERROR 451:{
  "code": 0,
  "msg": "Service unavailable from a restricted location accordin | 202:
[32] 1000PEPEUSDT ERROR 451:{
  "code": 0,
  "msg": "Service unavailable from a restricted location accordin | 202:
[33] FETUSDT ERROR 451:{
  "code": 0,
  "msg": "Service unavailable from a restricted location accordin | 202:
[34] RUNEUSDT ERROR 451:{
  "code": 0,
  "msg": "Service unavailable from a restricted location accordin | 202:
[35] LDOUSDT ERROR 451:{
  "code": 0,
  "msg": "Service unavailable from a restricted location accordin | 202:
[36] DYDXUSDT ERROR 451:{
  "code": 0,
  "msg": "Service unavailable from a restricted location accordin | 202:
[37] CRVUSDT ERROR 451:{
  "code": 0,
  "msg": "Service unavailable from a restricted location accordin | 202:
[38] STXUSDT ERROR 451:{
  "code": 0,
  "msg": "Service unavailable from a restricted location accordin | 202:
[39] PENDLEUSDT ERROR 451:{
  "code": 0,
  "msg": "Service unavailable from a restricted location accordin | 202:
[40] ORDIUSDT ERROR 451:{
  "code": 0,
  "msg": "Service unavailable from a restricted location accordin | 202:
[41] NOTUSDT ERROR 451:{
  "code": 0,
  "msg": "Service unavailable from a restricted location accordin | 202:
[42] CATIUSDT ERROR 451:{
  "code": 0,
  "msg": "Service unavailable from a restricted location accordin | 202:
[43] TONUSDT ERROR 451:{
  "code": 0,
  "msg": "Service unavailable from a restricted location accordin | 202:
[44] TAOUSDT ERROR 451:{
  "code": 0,
  "msg": "Service unavailable from a restricted location accordin | 202:
[45] RENDERUSDT ERROR 451:{
  "code": 0,
  "msg": "Service unavailable from a restricted location accordin | 202:
[46] POLUSDT ERROR 451:{
  "code": 0,
  "msg": "Service unavailable from a restricted location accordin | 202:
[47] NEIROUSDT ERROR 451:{
  "code": 0,
  "msg": "Service unavailable from a restricted location accordin | 202:
[48] KAIAUSDT ERROR 451:{
  "code": 0,
  "msg": "Service unavailable from a restricted location accordin | 202:
[49] GALAUSDT ERROR 451:{
  "code": 0,
  "msg": "Service unavailable from a restricted location accordin | 202:
[50] SANDUSDT ERROR 451:{
  "code": 0,
  "msg": "Service unavailable from a restricted location accordin | 202:
[51] MANAUSDT ERROR 451:{
  "code": 0,
  "msg": "Service unavailable from a restricted location accordin | 202:
[52] AXSUSDT ERROR 451:{
  "code": 0,
  "msg": "Service unavailable from a restricted location accordin | 202:
[53] APEUSDT ERROR 451:{
  "code": 0,
  "msg": "Service unavailable from a restricted location accordin | 202:
[54] IMXUSDT ERROR 451:{
  "code": 0,
  "msg": "Service unavailable from a restricted location accordin | 202:
[55] MKRUSDT ERROR 451:{
  "code": 0,
  "msg": "Service unavailable from a restricted location accordin | 202:
[56] COMPUSDT ERROR 451:{
  "code": 0,
  "msg": "Service unavailable from a restricted location accordin | 202:
Traceback (most recent call last):
  File "/home/runner/work/bababot-discovery/bababot-discovery/research/market_hunter_mh0_cross_sectional.py", line 354, in <module>
    if __name__=="__main__":main()
                            ^^^^^^
  File "/home/runner/work/bababot-discovery/bababot-discovery/research/market_hunter_mh0_cross_sectional.py", line 320, in main
    if len(data)<10: raise RuntimeError(f"only {len(data)} usable symbols")
                     ^^^^^^^^^^^^^^^^^^^^^^^^^^^^^^^^^^^^^^^^^^^^^^^^^^^^^^
RuntimeError: only 0 usable symbols
