SOL R4b Stage C 2024 Component Screen
commit=62bda0fe2ad3c0e84b522365dd7ff0a32b5745ac
source_registry=SOL_R4B_STAGEB_2023_STABLE_PLATEAUS.csv
frozen_plateaus=8 frozen_cells=21 no_reselection=true
Stage B H03 WIB: 2 frozen cells
Stage B H04 WIB: 2 frozen cells
Stage B H05 WIB: 4 frozen cells
Stage B H06 WIB: 3 frozen cells
Stage B H10 WIB: 2 frozen cells
Stage B H14 WIB: 5 frozen cells
Stage B H15 WIB: 3 frozen cells
# SOL R4b — Stage B 2023 Connected-Component Screen

**COMPONENT MEMBERSHIP WAS FROZEN FROM 2022. EACH CELL IS TESTED AT THE SAME COORDINATE IN 2023. 2024-2026 CLOSED.**

Frozen components tested: **8**. Frozen cells tested: **21**.
Stable plateaus: **1** across **1** WIB hours.
Partial plateau persistence: **0**. Narrow stable points: **0**.
Stable-plateau hours: **H05**.

| Hour | Rank | Character | Size | 2023 viable | Stable | Viable % | Median WR | Median Exp | Median PF | Max DD | Verdict |
|---:|---:|---|---:|---:|---:|---:|---:|---:|---:|---:|---|
| H03 | 1 | `DRIVE_UP__STR_B60_80` | 2 | 0 | 0 | 0.0% | 37.68% | $-1.26 | 0.722 | $149.92 | PLATEAU_DEGRADATION_FAIL |
| H04 | 1 | `EFF_MID__RANGE_MID` | 2 | 1 | 1 | 50.0% | 53.89% | $+1.67 | 1.569 | $109.45 | PLATEAU_DEGRADATION_FAIL |
| H05 | 1 | `DRIVE_DOWN__STR_B80_100` | 4 | 3 | 3 | 75.0% | 60.50% | $+2.93 | 3.100 | $120.82 | STABLE_PLATEAU_FROZEN |
| H06 | 3 | `DRIVE_DOWN__STR_B80_100` | 3 | 0 | 0 | 0.0% | 40.26% | $+0.25 | 1.080 | $171.19 | PLATEAU_DEGRADATION_FAIL |
| H10 | 1 | `RV_MID__RANGE_LOW` | 2 | 0 | 0 | 0.0% | 56.87% | $-0.17 | 0.947 | $113.67 | PLATEAU_DEGRADATION_FAIL |
| H14 | 2 | `DRIVE_UP__STR_B80_100` | 3 | 0 | 0 | 0.0% | 39.00% | $-2.33 | 0.547 | $430.80 | PLATEAU_DEGRADATION_FAIL |
| H14 | 3 | `EFF_LOW__RV_HIGH` | 2 | 0 | 0 | 0.0% | 43.37% | $-1.18 | 0.805 | $283.39 | PLATEAU_DEGRADATION_FAIL |
| H15 | 1 | `RV_HIGH__RANGE_MID` | 3 | 0 | 0 | 0.0% | 33.93% | $-3.62 | 0.401 | $257.51 | PLATEAU_DEGRADATION_FAIL |

## Stable plateaus frozen for Stage C

| Hour | Rank | Character | Size | 2023 viable/stable | Component cells |
|---:|---:|---|---:|---:|---|
| H05 | 1 | `DRIVE_DOWN__STR_B80_100` | 4 | 3/3 | LB180/H120;LB180/H240;LB240/H120;LB360/H120 |

No component or cell may be modified after observing these 2023 results.
