# BNB B38-S8 — Loss Recovery / Avoidance Matrix

**All mechanics applied to the whole eligible population. Baseline WIN sacrifice is explicitly measured.**

## Candidate-level result

| Period | Candidate | W-L | WR | Baseline WIN retention | WIN skipped | WIN lost | LOSS→WIN | LOSS skipped | Trade reduction | Exp | PF | Max DD |
|---|---|---:|---:|---:|---:|---:|---:|---:|---:|---:|---:|---:|
| DEV | BASELINE | 353-324 | 52.1% | 353/353 (100.0%) | 0 | 0 | 0 | 0 | 0 | 0.104R | 1.217 | 19.320R |
| DEV | C1_NO_CHASE_AFTER_1ZW | 265-285 | 48.2% | 265/353 (75.1%) | 88 | 0 | 0 | 39 | 128 | 0.093R | 1.179 | 17.785R |
| DEV | C2_CLOSE_BASED_INVALIDATION | 408-272 | 60.0% | 353/353 (100.0%) | 0 | 0 | 52 | 0 | 0 | 0.181R | 1.313 | 22.443R |
| DEV | C3_DELAYED_SWEEP_USE_TP1 | 358-319 | 52.9% | 353/353 (100.0%) | 0 | 0 | 5 | 0 | 0 | 0.106R | 1.226 | 19.380R |
| DEV | C4_CAP_TARGET_AT_1ZW | 458-214 | 68.2% | 353/353 (100.0%) | 0 | 0 | 105 | 0 | 0 | 0.021R | 1.067 | 21.028R |
| DEV | C5_CLOSE_INVALIDATION_PLUS_1ZW_CAP | 507-173 | 74.6% | 353/353 (100.0%) | 0 | 0 | 151 | 0 | 0 | 0.037R | 1.103 | 30.069R |
| REF | BASELINE | 212-187 | 53.1% | 212/212 (100.0%) | 0 | 0 | 0 | 0 | 0 | 0.062R | 1.132 | 12.530R |
| REF | C1_NO_CHASE_AFTER_1ZW | 159-167 | 48.8% | 159/212 (75.0%) | 53 | 0 | 0 | 20 | 73 | 0.042R | 1.082 | 11.908R |
| REF | C2_CLOSE_BASED_INVALIDATION | 240-159 | 60.2% | 212/212 (100.0%) | 0 | 0 | 28 | 0 | 0 | 0.062R | 1.108 | 17.253R |
| REF | C3_DELAYED_SWEEP_USE_TP1 | 213-186 | 53.4% | 212/212 (100.0%) | 0 | 0 | 1 | 0 | 0 | 0.052R | 1.113 | 13.376R |
| REF | C4_CAP_TARGET_AT_1ZW | 279-119 | 70.1% | 212/212 (100.0%) | 0 | 0 | 67 | 0 | 0 | 0.047R | 1.158 | 11.095R |
| REF | C5_CLOSE_INVALIDATION_PLUS_1ZW_CAP | 298-101 | 74.7% | 212/212 (100.0%) | 0 | 0 | 86 | 0 | 0 | 0.010R | 1.029 | 20.089R |

## Loss-category conversion matrix

### DEV

| Baseline loss category | Candidate | N | To WIN | Skipped | Still LOSS | Other |
|---|---|---:|---:|---:|---:|---:|
| ZONE_NOT_1ZW_VALID | C1_NO_CHASE_AFTER_1ZW | 176 | 0 | 0 | 176 | 0 |
| ZONE_NOT_1ZW_VALID | C2_CLOSE_BASED_INVALIDATION | 176 | 5 | 0 | 171 | 0 |
| ZONE_NOT_1ZW_VALID | C3_DELAYED_SWEEP_USE_TP1 | 176 | 0 | 0 | 176 | 0 |
| ZONE_NOT_1ZW_VALID | C4_CAP_TARGET_AT_1ZW | 176 | 29 | 0 | 147 | 0 |
| ZONE_NOT_1ZW_VALID | C5_CLOSE_INVALIDATION_PLUS_1ZW_CAP | 176 | 35 | 0 | 141 | 0 |
| ENTRY_LATE_AFTER_1ZW_MOVE | C1_NO_CHASE_AFTER_1ZW | 39 | 0 | 39 | 0 | 0 |
| ENTRY_LATE_AFTER_1ZW_MOVE | C2_CLOSE_BASED_INVALIDATION | 39 | 7 | 0 | 32 | 0 |
| ENTRY_LATE_AFTER_1ZW_MOVE | C3_DELAYED_SWEEP_USE_TP1 | 39 | 1 | 0 | 38 | 0 |
| ENTRY_LATE_AFTER_1ZW_MOVE | C4_CAP_TARGET_AT_1ZW | 39 | 0 | 0 | 39 | 0 |
| ENTRY_LATE_AFTER_1ZW_MOVE | C5_CLOSE_INVALIDATION_PLUS_1ZW_CAP | 39 | 7 | 0 | 32 | 0 |
| SL_FALSE_STOP_BEFORE_VALID_REBOUND | C1_NO_CHASE_AFTER_1ZW | 42 | 0 | 0 | 42 | 0 |
| SL_FALSE_STOP_BEFORE_VALID_REBOUND | C2_CLOSE_BASED_INVALIDATION | 42 | 29 | 0 | 13 | 0 |
| SL_FALSE_STOP_BEFORE_VALID_REBOUND | C3_DELAYED_SWEEP_USE_TP1 | 42 | 0 | 0 | 42 | 0 |
| SL_FALSE_STOP_BEFORE_VALID_REBOUND | C4_CAP_TARGET_AT_1ZW | 42 | 9 | 0 | 28 | 5 |
| SL_FALSE_STOP_BEFORE_VALID_REBOUND | C5_CLOSE_INVALIDATION_PLUS_1ZW_CAP | 42 | 42 | 0 | 0 | 0 |
| TP_OBJECTIVE_NOT_REACHED_AFTER_VALID_REBOUND | C1_NO_CHASE_AFTER_1ZW | 67 | 0 | 0 | 67 | 0 |
| TP_OBJECTIVE_NOT_REACHED_AFTER_VALID_REBOUND | C2_CLOSE_BASED_INVALIDATION | 67 | 11 | 0 | 56 | 0 |
| TP_OBJECTIVE_NOT_REACHED_AFTER_VALID_REBOUND | C3_DELAYED_SWEEP_USE_TP1 | 67 | 4 | 0 | 63 | 0 |
| TP_OBJECTIVE_NOT_REACHED_AFTER_VALID_REBOUND | C4_CAP_TARGET_AT_1ZW | 67 | 67 | 0 | 0 | 0 |
| TP_OBJECTIVE_NOT_REACHED_AFTER_VALID_REBOUND | C5_CLOSE_INVALIDATION_PLUS_1ZW_CAP | 67 | 67 | 0 | 0 | 0 |

### REF

| Baseline loss category | Candidate | N | To WIN | Skipped | Still LOSS | Other |
|---|---|---:|---:|---:|---:|---:|
| ZONE_NOT_1ZW_VALID | C1_NO_CHASE_AFTER_1ZW | 107 | 0 | 0 | 107 | 0 |
| ZONE_NOT_1ZW_VALID | C2_CLOSE_BASED_INVALIDATION | 107 | 1 | 0 | 106 | 0 |
| ZONE_NOT_1ZW_VALID | C3_DELAYED_SWEEP_USE_TP1 | 107 | 0 | 0 | 107 | 0 |
| ZONE_NOT_1ZW_VALID | C4_CAP_TARGET_AT_1ZW | 107 | 20 | 0 | 86 | 1 |
| ZONE_NOT_1ZW_VALID | C5_CLOSE_INVALIDATION_PLUS_1ZW_CAP | 107 | 23 | 0 | 84 | 0 |
| ENTRY_LATE_AFTER_1ZW_MOVE | C1_NO_CHASE_AFTER_1ZW | 20 | 0 | 20 | 0 | 0 |
| ENTRY_LATE_AFTER_1ZW_MOVE | C2_CLOSE_BASED_INVALIDATION | 20 | 3 | 0 | 17 | 0 |
| ENTRY_LATE_AFTER_1ZW_MOVE | C3_DELAYED_SWEEP_USE_TP1 | 20 | 1 | 0 | 19 | 0 |
| ENTRY_LATE_AFTER_1ZW_MOVE | C4_CAP_TARGET_AT_1ZW | 20 | 0 | 0 | 20 | 0 |
| ENTRY_LATE_AFTER_1ZW_MOVE | C5_CLOSE_INVALIDATION_PLUS_1ZW_CAP | 20 | 3 | 0 | 17 | 0 |
| SL_FALSE_STOP_BEFORE_VALID_REBOUND | C1_NO_CHASE_AFTER_1ZW | 20 | 0 | 0 | 20 | 0 |
| SL_FALSE_STOP_BEFORE_VALID_REBOUND | C2_CLOSE_BASED_INVALIDATION | 20 | 15 | 0 | 5 | 0 |
| SL_FALSE_STOP_BEFORE_VALID_REBOUND | C3_DELAYED_SWEEP_USE_TP1 | 20 | 0 | 0 | 20 | 0 |
| SL_FALSE_STOP_BEFORE_VALID_REBOUND | C4_CAP_TARGET_AT_1ZW | 20 | 7 | 0 | 13 | 0 |
| SL_FALSE_STOP_BEFORE_VALID_REBOUND | C5_CLOSE_INVALIDATION_PLUS_1ZW_CAP | 20 | 20 | 0 | 0 | 0 |
| TP_OBJECTIVE_NOT_REACHED_AFTER_VALID_REBOUND | C1_NO_CHASE_AFTER_1ZW | 40 | 0 | 0 | 40 | 0 |
| TP_OBJECTIVE_NOT_REACHED_AFTER_VALID_REBOUND | C2_CLOSE_BASED_INVALIDATION | 40 | 9 | 0 | 31 | 0 |
| TP_OBJECTIVE_NOT_REACHED_AFTER_VALID_REBOUND | C3_DELAYED_SWEEP_USE_TP1 | 40 | 0 | 0 | 40 | 0 |
| TP_OBJECTIVE_NOT_REACHED_AFTER_VALID_REBOUND | C4_CAP_TARGET_AT_1ZW | 40 | 40 | 0 | 0 | 0 |
| TP_OBJECTIVE_NOT_REACHED_AFTER_VALID_REBOUND | C5_CLOSE_INVALIDATION_PLUS_1ZW_CAP | 40 | 40 | 0 | 0 | 0 |

## Interpretation boundary
C1 is an avoidance rule; skipped losses are not wins.
C2/C4/C5 keep trade count intact and test whether execution mechanics alone can rescue losses.
C3 changes only the already-known structural target for delayed sweep.
No candidate is promoted to final policy in S8.
