# BNB B40-S10 — TP / XP1 Runner Geometry

XP1 signature: `3694b8e4ccfc089d7b65082b0acb784f0e77fdb873998542ee8ce12dfe69c3e8`
S10 signature: `c6212c9c15b61bd02a2328c55a246d69c4923843466fb21fd8500b7141248fab`

Entry = MARKET_SD1_CLOSE. Structural failure = aligned 15m close below protected-low.
XP1 activates causally on +0.5 event-R within <=60m from first retest.

## TP / runner economics

| Period | Policy | XP1 | Full target | Positive | Negative | Exp/signal | Total R | PF | MaxDD | Med +R | Med -R | Δ vs T1 | T1→1.5 XP1 | T1→2 XP1 | Stop after partial |
|---|---|---:|---:|---:|---:|---:|---:|---:|---:|---:|---:|---:|---:|---:|---:|
| DEV | FIXED_T1 | 93/286 (32.5%) | 163/286 (57.0%) | 163/286 (57.0%) | 94/286 (32.9%) | -0.015R | -4.214R | 0.966 | 25.388R | 0.763R | -1.184R | 0.000R | 15.5% | 7.0% | 0 |
| DEV | FIXED_T15 | 93/286 (32.5%) | 117/286 (40.9%) | 117/286 (40.9%) | 121/286 (42.3%) | -0.082R | -23.530R | 0.853 | 35.392R | 1.148R | -1.179R | -0.068R | 83.1% | 11.3% | 0 |
| DEV | FIXED_T2 | 93/286 (32.5%) | 84/286 (29.4%) | 84/286 (29.4%) | 136/286 (47.6%) | -0.178R | -50.767R | 0.722 | 61.114R | 1.557R | -1.184R | -0.163R | 83.1% | 63.4% | 0 |
| DEV | XP1_EXTEND_T15 | 93/286 (32.5%) | 151/286 (52.8%) | 151/286 (52.8%) | 104/286 (36.4%) | -0.003R | -0.749R | 0.995 | 22.435R | 0.889R | -1.195R | 0.012R | 83.1% | 11.3% | 0 |
| DEV | XP1_EXTEND_T2 | 93/286 (32.5%) | 137/286 (47.9%) | 137/286 (47.9%) | 110/286 (38.5%) | -0.029R | -8.228R | 0.944 | 27.086R | 0.903R | -1.195R | -0.014R | 83.1% | 63.4% | 0 |
| DEV | XP1_SCALE50_T15 | 93/286 (32.5%) | 151/286 (52.8%) | 153/286 (53.5%) | 104/286 (36.4%) | -0.009R | -2.482R | 0.981 | 23.912R | 0.838R | -1.167R | 0.006R | 83.1% | 11.3% | 10 |
| DEV | XP1_SCALE50_T2 | 93/286 (32.5%) | 137/286 (47.9%) | 147/286 (51.4%) | 110/286 (38.5%) | -0.022R | -6.221R | 0.953 | 26.015R | 0.874R | -1.159R | -0.007R | 83.1% | 63.4% | 16 |
| REF | FIXED_T1 | 57/160 (35.6%) | 99/160 (61.9%) | 99/160 (61.9%) | 44/160 (27.5%) | 0.135R | 21.552R | 1.394 | 8.233R | 0.787R | -1.154R | 0.000R | 2.2% | 2.2% | 0 |
| REF | FIXED_T15 | 57/160 (35.6%) | 67/160 (41.9%) | 67/160 (41.9%) | 58/160 (36.2%) | 0.053R | 8.540R | 1.121 | 11.887R | 1.219R | -1.145R | -0.081R | 76.1% | 4.3% | 0 |
| REF | FIXED_T2 | 57/160 (35.6%) | 53/160 (33.1%) | 53/160 (33.1%) | 62/160 (38.8%) | 0.051R | 8.118R | 1.105 | 16.005R | 1.648R | -1.162R | -0.084R | 76.1% | 65.2% | 0 |
| REF | XP1_EXTEND_T15 | 57/160 (35.6%) | 88/160 (55.0%) | 88/160 (55.0%) | 54/160 (33.8%) | 0.104R | 16.663R | 1.252 | 9.195R | 0.896R | -1.145R | -0.031R | 76.1% | 4.3% | 0 |
| REF | XP1_EXTEND_T2 | 57/160 (35.6%) | 83/160 (51.9%) | 83/160 (51.9%) | 57/160 (35.6%) | 0.120R | 19.229R | 1.272 | 14.275R | 0.918R | -1.159R | -0.015R | 76.1% | 65.2% | 0 |
| REF | XP1_SCALE50_T15 | 57/160 (35.6%) | 88/160 (55.0%) | 89/160 (55.6%) | 54/160 (33.8%) | 0.119R | 19.107R | 1.338 | 8.314R | 0.858R | -1.094R | -0.015R | 76.1% | 4.3% | 10 |
| REF | XP1_SCALE50_T2 | 57/160 (35.6%) | 83/160 (51.9%) | 86/160 (53.8%) | 57/160 (35.6%) | 0.127R | 20.391R | 1.353 | 10.806R | 0.883R | -1.072R | -0.007R | 76.1% | 65.2% | 13 |

## Annual stability

| Year | Policy | Exp/signal | Total R | PF | Positive | Negative | Δ vs T1 | MaxDD |
|---:|---|---:|---:|---:|---:|---:|---:|---:|
| 2022 | FIXED_T1 | -0.030R | -2.665R | 0.937 | 58.0% | 36.4% | 0.000R | 12.893R |
| 2022 | FIXED_T15 | -0.108R | -9.534R | 0.828 | 43.2% | 47.7% | -0.078R | 16.599R |
| 2022 | FIXED_T2 | -0.251R | -22.087R | 0.665 | 30.7% | 54.5% | -0.221R | 28.167R |
| 2022 | XP1_EXTEND_T15 | 0.023R | 1.992R | 1.045 | 55.7% | 38.6% | 0.053R | 10.630R |
| 2022 | XP1_EXTEND_T2 | -0.028R | -2.486R | 0.951 | 51.1% | 42.0% | 0.002R | 17.347R |
| 2022 | XP1_SCALE50_T15 | -0.004R | -0.337R | 0.992 | 55.7% | 38.6% | 0.026R | 11.425R |
| 2022 | XP1_SCALE50_T2 | -0.029R | -2.576R | 0.943 | 52.3% | 42.0% | 0.001R | 14.686R |
| 2023 | FIXED_T1 | -0.042R | -4.077R | 0.908 | 56.1% | 30.6% | 0.000R | 14.686R |
| 2023 | FIXED_T15 | -0.108R | -10.577R | 0.805 | 38.8% | 38.8% | -0.066R | 22.848R |
| 2023 | FIXED_T2 | -0.201R | -19.698R | 0.668 | 26.5% | 41.8% | -0.159R | 26.237R |
| 2023 | XP1_EXTEND_T15 | -0.025R | -2.493R | 0.948 | 52.0% | 33.7% | 0.016R | 15.015R |
| 2023 | XP1_EXTEND_T2 | -0.008R | -0.805R | 0.983 | 48.0% | 33.7% | 0.033R | 13.046R |
| 2023 | XP1_SCALE50_T15 | -0.034R | -3.285R | 0.927 | 53.1% | 33.7% | 0.008R | 14.851R |
| 2023 | XP1_SCALE50_T2 | -0.025R | -2.441R | 0.946 | 53.1% | 33.7% | 0.017R | 13.866R |
| 2024 | FIXED_T1 | 0.025R | 2.528R | 1.065 | 57.0% | 32.0% | 0.000R | 14.068R |
| 2024 | FIXED_T15 | -0.034R | -3.420R | 0.932 | 41.0% | 41.0% | -0.059R | 16.377R |
| 2024 | FIXED_T2 | -0.090R | -8.982R | 0.843 | 31.0% | 47.0% | -0.115R | 22.242R |
| 2024 | XP1_EXTEND_T15 | -0.002R | -0.249R | 0.995 | 51.0% | 37.0% | -0.028R | 13.795R |
| 2024 | XP1_EXTEND_T2 | -0.049R | -4.938R | 0.898 | 45.0% | 40.0% | -0.075R | 17.870R |
| 2024 | XP1_SCALE50_T15 | 0.011R | 1.140R | 1.028 | 52.0% | 37.0% | -0.014R | 13.932R |
| 2024 | XP1_SCALE50_T2 | -0.012R | -1.205R | 0.971 | 49.0% | 40.0% | -0.037R | 15.633R |
| 2025 | FIXED_T1 | 0.239R | 25.294R | 1.878 | 66.0% | 22.6% | 0.000R | 3.765R |
| 2025 | FIXED_T15 | 0.153R | 16.262R | 1.403 | 45.3% | 32.1% | -0.085R | 5.174R |
| 2025 | FIXED_T2 | 0.160R | 16.961R | 1.391 | 35.8% | 34.0% | -0.079R | 6.908R |
| 2025 | XP1_EXTEND_T15 | 0.204R | 21.629R | 1.586 | 59.4% | 29.2% | -0.035R | 6.085R |
| 2025 | XP1_EXTEND_T2 | 0.256R | 27.124R | 1.704 | 57.5% | 30.2% | 0.017R | 5.265R |
| 2025 | XP1_SCALE50_T15 | 0.221R | 23.461R | 1.781 | 59.4% | 29.2% | -0.017R | 3.167R |
| 2025 | XP1_SCALE50_T2 | 0.247R | 26.209R | 1.861 | 58.5% | 30.2% | 0.009R | 3.398R |
| 2026 | FIXED_T1 | -0.069R | -3.742R | 0.855 | 53.7% | 37.0% | 0.000R | 8.233R |
| 2026 | FIXED_T15 | -0.143R | -7.722R | 0.747 | 35.2% | 44.4% | -0.074R | 11.887R |
| 2026 | FIXED_T2 | -0.164R | -8.843R | 0.736 | 27.8% | 48.1% | -0.094R | 16.005R |
| 2026 | XP1_EXTEND_T15 | -0.092R | -4.966R | 0.829 | 46.3% | 42.6% | -0.023R | 9.195R |
| 2026 | XP1_EXTEND_T2 | -0.146R | -7.894R | 0.755 | 40.7% | 46.3% | -0.077R | 14.275R |
| 2026 | XP1_SCALE50_T15 | -0.081R | -4.354R | 0.835 | 48.1% | 42.6% | -0.011R | 8.314R |
| 2026 | XP1_SCALE50_T2 | -0.108R | -5.818R | 0.787 | 44.4% | 46.3% | -0.038R | 10.806R |

## XP1 runner diagnostics

| Period | Policy | XP1 N | T1 | T1.5 | T2 | T1→1.5 | T1→2 | Stop after partial | Unresolved | Incremental vs T1 |
|---|---|---:|---:|---:|---:|---:|---:|---:|---:|---:|
| DEV | XP1_EXTEND_T15 | 93 | 71 | 59 | 8 | 83.1% | 11.3% | 0 | 4 | 3.465R |
| DEV | XP1_EXTEND_T2 | 93 | 71 | 59 | 45 | 83.1% | 63.4% | 0 | 12 | -4.014R |
| DEV | XP1_SCALE50_T15 | 93 | 71 | 59 | 8 | 83.1% | 11.3% | 10 | 4 | 1.733R |
| DEV | XP1_SCALE50_T2 | 93 | 71 | 59 | 45 | 83.1% | 63.4% | 16 | 12 | -2.007R |
| REF | XP1_EXTEND_T15 | 57 | 46 | 35 | 2 | 76.1% | 4.3% | 0 | 4 | -4.889R |
| REF | XP1_EXTEND_T2 | 57 | 46 | 35 | 30 | 76.1% | 65.2% | 0 | 6 | -2.323R |
| REF | XP1_SCALE50_T15 | 57 | 46 | 35 | 2 | 76.1% | 4.3% | 10 | 4 | -2.445R |
| REF | XP1_SCALE50_T2 | 57 | 46 | 35 | 30 | 76.1% | 65.2% | 13 | 6 | -1.161R |

## Interpretation boundary
S10 changes TP/runner geometry only; demand, SD1, entry, protected-low, and close15 structural failure remain frozen.
XP1 is activated from the live raw path; future B40-S6 labels are not used to turn runners on.
Unresolved open runner weight contributes 0R rather than an invented mark-to-market value.
No leverage or dollar PnL is inferred from R in this stage.
