# BNB B38-S9 — Genuine Zone-Failure Structural Confirmation Audit

**No numeric threshold scan. Existing S3 entry decision only. S5 TP/SL unchanged.**

## Overall preservation / avoidance

| Period | Condition | Accepted W-L | WR | Trade retained | WIN retained | WIN rejected | LOSS rejected | Genuine zone-fail rejected | Valid-zone loss rejected | Loss reject / WIN sacrificed |
|---|---|---:|---:|---:|---:|---:|---:|---:|---:|---:|
| DEV | BASELINE_ALL | 353-324 | 52.1% | 100.0% | 353/353 (100.0%) | 0 | 0 | 0 | 0 | — |
| DEV | K1_BREAK_FIRST_TOUCH_HIGH | 21-4 | 84.0% | 3.7% | 21/353 (5.9%) | 332 | 320 | 175 | 145 | 0.96 |
| DEV | K2_BULLISH_DISPLACEMENT_BREAK_PREV_HIGH | 66-30 | 68.8% | 14.2% | 66/353 (18.7%) | 287 | 294 | 157 | 137 | 1.02 |
| DEV | K3_TWO_CLOSE_PROXIMAL_HOLD | 239-237 | 50.2% | 70.3% | 239/353 (67.7%) | 114 | 87 | 54 | 33 | 0.76 |
| DEV | K4_POST_TOUCH_CONFIRMED_MICRO_BOS | 6-4 | 60.0% | 1.5% | 6/353 (1.7%) | 347 | 320 | 174 | 146 | 0.92 |
| DEV | K5_BREAK_TOUCH_HIGH_AND_TWO_CLOSE_HOLD | 0-0 | — | 0.0% | 0/353 (0.0%) | 353 | 324 | 176 | 148 | 0.92 |
| REF | BASELINE_ALL | 212-187 | 53.1% | 100.0% | 212/212 (100.0%) | 0 | 0 | 0 | 0 | — |
| REF | K1_BREAK_FIRST_TOUCH_HIGH | 10-7 | 58.8% | 4.3% | 10/212 (4.7%) | 202 | 180 | 105 | 75 | 0.89 |
| REF | K2_BULLISH_DISPLACEMENT_BREAK_PREV_HIGH | 41-22 | 65.1% | 15.8% | 41/212 (19.3%) | 171 | 165 | 91 | 74 | 0.96 |
| REF | K3_TWO_CLOSE_PROXIMAL_HOLD | 139-134 | 50.9% | 68.4% | 139/212 (65.6%) | 73 | 53 | 29 | 24 | 0.73 |
| REF | K4_POST_TOUCH_CONFIRMED_MICRO_BOS | 2-2 | 50.0% | 1.0% | 2/212 (0.9%) | 210 | 185 | 105 | 80 | 0.88 |
| REF | K5_BREAK_TOUCH_HIGH_AND_TWO_CLOSE_HOLD | 0-0 | — | 0.0% | 0/212 (0.0%) | 212 | 187 | 107 | 80 | 0.88 |

## By execution mode

| Period | Mode | Condition | Accepted W-L | WR | WIN retention | Zone-fail rejected |
|---|---|---|---:|---:|---:|---:|
| DEV | DELAYED_CLEAN_RECLAIM | K1_BREAK_FIRST_TOUCH_HIGH | 13-3 | 81.2% | 16.0% | 39 |
| DEV | DELAYED_CLEAN_RECLAIM | K2_BULLISH_DISPLACEMENT_BREAK_PREV_HIGH | 41-14 | 74.5% | 50.6% | 30 |
| DEV | DELAYED_CLEAN_RECLAIM | K3_TWO_CLOSE_PROXIMAL_HOLD | 0-0 | — | 0.0% | 40 |
| DEV | DELAYED_CLEAN_RECLAIM | K4_POST_TOUCH_CONFIRMED_MICRO_BOS | 5-3 | 62.5% | 6.2% | 38 |
| DEV | DELAYED_CLEAN_RECLAIM | K5_BREAK_TOUCH_HIGH_AND_TWO_CLOSE_HOLD | 0-0 | — | 0.0% | 40 |
| DEV | DELAYED_SWEEP_RECLAIM | K1_BREAK_FIRST_TOUCH_HIGH | 8-1 | 88.9% | 24.2% | 14 |
| DEV | DELAYED_SWEEP_RECLAIM | K2_BULLISH_DISPLACEMENT_BREAK_PREV_HIGH | 17-16 | 51.5% | 51.5% | 5 |
| DEV | DELAYED_SWEEP_RECLAIM | K3_TWO_CLOSE_PROXIMAL_HOLD | 0-0 | — | 0.0% | 14 |
| DEV | DELAYED_SWEEP_RECLAIM | K4_POST_TOUCH_CONFIRMED_MICRO_BOS | 1-1 | 50.0% | 3.0% | 14 |
| DEV | DELAYED_SWEEP_RECLAIM | K5_BREAK_TOUCH_HIGH_AND_TWO_CLOSE_HOLD | 0-0 | — | 0.0% | 14 |
| DEV | IMMEDIATE_CLEAN_RECLAIM | K1_BREAK_FIRST_TOUCH_HIGH | 0-0 | — | 0.0% | 106 |
| DEV | IMMEDIATE_CLEAN_RECLAIM | K2_BULLISH_DISPLACEMENT_BREAK_PREV_HIGH | 8-0 | 100.0% | 3.9% | 106 |
| DEV | IMMEDIATE_CLEAN_RECLAIM | K3_TWO_CLOSE_PROXIMAL_HOLD | 205-206 | 49.9% | 100.0% | 0 |
| DEV | IMMEDIATE_CLEAN_RECLAIM | K4_POST_TOUCH_CONFIRMED_MICRO_BOS | 0-0 | — | 0.0% | 106 |
| DEV | IMMEDIATE_CLEAN_RECLAIM | K5_BREAK_TOUCH_HIGH_AND_TWO_CLOSE_HOLD | 0-0 | — | 0.0% | 106 |
| DEV | IMMEDIATE_SWEEP_RECLAIM | K1_BREAK_FIRST_TOUCH_HIGH | 0-0 | — | 0.0% | 16 |
| DEV | IMMEDIATE_SWEEP_RECLAIM | K2_BULLISH_DISPLACEMENT_BREAK_PREV_HIGH | 0-0 | — | 0.0% | 16 |
| DEV | IMMEDIATE_SWEEP_RECLAIM | K3_TWO_CLOSE_PROXIMAL_HOLD | 34-31 | 52.3% | 100.0% | 0 |
| DEV | IMMEDIATE_SWEEP_RECLAIM | K4_POST_TOUCH_CONFIRMED_MICRO_BOS | 0-0 | — | 0.0% | 16 |
| DEV | IMMEDIATE_SWEEP_RECLAIM | K5_BREAK_TOUCH_HIGH_AND_TWO_CLOSE_HOLD | 0-0 | — | 0.0% | 16 |
| REF | DELAYED_CLEAN_RECLAIM | K1_BREAK_FIRST_TOUCH_HIGH | 9-2 | 81.8% | 16.7% | 22 |
| REF | DELAYED_CLEAN_RECLAIM | K2_BULLISH_DISPLACEMENT_BREAK_PREV_HIGH | 21-11 | 65.6% | 38.9% | 14 |
| REF | DELAYED_CLEAN_RECLAIM | K3_TWO_CLOSE_PROXIMAL_HOLD | 0-0 | — | 0.0% | 22 |
| REF | DELAYED_CLEAN_RECLAIM | K4_POST_TOUCH_CONFIRMED_MICRO_BOS | 1-1 | 50.0% | 1.9% | 21 |
| REF | DELAYED_CLEAN_RECLAIM | K5_BREAK_TOUCH_HIGH_AND_TWO_CLOSE_HOLD | 0-0 | — | 0.0% | 22 |
| REF | DELAYED_SWEEP_RECLAIM | K1_BREAK_FIRST_TOUCH_HIGH | 1-5 | 16.7% | 5.3% | 5 |
| REF | DELAYED_SWEEP_RECLAIM | K2_BULLISH_DISPLACEMENT_BREAK_PREV_HIGH | 13-9 | 59.1% | 68.4% | 1 |
| REF | DELAYED_SWEEP_RECLAIM | K3_TWO_CLOSE_PROXIMAL_HOLD | 0-0 | — | 0.0% | 7 |
| REF | DELAYED_SWEEP_RECLAIM | K4_POST_TOUCH_CONFIRMED_MICRO_BOS | 1-1 | 50.0% | 5.3% | 6 |
| REF | DELAYED_SWEEP_RECLAIM | K5_BREAK_TOUCH_HIGH_AND_TWO_CLOSE_HOLD | 0-0 | — | 0.0% | 7 |
| REF | IMMEDIATE_CLEAN_RECLAIM | K1_BREAK_FIRST_TOUCH_HIGH | 0-0 | — | 0.0% | 75 |
| REF | IMMEDIATE_CLEAN_RECLAIM | K2_BULLISH_DISPLACEMENT_BREAK_PREV_HIGH | 7-2 | 77.8% | 6.2% | 73 |
| REF | IMMEDIATE_CLEAN_RECLAIM | K3_TWO_CLOSE_PROXIMAL_HOLD | 113-122 | 48.1% | 100.0% | 0 |
| REF | IMMEDIATE_CLEAN_RECLAIM | K4_POST_TOUCH_CONFIRMED_MICRO_BOS | 0-0 | — | 0.0% | 75 |
| REF | IMMEDIATE_CLEAN_RECLAIM | K5_BREAK_TOUCH_HIGH_AND_TWO_CLOSE_HOLD | 0-0 | — | 0.0% | 75 |
| REF | IMMEDIATE_SWEEP_RECLAIM | K1_BREAK_FIRST_TOUCH_HIGH | 0-0 | — | 0.0% | 3 |
| REF | IMMEDIATE_SWEEP_RECLAIM | K2_BULLISH_DISPLACEMENT_BREAK_PREV_HIGH | 0-0 | — | 0.0% | 3 |
| REF | IMMEDIATE_SWEEP_RECLAIM | K3_TWO_CLOSE_PROXIMAL_HOLD | 26-12 | 68.4% | 100.0% | 0 |
| REF | IMMEDIATE_SWEEP_RECLAIM | K4_POST_TOUCH_CONFIRMED_MICRO_BOS | 0-0 | — | 0.0% | 3 |
| REF | IMMEDIATE_SWEEP_RECLAIM | K5_BREAK_TOUCH_HIGH_AND_TWO_CLOSE_HOLD | 0-0 | — | 0.0% | 3 |

## Interpretation boundary
A rejected trade is an avoided entry, not a converted WIN.
The primary question is whether any native structural confirmation rejects genuine zone failures at a much higher rate than it rejects baseline WINs.
No K-condition is promoted to a final detector in S9.
